Archive member included to satisfy reference by file (symbol)

/usr/lib/gcc/arm-none-eabi/9.2.1/../../../arm-none-eabi/lib/thumb/v7e-m+dp/hard/libc_nano.a(lib_a-atexit.o)
                              /usr/lib/gcc/arm-none-eabi/9.2.1/../../../arm-none-eabi/lib/thumb/v7e-m+dp/hard/crt0.o (atexit)
/usr/lib/gcc/arm-none-eabi/9.2.1/../../../arm-none-eabi/lib/thumb/v7e-m+dp/hard/libc_nano.a(lib_a-exit.o)
                              /usr/lib/gcc/arm-none-eabi/9.2.1/../../../arm-none-eabi/lib/thumb/v7e-m+dp/hard/crt0.o (exit)
/usr/lib/gcc/arm-none-eabi/9.2.1/../../../arm-none-eabi/lib/thumb/v7e-m+dp/hard/libc_nano.a(lib_a-fini.o)
                              /usr/lib/gcc/arm-none-eabi/9.2.1/../../../arm-none-eabi/lib/thumb/v7e-m+dp/hard/crt0.o (__libc_fini_array)
/usr/lib/gcc/arm-none-eabi/9.2.1/../../../arm-none-eabi/lib/thumb/v7e-m+dp/hard/libc_nano.a(lib_a-impure.o)
                              /usr/lib/gcc/arm-none-eabi/9.2.1/../../../arm-none-eabi/lib/thumb/v7e-m+dp/hard/libc_nano.a(lib_a-exit.o) (_global_impure_ptr)
/usr/lib/gcc/arm-none-eabi/9.2.1/../../../arm-none-eabi/lib/thumb/v7e-m+dp/hard/libc_nano.a(lib_a-init.o)
                              /usr/lib/gcc/arm-none-eabi/9.2.1/../../../arm-none-eabi/lib/thumb/v7e-m+dp/hard/crt0.o (__libc_init_array)
/usr/lib/gcc/arm-none-eabi/9.2.1/../../../arm-none-eabi/lib/thumb/v7e-m+dp/hard/libc_nano.a(lib_a-memset.o)
                              /usr/lib/gcc/arm-none-eabi/9.2.1/../../../arm-none-eabi/lib/thumb/v7e-m+dp/hard/crt0.o (memset)
/usr/lib/gcc/arm-none-eabi/9.2.1/../../../arm-none-eabi/lib/thumb/v7e-m+dp/hard/libc_nano.a(lib_a-__atexit.o)
                              /usr/lib/gcc/arm-none-eabi/9.2.1/../../../arm-none-eabi/lib/thumb/v7e-m+dp/hard/libc_nano.a(lib_a-atexit.o) (__register_exitproc)
/usr/lib/gcc/arm-none-eabi/9.2.1/../../../arm-none-eabi/lib/thumb/v7e-m+dp/hard/libc_nano.a(lib_a-__call_atexit.o)
                              /usr/lib/gcc/arm-none-eabi/9.2.1/../../../arm-none-eabi/lib/thumb/v7e-m+dp/hard/libc_nano.a(lib_a-__atexit.o) (__call_exitprocs)
/usr/lib/gcc/arm-none-eabi/9.2.1/../../../arm-none-eabi/lib/thumb/v7e-m+dp/hard/libnosys.a(_exit.o)
                              /usr/lib/gcc/arm-none-eabi/9.2.1/../../../arm-none-eabi/lib/thumb/v7e-m+dp/hard/libc_nano.a(lib_a-exit.o) (_exit)
/usr/lib/gcc/arm-none-eabi/9.2.1/thumb/v7e-m+dp/hard/libgcc.a(_aeabi_uldivmod.o)
                              build/stm32f7xx_hal_rcc.o (__aeabi_uldivmod)
/usr/lib/gcc/arm-none-eabi/9.2.1/thumb/v7e-m+dp/hard/libgcc.a(_udivmoddi4.o)
                              /usr/lib/gcc/arm-none-eabi/9.2.1/thumb/v7e-m+dp/hard/libgcc.a(_aeabi_uldivmod.o) (__udivmoddi4)
/usr/lib/gcc/arm-none-eabi/9.2.1/thumb/v7e-m+dp/hard/libgcc.a(_dvmd_tls.o)
                              /usr/lib/gcc/arm-none-eabi/9.2.1/thumb/v7e-m+dp/hard/libgcc.a(_aeabi_uldivmod.o) (__aeabi_ldiv0)

Allocating common symbols
Common symbol       size              file

i2c_handle          0x4c              build/i2c.o
hpcd                0x404             build/usbd_conf.o
uwTick              0x4               build/stm32f7xx_hal.o
pFlash              0x1c              build/stm32f7xx_hal_flash.o
USBD_Device         0x2d0             build/main.o
hidClassData        0x54              build/usbd_hid.o
USBD_StrDesc        0x100             build/usbd_desc.o

Discarded input sections

 .text          0x0000000000000000        0x0 /usr/lib/gcc/arm-none-eabi/9.2.1/thumb/v7e-m+dp/hard/crti.o
 .data          0x0000000000000000        0x0 /usr/lib/gcc/arm-none-eabi/9.2.1/thumb/v7e-m+dp/hard/crti.o
 .bss           0x0000000000000000        0x0 /usr/lib/gcc/arm-none-eabi/9.2.1/thumb/v7e-m+dp/hard/crti.o
 .data          0x0000000000000000        0x4 /usr/lib/gcc/arm-none-eabi/9.2.1/thumb/v7e-m+dp/hard/crtbegin.o
 .text          0x0000000000000000       0x70 /usr/lib/gcc/arm-none-eabi/9.2.1/../../../arm-none-eabi/lib/thumb/v7e-m+dp/hard/crt0.o
 .data          0x0000000000000000        0x0 /usr/lib/gcc/arm-none-eabi/9.2.1/../../../arm-none-eabi/lib/thumb/v7e-m+dp/hard/crt0.o
 .bss           0x0000000000000000        0x0 /usr/lib/gcc/arm-none-eabi/9.2.1/../../../arm-none-eabi/lib/thumb/v7e-m+dp/hard/crt0.o
 .ARM.extab     0x0000000000000000        0x0 /usr/lib/gcc/arm-none-eabi/9.2.1/../../../arm-none-eabi/lib/thumb/v7e-m+dp/hard/crt0.o
 .ARM.exidx     0x0000000000000000       0x10 /usr/lib/gcc/arm-none-eabi/9.2.1/../../../arm-none-eabi/lib/thumb/v7e-m+dp/hard/crt0.o
 .debug_line    0x0000000000000000       0x87 /usr/lib/gcc/arm-none-eabi/9.2.1/../../../arm-none-eabi/lib/thumb/v7e-m+dp/hard/crt0.o
 .debug_info    0x0000000000000000       0x26 /usr/lib/gcc/arm-none-eabi/9.2.1/../../../arm-none-eabi/lib/thumb/v7e-m+dp/hard/crt0.o
 .debug_abbrev  0x0000000000000000       0x14 /usr/lib/gcc/arm-none-eabi/9.2.1/../../../arm-none-eabi/lib/thumb/v7e-m+dp/hard/crt0.o
 .debug_aranges
                0x0000000000000000       0x20 /usr/lib/gcc/arm-none-eabi/9.2.1/../../../arm-none-eabi/lib/thumb/v7e-m+dp/hard/crt0.o
[...]
Memory Configuration

Name             Origin             Length             Attributes
RAM              0x0000000020000000 0x0000000000080000 xrw
FLASH            0x0000000008000000 0x0000000000200000 xr
*default*        0x0000000000000000 0xffffffffffffffff

Linker script and memory map

LOAD /usr/lib/gcc/arm-none-eabi/9.2.1/thumb/v7e-m+dp/hard/crti.o
LOAD /usr/lib/gcc/arm-none-eabi/9.2.1/thumb/v7e-m+dp/hard/crtbegin.o
LOAD /usr/lib/gcc/arm-none-eabi/9.2.1/../../../arm-none-eabi/lib/thumb/v7e-m+dp/hard/crt0.o
LOAD build/main.o
LOAD build/usbd_conf.o
LOAD build/usbd_desc.o
LOAD build/usbd_hid.o
LOAD build/usbd_hid_if.o
LOAD build/stm32f7xx_it.o
LOAD build/i2c.o
LOAD build/usbd.o
LOAD build/stm32f7xx_hal_msp.o
LOAD build/stm32f7xx_hal_pcd.o
LOAD build/stm32f7xx_hal_pcd_ex.o
LOAD build/stm32f7xx_ll_usb.o
LOAD build/stm32f7xx_hal_rcc.o
LOAD build/stm32f7xx_hal_rcc_ex.o
LOAD build/stm32f7xx_hal_flash.o
LOAD build/stm32f7xx_hal_flash_ex.o
LOAD build/stm32f7xx_hal_gpio.o
LOAD build/stm32f7xx_hal_dma.o
LOAD build/stm32f7xx_hal_dma_ex.o
LOAD build/stm32f7xx_hal_pwr.o
LOAD build/stm32f7xx_hal_pwr_ex.o
LOAD build/stm32f7xx_hal_cortex.o
LOAD build/stm32f7xx_hal.o
LOAD build/stm32f7xx_hal_i2c.o
LOAD build/stm32f7xx_hal_i2c_ex.o
LOAD build/stm32f7xx_hal_exti.o
LOAD build/stm32f7xx_hal_tim.o
LOAD build/stm32f7xx_hal_tim_ex.o
LOAD build/system_stm32f7xx.o
LOAD build/usbd_core.o
LOAD build/usbd_ctlreq.o
LOAD build/usbd_ioreq.o
LOAD build/startup_stm32f767xx.o
LOAD /usr/lib/gcc/arm-none-eabi/9.2.1/../../../arm-none-eabi/lib/thumb/v7e-m+dp/hard/libc_nano.a
LOAD /usr/lib/gcc/arm-none-eabi/9.2.1/../../../arm-none-eabi/lib/thumb/v7e-m+dp/hard/libm.a
LOAD /usr/lib/gcc/arm-none-eabi/9.2.1/../../../arm-none-eabi/lib/thumb/v7e-m+dp/hard/libnosys.a
START GROUP
LOAD /usr/lib/gcc/arm-none-eabi/9.2.1/thumb/v7e-m+dp/hard/libgcc.a
LOAD /usr/lib/gcc/arm-none-eabi/9.2.1/../../../arm-none-eabi/lib/thumb/v7e-m+dp/hard/libc_nano.a
END GROUP
START GROUP
LOAD /usr/lib/gcc/arm-none-eabi/9.2.1/thumb/v7e-m+dp/hard/libgcc.a
LOAD /usr/lib/gcc/arm-none-eabi/9.2.1/../../../arm-none-eabi/lib/thumb/v7e-m+dp/hard/libc_nano.a
END GROUP
LOAD /usr/lib/gcc/arm-none-eabi/9.2.1/thumb/v7e-m+dp/hard/crtend.o
LOAD /usr/lib/gcc/arm-none-eabi/9.2.1/thumb/v7e-m+dp/hard/crtn.o
                0x0000000020080000                _estack = 0x20080000
                0x0000000000000200                _Min_Heap_Size = 0x200
                0x0000000000000400                _Min_Stack_Size = 0x400

.isr_vector     0x0000000008000000      0x1f8
                0x0000000008000000                . = ALIGN (0x4)
 *(.isr_vector)
 .isr_vector    0x0000000008000000      0x1f8 build/startup_stm32f767xx.o
                0x0000000008000000                g_pfnVectors
                0x00000000080001f8                . = ALIGN (0x4)

.text           0x00000000080001f8      0x848
                0x00000000080001f8                . = ALIGN (0x4)
 *(.text)
 .text          0x00000000080001f8       0x88 /usr/lib/gcc/arm-none-eabi/9.2.1/thumb/v7e-m+dp/hard/crtbegin.o
 .text          0x0000000008000280       0x48 /usr/lib/gcc/arm-none-eabi/9.2.1/../../../arm-none-eabi/lib/thumb/v7e-m+dp/hard/libc_nano.a(lib_a-init.o)
                0x0000000008000280                __libc_init_array
 *(.text*)
 .text.SystemClock_Config
                0x00000000080002c8       0x38 build/main.o
                0x00000000080002c8                SystemClock_Config
 .text.main     0x0000000008000300       0x1c build/main.o
                0x0000000008000300                main
 .text.USBD_LL_Start
                0x000000000800031c        0xe build/usbd_conf.o
                0x000000000800031c                USBD_LL_Start
 .text.USBD_LL_Transmit
                0x000000000800032a        0xe build/usbd_conf.o
                0x000000000800032a                USBD_LL_Transmit
 .text.NMI_Handler
                0x0000000008000338        0x2 build/stm32f7xx_it.o
                0x0000000008000338                NMI_Handler
 .text.HardFault_Handler
                0x000000000800033a        0x2 build/stm32f7xx_it.o
                0x000000000800033a                HardFault_Handler
 .text.MemManage_Handler
                0x000000000800033c        0x2 build/stm32f7xx_it.o
                0x000000000800033c                MemManage_Handler
 .text.BusFault_Handler
                0x000000000800033e        0x2 build/stm32f7xx_it.o
                0x000000000800033e                BusFault_Handler
 .text.UsageFault_Handler
                0x0000000008000340        0x2 build/stm32f7xx_it.o
                0x0000000008000340                UsageFault_Handler
 .text.SVC_Handler
                0x0000000008000342        0x2 build/stm32f7xx_it.o
                0x0000000008000342                SVC_Handler
 .text.DebugMon_Handler
                0x0000000008000344        0x2 build/stm32f7xx_it.o
                0x0000000008000344                DebugMon_Handler
 .text.PendSV_Handler
                0x0000000008000346        0x2 build/stm32f7xx_it.o
                0x0000000008000346                PendSV_Handler
 .text.SysTick_Handler
                0x0000000008000348        0x8 build/stm32f7xx_it.o
                0x0000000008000348                SysTick_Handler
 .text.OTG_FS_IRQHandler
                0x0000000008000350        0x2 build/stm32f7xx_it.o
                0x0000000008000350                OTG_FS_IRQHandler
 *fill*         0x0000000008000352        0x2 
 .text.I2C_Init
                0x0000000008000354       0x24 build/i2c.o
 .text.I2C_DeInit
                0x0000000008000378       0x10 build/i2c.o
 .text.I2C_Run_In_Thread_Mode
                0x0000000008000388       0x7c build/i2c.o
                0x0000000008000388                I2C_Run_In_Thread_Mode
 .text.HAL_MspInit
                0x0000000008000404       0x30 build/stm32f7xx_hal_msp.o
                0x0000000008000404                HAL_MspInit
 .text.HAL_PCD_Start
                0x0000000008000434       0x2a build/stm32f7xx_hal_pcd.o
                0x0000000008000434                HAL_PCD_Start
 .text.HAL_PCD_EP_Transmit
                0x000000000800045e       0x56 build/stm32f7xx_hal_pcd.o
                0x000000000800045e                HAL_PCD_EP_Transmit
 .text.USB_EnableGlobalInt
                0x00000000080004b4        0xc build/stm32f7xx_ll_usb.o
                0x00000000080004b4                USB_EnableGlobalInt
 .text.USB_EP0StartXfer
                0x00000000080004c0      0x118 build/stm32f7xx_ll_usb.o
                0x00000000080004c0                USB_EP0StartXfer
 .text.USB_WritePacket
                0x00000000080005d8       0x28 build/stm32f7xx_ll_usb.o
                0x00000000080005d8                USB_WritePacket
 .text.USB_EPStartXfer
                0x0000000008000600      0x214 build/stm32f7xx_ll_usb.o
                0x0000000008000600                USB_EPStartXfer
 .text.USB_DevConnect
                0x0000000008000814       0x1c build/stm32f7xx_ll_usb.o
                0x0000000008000814                USB_DevConnect
 .text.HAL_NVIC_SetPriorityGrouping
                0x0000000008000830       0x24 build/stm32f7xx_hal_cortex.o
                0x0000000008000830                HAL_NVIC_SetPriorityGrouping
 .text.HAL_NVIC_SetPriority
                0x0000000008000854       0x64 build/stm32f7xx_hal_cortex.o
                0x0000000008000854                HAL_NVIC_SetPriority
 .text.HAL_SYSTICK_Config
                0x00000000080008b8       0x2c build/stm32f7xx_hal_cortex.o
                0x00000000080008b8                HAL_SYSTICK_Config
 .text.HAL_InitTick
                0x00000000080008e4       0x4c build/stm32f7xx_hal.o
                0x00000000080008e4                HAL_InitTick
 .text.HAL_Init
                0x0000000008000930       0x16 build/stm32f7xx_hal.o
                0x0000000008000930                HAL_Init
 *fill*         0x0000000008000946        0x2 
 .text.HAL_IncTick
                0x0000000008000948       0x18 build/stm32f7xx_hal.o
                0x0000000008000948                HAL_IncTick
 .text.SystemInit
                0x0000000008000960       0x50 build/system_stm32f7xx.o
                0x0000000008000960                SystemInit
 .text.USBD_Start
                0x00000000080009b0        0x8 build/usbd_core.o
                0x00000000080009b0                USBD_Start
 .text.USBD_CtlSendData
                0x00000000080009b8       0x1a build/usbd_ioreq.o
                0x00000000080009b8                USBD_CtlSendData
 *fill*         0x00000000080009d2        0x2 
 .text.Reset_Handler
                0x00000000080009d4       0x50 build/startup_stm32f767xx.o
                0x00000000080009d4                Reset_Handler
 .text.Default_Handler
                0x0000000008000a24        0x2 build/startup_stm32f767xx.o
                0x0000000008000a24                RTC_Alarm_IRQHandler
                0x0000000008000a24                EXTI2_IRQHandler
                0x0000000008000a24                TIM8_CC_IRQHandler
                0x0000000008000a24                UART8_IRQHandler
                0x0000000008000a24                SPI4_IRQHandler
                0x0000000008000a24                TIM1_CC_IRQHandler
                0x0000000008000a24                DMA2_Stream5_IRQHandler
                0x0000000008000a24                JPEG_IRQHandler
                0x0000000008000a24                DMA1_Stream5_IRQHandler
                0x0000000008000a24                CAN3_RX1_IRQHandler
                0x0000000008000a24                PVD_IRQHandler
                0x0000000008000a24                TAMP_STAMP_IRQHandler
                0x0000000008000a24                CAN2_RX1_IRQHandler
                0x0000000008000a24                EXTI3_IRQHandler
                0x0000000008000a24                TIM8_TRG_COM_TIM14_IRQHandler
                0x0000000008000a24                DFSDM1_FLT1_IRQHandler
                0x0000000008000a24                TIM1_UP_TIM10_IRQHandler
                0x0000000008000a24                TIM8_UP_TIM13_IRQHandler
                0x0000000008000a24                I2C3_ER_IRQHandler
                0x0000000008000a24                DFSDM1_FLT2_IRQHandler
                0x0000000008000a24                EXTI0_IRQHandler
                0x0000000008000a24                I2C2_EV_IRQHandler
                0x0000000008000a24                DMA1_Stream2_IRQHandler
                0x0000000008000a24                CAN1_RX0_IRQHandler
                0x0000000008000a24                FPU_IRQHandler
                0x0000000008000a24                OTG_HS_WKUP_IRQHandler
                0x0000000008000a24                CAN3_SCE_IRQHandler
                0x0000000008000a24                LTDC_ER_IRQHandler
                0x0000000008000a24                CAN2_SCE_IRQHandler
                0x0000000008000a24                DMA2_Stream2_IRQHandler
                0x0000000008000a24                SPI1_IRQHandler
                0x0000000008000a24                TIM6_DAC_IRQHandler
                0x0000000008000a24                TIM1_BRK_TIM9_IRQHandler
                0x0000000008000a24                DCMI_IRQHandler
                0x0000000008000a24                CAN2_RX0_IRQHandler
                0x0000000008000a24                DMA2_Stream3_IRQHandler
                0x0000000008000a24                SAI2_IRQHandler
                0x0000000008000a24                DFSDM1_FLT3_IRQHandler
                0x0000000008000a24                USART6_IRQHandler
                0x0000000008000a24                CAN3_RX0_IRQHandler
                0x0000000008000a24                USART3_IRQHandler
                0x0000000008000a24                CAN1_RX1_IRQHandler
                0x0000000008000a24                UART5_IRQHandler
                0x0000000008000a24                DMA2_Stream0_IRQHandler
                0x0000000008000a24                TIM4_IRQHandler
                0x0000000008000a24                QUADSPI_IRQHandler
                0x0000000008000a24                I2C1_EV_IRQHandler
                0x0000000008000a24                DMA1_Stream6_IRQHandler
                0x0000000008000a24                DMA1_Stream1_IRQHandler
                0x0000000008000a24                UART4_IRQHandler
                0x0000000008000a24                TIM3_IRQHandler
                0x0000000008000a24                RCC_IRQHandler
                0x0000000008000a24                TIM8_BRK_TIM12_IRQHandler
                0x0000000008000a24                Default_Handler
                0x0000000008000a24                CEC_IRQHandler
                0x0000000008000a24                EXTI15_10_IRQHandler
                0x0000000008000a24                ADC_IRQHandler
                0x0000000008000a24                DMA1_Stream7_IRQHandler
                0x0000000008000a24                SPI5_IRQHandler
                0x0000000008000a24                TIM7_IRQHandler
                0x0000000008000a24                SDMMC1_IRQHandler
                0x0000000008000a24                CAN2_TX_IRQHandler
                0x0000000008000a24                TIM5_IRQHandler
                0x0000000008000a24                DMA2_Stream7_IRQHandler
                0x0000000008000a24                I2C3_EV_IRQHandler
                0x0000000008000a24                EXTI9_5_IRQHandler
                0x0000000008000a24                RTC_WKUP_IRQHandler
                0x0000000008000a24                LTDC_IRQHandler
                0x0000000008000a24                ETH_WKUP_IRQHandler
                0x0000000008000a24                SPDIF_RX_IRQHandler
                0x0000000008000a24                SPI2_IRQHandler
                0x0000000008000a24                OTG_HS_EP1_IN_IRQHandler
                0x0000000008000a24                DMA1_Stream0_IRQHandler
                0x0000000008000a24                CAN1_TX_IRQHandler
                0x0000000008000a24                EXTI4_IRQHandler
                0x0000000008000a24                RNG_IRQHandler
                0x0000000008000a24                ETH_IRQHandler
                0x0000000008000a24                OTG_HS_EP1_OUT_IRQHandler
                0x0000000008000a24                WWDG_IRQHandler
                0x0000000008000a24                SPI6_IRQHandler
                0x0000000008000a24                MDIOS_IRQHandler
                0x0000000008000a24                I2C4_EV_IRQHandler
                0x0000000008000a24                CAN3_TX_IRQHandler
                0x0000000008000a24                TIM2_IRQHandler
                0x0000000008000a24                OTG_FS_WKUP_IRQHandler
                0x0000000008000a24                TIM1_TRG_COM_TIM11_IRQHandler
                0x0000000008000a24                OTG_HS_IRQHandler
                0x0000000008000a24                DMA2D_IRQHandler
                0x0000000008000a24                EXTI1_IRQHandler
                0x0000000008000a24                SDMMC2_IRQHandler
                0x0000000008000a24                UART7_IRQHandler
                0x0000000008000a24                USART2_IRQHandler
                0x0000000008000a24                DFSDM1_FLT0_IRQHandler
                0x0000000008000a24                I2C2_ER_IRQHandler
                0x0000000008000a24                DMA2_Stream1_IRQHandler
                0x0000000008000a24                CAN1_SCE_IRQHandler
                0x0000000008000a24                FLASH_IRQHandler
                0x0000000008000a24                DMA2_Stream4_IRQHandler
                0x0000000008000a24                USART1_IRQHandler
                0x0000000008000a24                SPI3_IRQHandler
                0x0000000008000a24                DMA1_Stream4_IRQHandler
                0x0000000008000a24                I2C1_ER_IRQHandler
                0x0000000008000a24                FMC_IRQHandler
                0x0000000008000a24                LPTIM1_IRQHandler
                0x0000000008000a24                I2C4_ER_IRQHandler
                0x0000000008000a24                DMA2_Stream6_IRQHandler
                0x0000000008000a24                SAI1_IRQHandler
                0x0000000008000a24                DMA1_Stream3_IRQHandler
 *(.glue_7)
 .glue_7        0x0000000008000a26        0x0 linker stubs
 *(.glue_7t)
 .glue_7t       0x0000000008000a26        0x0 linker stubs
 *(.eh_frame)
 *fill*         0x0000000008000a26        0x2 
 .eh_frame      0x0000000008000a28        0x0 /usr/lib/gcc/arm-none-eabi/9.2.1/thumb/v7e-m+dp/hard/crtbegin.o
 *(.init)
 .init          0x0000000008000a28        0x4 /usr/lib/gcc/arm-none-eabi/9.2.1/thumb/v7e-m+dp/hard/crti.o
                0x0000000008000a28                _init
 .init          0x0000000008000a2c        0x8 /usr/lib/gcc/arm-none-eabi/9.2.1/thumb/v7e-m+dp/hard/crtn.o
 *(.fini)
 .fini          0x0000000008000a34        0x4 /usr/lib/gcc/arm-none-eabi/9.2.1/thumb/v7e-m+dp/hard/crti.o
                0x0000000008000a34                _fini
 .fini          0x0000000008000a38        0x8 /usr/lib/gcc/arm-none-eabi/9.2.1/thumb/v7e-m+dp/hard/crtn.o
                0x0000000008000a40                . = ALIGN (0x4)
                0x0000000008000a40                _etext = .

.vfp11_veneer   0x0000000008000a40        0x0
 .vfp11_veneer  0x0000000008000a40        0x0 linker stubs

.v4_bx          0x0000000008000a40        0x0
 .v4_bx         0x0000000008000a40        0x0 linker stubs

.iplt           0x0000000008000a40        0x0
 .iplt          0x0000000008000a40        0x0 /usr/lib/gcc/arm-none-eabi/9.2.1/thumb/v7e-m+dp/hard/crtbegin.o

.rel.dyn        0x0000000008000a40        0x0
 .rel.iplt      0x0000000008000a40        0x0 /usr/lib/gcc/arm-none-eabi/9.2.1/thumb/v7e-m+dp/hard/crtbegin.o

.rodata         0x0000000008000a40        0x0
                0x0000000008000a40                . = ALIGN (0x4)
 *(.rodata)
 *(.rodata*)
                0x0000000008000a40                . = ALIGN (0x4)

.ARM.extab
 *(.ARM.extab* .gnu.linkonce.armextab.*)

.ARM            0x0000000008000a40        0x0
                0x0000000008000a40                __exidx_start = .
 *(.ARM.exidx*)
                0x0000000008000a40                __exidx_end = .

.preinit_array  0x0000000008000a40        0x0
                0x0000000008000a40                PROVIDE (__preinit_array_start = .)
 *(.preinit_array*)
                0x0000000008000a40                PROVIDE (__preinit_array_end = .)

.init_array     0x0000000008000a40        0x4
                0x0000000008000a40                PROVIDE (__init_array_start = .)
 *(SORT_BY_NAME(.init_array.*))
 *(.init_array*)
 .init_array    0x0000000008000a40        0x4 /usr/lib/gcc/arm-none-eabi/9.2.1/thumb/v7e-m+dp/hard/crtbegin.o
                0x0000000008000a44                PROVIDE (__init_array_end = .)

.fini_array     0x0000000008000a44        0x4
                0x0000000008000a44                PROVIDE (__fini_array_start = .)
 *(SORT_BY_NAME(.fini_array.*))
 *(.fini_array*)
 .fini_array    0x0000000008000a44        0x4 /usr/lib/gcc/arm-none-eabi/9.2.1/thumb/v7e-m+dp/hard/crtbegin.o
                0x0000000008000a48                PROVIDE (__fini_array_end = .)
                0x0000000008000a48                _sidata = LOADADDR (.data)

.data           0x0000000020000000        0xc load address 0x0000000008000a48
                0x0000000020000000                . = ALIGN (0x4)
                0x0000000020000000                _sdata = .
 *(.data)
 *(.data*)
 .data.run_i2c_init
                0x0000000020000000        0x1 build/i2c.o
 .data.uwTickFreq
                0x0000000020000001        0x1 build/stm32f7xx_hal.o
                0x0000000020000001                uwTickFreq
 *fill*         0x0000000020000002        0x2 
 .data.uwTickPrio
                0x0000000020000004        0x4 build/stm32f7xx_hal.o
                0x0000000020000004                uwTickPrio
 .data.SystemCoreClock
                0x0000000020000008        0x4 build/system_stm32f7xx.o
                0x0000000020000008                SystemCoreClock
                0x000000002000000c                . = ALIGN (0x4)
                0x000000002000000c                _edata = .

.tm_clone_table
                0x000000002000000c        0x0 load address 0x0000000008000a54
 .tm_clone_table
                0x000000002000000c        0x0 /usr/lib/gcc/arm-none-eabi/9.2.1/thumb/v7e-m+dp/hard/crtbegin.o
 .tm_clone_table
                0x000000002000000c        0x0 /usr/lib/gcc/arm-none-eabi/9.2.1/thumb/v7e-m+dp/hard/crtend.o

.igot.plt       0x000000002000000c        0x0 load address 0x0000000008000a54
 .igot.plt      0x000000002000000c        0x0 /usr/lib/gcc/arm-none-eabi/9.2.1/thumb/v7e-m+dp/hard/crtbegin.o
                0x000000002000000c                . = ALIGN (0x4)

.bss            0x000000002000000c      0x748 load address 0x0000000008000a54
                0x000000002000000c                _sbss = .
                0x000000002000000c                __bss_start__ = _sbss
 *(.bss)
 .bss           0x000000002000000c       0x1c /usr/lib/gcc/arm-none-eabi/9.2.1/thumb/v7e-m+dp/hard/crtbegin.o
 *(.bss*)
 .bss.i2c_actual_length
                0x0000000020000028        0x4 build/i2c.o
 .bss.i2c_buffer
                0x000000002000002c      0x400 build/i2c.o
 .bss.i2c_status
                0x000000002000042c        0x1 build/i2c.o
 .bss.run_send_data
                0x000000002000042d        0x1 build/i2c.o
 .bss.run_send_status
                0x000000002000042e        0x1 build/i2c.o
 *fill*         0x000000002000042f        0x1 
 .bss.usbd_handle
                0x0000000020000430        0x4 build/i2c.o
 *(COMMON)
 COMMON         0x0000000020000434      0x2d0 build/main.o
                0x0000000020000434                USBD_Device
 COMMON         0x0000000020000704       0x4c build/i2c.o
                0x0000000020000704                i2c_handle
 COMMON         0x0000000020000750        0x4 build/stm32f7xx_hal.o
                0x0000000020000750                uwTick
                0x0000000020000754                . = ALIGN (0x4)
                0x0000000020000754                _ebss = .
                0x0000000020000754                __bss_end__ = _ebss

._user_heap_stack
                0x0000000020000754      0x604 load address 0x0000000008000a54
                0x0000000020000758                . = ALIGN (0x8)
 *fill*         0x0000000020000754        0x4 
                [!provide]                        PROVIDE (end = .)
                [!provide]                        PROVIDE (_end = .)
                0x0000000020000958                . = (. + _Min_Heap_Size)
 *fill*         0x0000000020000758      0x200 
                0x0000000020000d58                . = (. + _Min_Stack_Size)
 *fill*         0x0000000020000958      0x400 
                0x0000000020000d58                . = ALIGN (0x8)

/DISCARD/
 libc.a(*)
 libm.a(*)
 libgcc.a(*)

.ARM.attributes
                0x0000000000000000       0x2e
 *(.ARM.attributes)
 .ARM.attributes
                0x0000000000000000       0x1e /usr/lib/gcc/arm-none-eabi/9.2.1/thumb/v7e-m+dp/hard/crti.o
 .ARM.attributes
                0x000000000000001e       0x32 /usr/lib/gcc/arm-none-eabi/9.2.1/thumb/v7e-m+dp/hard/crtbegin.o
 .ARM.attributes
                0x0000000000000050       0x32 build/main.o
 .ARM.attributes
                0x0000000000000082       0x32 build/usbd_conf.o
 .ARM.attributes
                0x00000000000000b4       0x32 build/stm32f7xx_it.o
 .ARM.attributes
                0x00000000000000e6       0x32 build/i2c.o
 .ARM.attributes
                0x0000000000000118       0x32 build/stm32f7xx_hal_msp.o
 .ARM.attributes
                0x000000000000014a       0x32 build/stm32f7xx_hal_pcd.o
 .ARM.attributes
                0x000000000000017c       0x32 build/stm32f7xx_ll_usb.o
 .ARM.attributes
                0x00000000000001ae       0x32 build/stm32f7xx_hal_cortex.o
 .ARM.attributes
                0x00000000000001e0       0x32 build/stm32f7xx_hal.o
 .ARM.attributes
                0x0000000000000212       0x32 build/system_stm32f7xx.o
 .ARM.attributes
                0x0000000000000244       0x32 build/usbd_core.o
 .ARM.attributes
                0x0000000000000276       0x32 build/usbd_ioreq.o
 .ARM.attributes
                0x00000000000002a8       0x21 build/startup_stm32f767xx.o
 .ARM.attributes
                0x00000000000002c9       0x32 /usr/lib/gcc/arm-none-eabi/9.2.1/../../../arm-none-eabi/lib/thumb/v7e-m+dp/hard/libc_nano.a(lib_a-init.o)
 .ARM.attributes
                0x00000000000002fb       0x30 /usr/lib/gcc/arm-none-eabi/9.2.1/thumb/v7e-m+dp/hard/crtend.o
 .ARM.attributes
                0x000000000000032b       0x1e /usr/lib/gcc/arm-none-eabi/9.2.1/thumb/v7e-m+dp/hard/crtn.o
OUTPUT(build/stm32-usb-cdc1.elf elf32-littlearm)
LOAD linker stubs
LOAD /usr/lib/gcc/arm-none-eabi/9.2.1/../../../arm-none-eabi/lib/thumb/v7e-m+dp/hard/libc.a
LOAD /usr/lib/gcc/arm-none-eabi/9.2.1/../../../arm-none-eabi/lib/thumb/v7e-m+dp/hard/libm.a
LOAD /usr/lib/gcc/arm-none-eabi/9.2.1/thumb/v7e-m+dp/hard/libgcc.a

.comment        0x0000000000000000       0xa7
 .comment       0x0000000000000000       0x59 /usr/lib/gcc/arm-none-eabi/9.2.1/thumb/v7e-m+dp/hard/crtbegin.o
                                         0x5a (size before relaxing)
 .comment       0x0000000000000059       0x5a build/main.o
 .comment       0x0000000000000059       0x5a build/usbd_conf.o
 .comment       0x0000000000000059       0x5a build/stm32f7xx_it.o
 .comment       0x0000000000000059       0x5a build/i2c.o
 .comment       0x0000000000000059       0x5a build/stm32f7xx_hal_msp.o
 .comment       0x0000000000000059       0x5a build/stm32f7xx_hal_pcd.o
 .comment       0x0000000000000059       0x5a build/stm32f7xx_ll_usb.o
 .comment       0x0000000000000059       0x5a build/stm32f7xx_hal_cortex.o
 .comment       0x0000000000000059       0x5a build/stm32f7xx_hal.o
 .comment       0x0000000000000059       0x5a build/system_stm32f7xx.o
 .comment       0x0000000000000059       0x5a build/usbd_core.o
 .comment       0x0000000000000059       0x5a build/usbd_ioreq.o
 .comment       0x0000000000000059       0x4e /usr/lib/gcc/arm-none-eabi/9.2.1/../../../arm-none-eabi/lib/thumb/v7e-m+dp/hard/libc_nano.a(lib_a-init.o)
                                         0x4f (size before relaxing)
 .comment       0x00000000000000a7       0x5a /usr/lib/gcc/arm-none-eabi/9.2.1/thumb/v7e-m+dp/hard/crtend.o

.debug_info     0x0000000000000000     0xf261
 .debug_info    0x0000000000000000     0x1759 build/main.o
 .debug_info    0x0000000000001759     0x240c build/usbd_conf.o
 .debug_info    0x0000000000003b65      0x263 build/stm32f7xx_it.o
 .debug_info    0x0000000000003dc8     0x1af7 build/i2c.o
 .debug_info    0x00000000000058bf      0x3f4 build/stm32f7xx_hal_msp.o
 .debug_info    0x0000000000005cb3     0x1c88 build/stm32f7xx_hal_pcd.o
 .debug_info    0x000000000000793b     0x21cc build/stm32f7xx_ll_usb.o
 .debug_info    0x0000000000009b07     0x14d8 build/stm32f7xx_hal_cortex.o
 .debug_info    0x000000000000afdf      0xc57 build/stm32f7xx_hal.o
 .debug_info    0x000000000000bc36      0x868 build/system_stm32f7xx.o
 .debug_info    0x000000000000c49e     0x1955 build/usbd_core.o
 .debug_info    0x000000000000ddf3     0x1332 build/usbd_ioreq.o
 .debug_info    0x000000000000f125       0x22 build/startup_stm32f767xx.o
 .debug_info    0x000000000000f147      0x11a /usr/lib/gcc/arm-none-eabi/9.2.1/../../../arm-none-eabi/lib/thumb/v7e-m+dp/hard/libc_nano.a(lib_a-init.o)

.debug_abbrev   0x0000000000000000     0x1f0c
 .debug_abbrev  0x0000000000000000      0x282 build/main.o
 .debug_abbrev  0x0000000000000282      0x396 build/usbd_conf.o
 .debug_abbrev  0x0000000000000618       0xf2 build/stm32f7xx_it.o
 .debug_abbrev  0x000000000000070a      0x35c build/i2c.o
 .debug_abbrev  0x0000000000000a66      0x11c build/stm32f7xx_hal_msp.o
 .debug_abbrev  0x0000000000000b82      0x2ef build/stm32f7xx_hal_pcd.o
 .debug_abbrev  0x0000000000000e71      0x335 build/stm32f7xx_ll_usb.o
 .debug_abbrev  0x00000000000011a6      0x3a8 build/stm32f7xx_hal_cortex.o
 .debug_abbrev  0x000000000000154e      0x21c build/stm32f7xx_hal.o
 .debug_abbrev  0x000000000000176a      0x159 build/system_stm32f7xx.o
 .debug_abbrev  0x00000000000018c3      0x331 build/usbd_core.o
 .debug_abbrev  0x0000000000001bf4      0x23a build/usbd_ioreq.o
 .debug_abbrev  0x0000000000001e2e       0x12 build/startup_stm32f767xx.o
 .debug_abbrev  0x0000000000001e40       0xcc /usr/lib/gcc/arm-none-eabi/9.2.1/../../../arm-none-eabi/lib/thumb/v7e-m+dp/hard/libc_nano.a(lib_a-init.o)

.debug_loc      0x0000000000000000     0x676e
 .debug_loc     0x0000000000000000       0x4c build/main.o
 .debug_loc     0x000000000000004c      0xa8a build/usbd_conf.o
 .debug_loc     0x0000000000000ad6       0x20 build/stm32f7xx_it.o
 .debug_loc     0x0000000000000af6      0x4ab build/i2c.o
 .debug_loc     0x0000000000000fa1       0x2c build/stm32f7xx_hal_msp.o
 .debug_loc     0x0000000000000fcd     0x1503 build/stm32f7xx_hal_pcd.o
 .debug_loc     0x00000000000024d0     0x2734 build/stm32f7xx_ll_usb.o
 .debug_loc     0x0000000000004c04      0x7c4 build/stm32f7xx_hal_cortex.o
 .debug_loc     0x00000000000053c8      0x1e1 build/stm32f7xx_hal.o
 .debug_loc     0x00000000000055a9      0x198 build/system_stm32f7xx.o
 .debug_loc     0x0000000000005741      0xbdb build/usbd_core.o
 .debug_loc     0x000000000000631c      0x398 build/usbd_ioreq.o
 .debug_loc     0x00000000000066b4       0xba /usr/lib/gcc/arm-none-eabi/9.2.1/../../../arm-none-eabi/lib/thumb/v7e-m+dp/hard/libc_nano.a(lib_a-init.o)

.debug_aranges  0x0000000000000000      0x7f0
 .debug_aranges
                0x0000000000000000       0x28 build/main.o
 .debug_aranges
                0x0000000000000028       0xd8 build/usbd_conf.o
 .debug_aranges
                0x0000000000000100       0x68 build/stm32f7xx_it.o
 .debug_aranges
                0x0000000000000168       0x68 build/i2c.o
 .debug_aranges
                0x00000000000001d0       0x20 build/stm32f7xx_hal_msp.o
 .debug_aranges
                0x00000000000001f0      0x138 build/stm32f7xx_hal_pcd.o
 .debug_aranges
                0x0000000000000328      0x198 build/stm32f7xx_ll_usb.o
 .debug_aranges
                0x00000000000004c0       0xa8 build/stm32f7xx_hal_cortex.o
 .debug_aranges
                0x0000000000000568      0x110 build/stm32f7xx_hal.o
 .debug_aranges
                0x0000000000000678       0x28 build/system_stm32f7xx.o
 .debug_aranges
                0x00000000000006a0       0xb8 build/usbd_core.o
 .debug_aranges
                0x0000000000000758       0x50 build/usbd_ioreq.o
 .debug_aranges
                0x00000000000007a8       0x28 build/startup_stm32f767xx.o
 .debug_aranges
                0x00000000000007d0       0x20 /usr/lib/gcc/arm-none-eabi/9.2.1/../../../arm-none-eabi/lib/thumb/v7e-m+dp/hard/libc_nano.a(lib_a-init.o)

.debug_ranges   0x0000000000000000      0x780
 .debug_ranges  0x0000000000000000       0x18 build/main.o
 .debug_ranges  0x0000000000000018       0xc8 build/usbd_conf.o
 .debug_ranges  0x00000000000000e0       0x58 build/stm32f7xx_it.o
 .debug_ranges  0x0000000000000138       0x70 build/i2c.o
 .debug_ranges  0x00000000000001a8       0x10 build/stm32f7xx_hal_msp.o
 .debug_ranges  0x00000000000001b8      0x128 build/stm32f7xx_hal_pcd.o
 .debug_ranges  0x00000000000002e0      0x188 build/stm32f7xx_ll_usb.o
 .debug_ranges  0x0000000000000468       0xf8 build/stm32f7xx_hal_cortex.o
 .debug_ranges  0x0000000000000560      0x100 build/stm32f7xx_hal.o
 .debug_ranges  0x0000000000000660       0x18 build/system_stm32f7xx.o
 .debug_ranges  0x0000000000000678       0xa8 build/usbd_core.o
 .debug_ranges  0x0000000000000720       0x40 build/usbd_ioreq.o
 .debug_ranges  0x0000000000000760       0x20 build/startup_stm32f767xx.o

.debug_line     0x0000000000000000     0x5a48
 .debug_line    0x0000000000000000      0x255 build/main.o
 .debug_line    0x0000000000000255      0x5ea build/usbd_conf.o
 .debug_line    0x000000000000083f      0x20c build/stm32f7xx_it.o
 .debug_line    0x0000000000000a4b      0x57a build/i2c.o
 .debug_line    0x0000000000000fc5      0x13a build/stm32f7xx_hal_msp.o
 .debug_line    0x00000000000010ff     0x1300 build/stm32f7xx_hal_pcd.o
 .debug_line    0x00000000000023ff     0x1af5 build/stm32f7xx_ll_usb.o
 .debug_line    0x0000000000003ef4      0x717 build/stm32f7xx_hal_cortex.o
 .debug_line    0x000000000000460b      0x535 build/stm32f7xx_hal.o
 .debug_line    0x0000000000004b40      0x22d build/system_stm32f7xx.o
 .debug_line    0x0000000000004d6d      0x83b build/usbd_core.o
 .debug_line    0x00000000000055a8      0x31d build/usbd_ioreq.o
 .debug_line    0x00000000000058c5       0x76 build/startup_stm32f767xx.o
 .debug_line    0x000000000000593b      0x10d /usr/lib/gcc/arm-none-eabi/9.2.1/../../../arm-none-eabi/lib/thumb/v7e-m+dp/hard/libc_nano.a(lib_a-init.o)

.debug_str      0x0000000000000000     0x3b8a
 .debug_str     0x0000000000000000      0xe99 build/main.o
                                        0xf5d (size before relaxing)
 .debug_str     0x0000000000000e99      0x7ed build/usbd_conf.o
                                       0x1338 (size before relaxing)
 .debug_str     0x0000000000001686       0xc1 build/stm32f7xx_it.o
                                        0x310 (size before relaxing)
 .debug_str     0x0000000000001747      0x68f build/i2c.o
                                       0x114d (size before relaxing)
 .debug_str     0x0000000000001dd6       0x24 build/stm32f7xx_hal_msp.o
                                        0x393 (size before relaxing)
 .debug_str     0x0000000000001dfa      0x640 build/stm32f7xx_hal_pcd.o
                                        0xe3f (size before relaxing)
 .debug_str     0x000000000000243a      0x435 build/stm32f7xx_ll_usb.o
                                        0xd44 (size before relaxing)
 .debug_str     0x000000000000286f      0xc0a build/stm32f7xx_hal_cortex.o
                                        0xee7 (size before relaxing)
 .debug_str     0x0000000000003479      0x2e2 build/stm32f7xx_hal.o
                                        0xd60 (size before relaxing)
 .debug_str     0x000000000000375b       0x53 build/system_stm32f7xx.o
                                        0x4d8 (size before relaxing)
 .debug_str     0x00000000000037ae      0x1e1 build/usbd_core.o
                                        0xcf9 (size before relaxing)
 .debug_str     0x000000000000398f       0x4e build/usbd_ioreq.o
                                        0xb40 (size before relaxing)
 .debug_str     0x00000000000039dd       0x22 build/startup_stm32f767xx.o
                                         0x47 (size before relaxing)
 .debug_str     0x00000000000039ff      0x18b /usr/lib/gcc/arm-none-eabi/9.2.1/../../../arm-none-eabi/lib/thumb/v7e-m+dp/hard/libc_nano.a(lib_a-init.o)
                                        0x22c (size before relaxing)

.debug_frame    0x0000000000000000     0x12c8
 .debug_frame   0x0000000000000000       0x40 build/main.o
 .debug_frame   0x0000000000000040      0x240 build/usbd_conf.o
 .debug_frame   0x0000000000000280       0xb8 build/stm32f7xx_it.o
 .debug_frame   0x0000000000000338       0xe8 build/i2c.o
 .debug_frame   0x0000000000000420       0x28 build/stm32f7xx_hal_msp.o
 .debug_frame   0x0000000000000448      0x374 build/stm32f7xx_hal_pcd.o
 .debug_frame   0x00000000000007bc      0x490 build/stm32f7xx_ll_usb.o
 .debug_frame   0x0000000000000c4c      0x15c build/stm32f7xx_hal_cortex.o
 .debug_frame   0x0000000000000da8      0x22c build/stm32f7xx_hal.o
 .debug_frame   0x0000000000000fd4       0x3c build/system_stm32f7xx.o
 .debug_frame   0x0000000000001010      0x1d4 build/usbd_core.o
 .debug_frame   0x00000000000011e4       0xb8 build/usbd_ioreq.o
 .debug_frame   0x000000000000129c       0x2c /usr/lib/gcc/arm-none-eabi/9.2.1/../../../arm-none-eabi/lib/thumb/v7e-m+dp/hard/libc_nano.a(lib_a-init.o)

Cross Reference Table

Symbol                                            File
ADC_IRQHandler                                    build/startup_stm32f767xx.o
AHBPrescTable                                     build/system_stm32f7xx.o
                                                  build/stm32f7xx_hal_rcc.o
APBPrescTable                                     build/system_stm32f7xx.o
                                                  build/stm32f7xx_hal_rcc.o
BusFault_Handler                                  build/stm32f7xx_it.o
CAN1_RX0_IRQHandler                               build/startup_stm32f767xx.o
CAN1_RX1_IRQHandler                               build/startup_stm32f767xx.o
CAN1_SCE_IRQHandler                               build/startup_stm32f767xx.o
CAN1_TX_IRQHandler                                build/startup_stm32f767xx.o
CAN2_RX0_IRQHandler                               build/startup_stm32f767xx.o
CAN2_RX1_IRQHandler                               build/startup_stm32f767xx.o
CAN2_SCE_IRQHandler                               build/startup_stm32f767xx.o
CAN2_TX_IRQHandler                                build/startup_stm32f767xx.o
CAN3_RX0_IRQHandler                               build/startup_stm32f767xx.o
CAN3_RX1_IRQHandler                               build/startup_stm32f767xx.o
CAN3_SCE_IRQHandler                               build/startup_stm32f767xx.o
CAN3_TX_IRQHandler                                build/startup_stm32f767xx.o
CEC_IRQHandler                                    build/startup_stm32f767xx.o
DCMI_IRQHandler                                   build/startup_stm32f767xx.o
DFSDM1_FLT0_IRQHandler                            build/startup_stm32f767xx.o
DFSDM1_FLT1_IRQHandler                            build/startup_stm32f767xx.o
DFSDM1_FLT2_IRQHandler                            build/startup_stm32f767xx.o
DFSDM1_FLT3_IRQHandler                            build/startup_stm32f767xx.o
DMA1_Stream0_IRQHandler                           build/startup_stm32f767xx.o
DMA1_Stream1_IRQHandler                           build/startup_stm32f767xx.o
DMA1_Stream2_IRQHandler                           build/startup_stm32f767xx.o
DMA1_Stream3_IRQHandler                           build/startup_stm32f767xx.o
DMA1_Stream4_IRQHandler                           build/startup_stm32f767xx.o
DMA1_Stream5_IRQHandler                           build/startup_stm32f767xx.o
DMA1_Stream6_IRQHandler                           build/startup_stm32f767xx.o
DMA1_Stream7_IRQHandler                           build/startup_stm32f767xx.o
DMA2D_IRQHandler                                  build/startup_stm32f767xx.o
DMA2_Stream0_IRQHandler                           build/startup_stm32f767xx.o
DMA2_Stream1_IRQHandler                           build/startup_stm32f767xx.o
DMA2_Stream2_IRQHandler                           build/startup_stm32f767xx.o
DMA2_Stream3_IRQHandler                           build/startup_stm32f767xx.o
DMA2_Stream4_IRQHandler                           build/startup_stm32f767xx.o
DMA2_Stream5_IRQHandler                           build/startup_stm32f767xx.o
DMA2_Stream6_IRQHandler                           build/startup_stm32f767xx.o
DMA2_Stream7_IRQHandler                           build/startup_stm32f767xx.o
DebugMon_Handler                                  build/stm32f7xx_it.o
Default_Handler                                   build/startup_stm32f767xx.o
ETH_IRQHandler                                    build/startup_stm32f767xx.o
ETH_WKUP_IRQHandler                               build/startup_stm32f767xx.o
EXTI0_IRQHandler                                  build/startup_stm32f767xx.o
EXTI15_10_IRQHandler                              build/startup_stm32f767xx.o
EXTI1_IRQHandler                                  build/startup_stm32f767xx.o
EXTI2_IRQHandler                                  build/startup_stm32f767xx.o
EXTI3_IRQHandler                                  build/startup_stm32f767xx.o
EXTI4_IRQHandler                                  build/startup_stm32f767xx.o
EXTI9_5_IRQHandler                                build/startup_stm32f767xx.o
FLASH_Erase_Sector                                build/stm32f7xx_hal_flash_ex.o
                                                  build/stm32f7xx_hal_flash.o
FLASH_IRQHandler                                  build/startup_stm32f767xx.o
FLASH_WaitForLastOperation                        build/stm32f7xx_hal_flash.o
                                                  build/stm32f7xx_hal_flash_ex.o
FMC_IRQHandler                                    build/startup_stm32f767xx.o
FPU_IRQHandler                                    build/startup_stm32f767xx.o
HAL_DBGMCU_DisableDBGSleepMode                    build/stm32f7xx_hal.o
HAL_DBGMCU_DisableDBGStandbyMode                  build/stm32f7xx_hal.o
HAL_DBGMCU_DisableDBGStopMode                     build/stm32f7xx_hal.o
HAL_DBGMCU_EnableDBGSleepMode                     build/stm32f7xx_hal.o
HAL_DBGMCU_EnableDBGStandbyMode                   build/stm32f7xx_hal.o
HAL_DBGMCU_EnableDBGStopMode                      build/stm32f7xx_hal.o
HAL_DMAEx_ChangeMemory                            build/stm32f7xx_hal_dma_ex.o
HAL_DMAEx_MultiBufferStart                        build/stm32f7xx_hal_dma_ex.o
HAL_DMAEx_MultiBufferStart_IT                     build/stm32f7xx_hal_dma_ex.o
HAL_DMA_Abort                                     build/stm32f7xx_hal_dma.o
HAL_DMA_Abort_IT                                  build/stm32f7xx_hal_dma.o
                                                  build/stm32f7xx_hal_i2c.o
HAL_DMA_DeInit                                    build/stm32f7xx_hal_dma.o
HAL_DMA_GetError                                  build/stm32f7xx_hal_dma.o
                                                  build/stm32f7xx_hal_i2c.o
HAL_DMA_GetState                                  build/stm32f7xx_hal_dma.o
                                                  build/stm32f7xx_hal_i2c.o
HAL_DMA_IRQHandler                                build/stm32f7xx_hal_dma.o
HAL_DMA_Init                                      build/stm32f7xx_hal_dma.o
HAL_DMA_PollForTransfer                           build/stm32f7xx_hal_dma.o
HAL_DMA_RegisterCallback                          build/stm32f7xx_hal_dma.o
HAL_DMA_Start                                     build/stm32f7xx_hal_dma.o
HAL_DMA_Start_IT                                  build/stm32f7xx_hal_dma.o
                                                  build/stm32f7xx_hal_i2c.o
HAL_DMA_UnRegisterCallback                        build/stm32f7xx_hal_dma.o
HAL_DeInit                                        build/stm32f7xx_hal.o
HAL_Delay                                         build/stm32f7xx_hal.o
                                                  build/stm32f7xx_ll_usb.o
                                                  build/usbd_conf.o
HAL_DisableCompensationCell                       build/stm32f7xx_hal.o
HAL_DisableFMCMemorySwapping                      build/stm32f7xx_hal.o
HAL_DisableMemorySwappingBank                     build/stm32f7xx_hal.o
HAL_EXTI_ClearConfigLine                          build/stm32f7xx_hal_exti.o
HAL_EXTI_ClearPending                             build/stm32f7xx_hal_exti.o
HAL_EXTI_GenerateSWI                              build/stm32f7xx_hal_exti.o
HAL_EXTI_GetConfigLine                            build/stm32f7xx_hal_exti.o
HAL_EXTI_GetHandle                                build/stm32f7xx_hal_exti.o
HAL_EXTI_GetPending                               build/stm32f7xx_hal_exti.o
HAL_EXTI_IRQHandler                               build/stm32f7xx_hal_exti.o
HAL_EXTI_RegisterCallback                         build/stm32f7xx_hal_exti.o
HAL_EXTI_SetConfigLine                            build/stm32f7xx_hal_exti.o
HAL_EnableCompensationCell                        build/stm32f7xx_hal.o
HAL_EnableFMCMemorySwapping                       build/stm32f7xx_hal.o
HAL_EnableMemorySwappingBank                      build/stm32f7xx_hal.o
HAL_FLASHEx_Erase                                 build/stm32f7xx_hal_flash_ex.o
HAL_FLASHEx_Erase_IT                              build/stm32f7xx_hal_flash_ex.o
HAL_FLASHEx_OBGetConfig                           build/stm32f7xx_hal_flash_ex.o
HAL_FLASHEx_OBProgram                             build/stm32f7xx_hal_flash_ex.o
HAL_FLASH_EndOfOperationCallback                  build/stm32f7xx_hal_flash.o
HAL_FLASH_GetError                                build/stm32f7xx_hal_flash.o
HAL_FLASH_IRQHandler                              build/stm32f7xx_hal_flash.o
HAL_FLASH_Lock                                    build/stm32f7xx_hal_flash.o
HAL_FLASH_OB_Launch                               build/stm32f7xx_hal_flash.o
HAL_FLASH_OB_Lock                                 build/stm32f7xx_hal_flash.o
HAL_FLASH_OB_Unlock                               build/stm32f7xx_hal_flash.o
HAL_FLASH_OperationErrorCallback                  build/stm32f7xx_hal_flash.o
HAL_FLASH_Program                                 build/stm32f7xx_hal_flash.o
HAL_FLASH_Program_IT                              build/stm32f7xx_hal_flash.o
HAL_FLASH_Unlock                                  build/stm32f7xx_hal_flash.o
HAL_GPIO_DeInit                                   build/stm32f7xx_hal_gpio.o
HAL_GPIO_EXTI_Callback                            build/stm32f7xx_hal_gpio.o
HAL_GPIO_EXTI_IRQHandler                          build/stm32f7xx_hal_gpio.o
HAL_GPIO_Init                                     build/stm32f7xx_hal_gpio.o
                                                  build/stm32f7xx_hal_rcc.o
                                                  build/usbd_conf.o
HAL_GPIO_LockPin                                  build/stm32f7xx_hal_gpio.o
HAL_GPIO_ReadPin                                  build/stm32f7xx_hal_gpio.o
HAL_GPIO_TogglePin                                build/stm32f7xx_hal_gpio.o
HAL_GPIO_WritePin                                 build/stm32f7xx_hal_gpio.o
                                                  build/usbd_conf.o
HAL_GetDEVID                                      build/stm32f7xx_hal.o
HAL_GetHalVersion                                 build/stm32f7xx_hal.o
HAL_GetREVID                                      build/stm32f7xx_hal.o
HAL_GetTick                                       build/stm32f7xx_hal.o
                                                  build/stm32f7xx_hal_i2c.o
                                                  build/stm32f7xx_hal_pwr_ex.o
                                                  build/stm32f7xx_hal_dma.o
                                                  build/stm32f7xx_hal_flash.o
                                                  build/stm32f7xx_hal_rcc_ex.o
                                                  build/stm32f7xx_hal_rcc.o
HAL_GetTickFreq                                   build/stm32f7xx_hal.o
HAL_GetTickPrio                                   build/stm32f7xx_hal.o
HAL_GetUIDw0                                      build/stm32f7xx_hal.o
HAL_GetUIDw1                                      build/stm32f7xx_hal.o
HAL_GetUIDw2                                      build/stm32f7xx_hal.o
HAL_I2CEx_ConfigAnalogFilter                      build/stm32f7xx_hal_i2c_ex.o
HAL_I2CEx_ConfigDigitalFilter                     build/stm32f7xx_hal_i2c_ex.o
HAL_I2CEx_DisableFastModePlus                     build/stm32f7xx_hal_i2c_ex.o
HAL_I2CEx_EnableFastModePlus                      build/stm32f7xx_hal_i2c_ex.o
HAL_I2C_AbortCpltCallback                         build/i2c.o
HAL_I2C_AddrCallback                              build/stm32f7xx_hal_i2c.o
HAL_I2C_DeInit                                    build/stm32f7xx_hal_i2c.o
HAL_I2C_DisableListen_IT                          build/stm32f7xx_hal_i2c.o
HAL_I2C_ER_IRQHandler                             build/stm32f7xx_hal_i2c.o
HAL_I2C_EV_IRQHandler                             build/stm32f7xx_hal_i2c.o
HAL_I2C_EnableListen_IT                           build/stm32f7xx_hal_i2c.o
HAL_I2C_ErrorCallback                             build/i2c.o
HAL_I2C_GetError                                  build/stm32f7xx_hal_i2c.o
HAL_I2C_GetMode                                   build/stm32f7xx_hal_i2c.o
HAL_I2C_GetState                                  build/stm32f7xx_hal_i2c.o
HAL_I2C_Init                                      build/stm32f7xx_hal_i2c.o
HAL_I2C_IsDeviceReady                             build/stm32f7xx_hal_i2c.o
HAL_I2C_ListenCpltCallback                        build/stm32f7xx_hal_i2c.o
HAL_I2C_MasterRxCpltCallback                      build/i2c.o
HAL_I2C_MasterTxCpltCallback                      build/i2c.o
HAL_I2C_Master_Abort_IT                           build/stm32f7xx_hal_i2c.o
HAL_I2C_Master_Receive                            build/stm32f7xx_hal_i2c.o
HAL_I2C_Master_Receive_DMA                        build/stm32f7xx_hal_i2c.o
HAL_I2C_Master_Receive_IT                         build/stm32f7xx_hal_i2c.o
HAL_I2C_Master_Seq_Receive_DMA                    build/stm32f7xx_hal_i2c.o
HAL_I2C_Master_Seq_Receive_IT                     build/stm32f7xx_hal_i2c.o
                                                  build/i2c.o
HAL_I2C_Master_Seq_Transmit_DMA                   build/stm32f7xx_hal_i2c.o
HAL_I2C_Master_Seq_Transmit_IT                    build/stm32f7xx_hal_i2c.o
                                                  build/i2c.o
HAL_I2C_Master_Transmit                           build/stm32f7xx_hal_i2c.o
HAL_I2C_Master_Transmit_DMA                       build/stm32f7xx_hal_i2c.o
HAL_I2C_Master_Transmit_IT                        build/stm32f7xx_hal_i2c.o
HAL_I2C_MemRxCpltCallback                         build/stm32f7xx_hal_i2c.o
HAL_I2C_MemTxCpltCallback                         build/stm32f7xx_hal_i2c.o
HAL_I2C_Mem_Read                                  build/stm32f7xx_hal_i2c.o
HAL_I2C_Mem_Read_DMA                              build/stm32f7xx_hal_i2c.o
HAL_I2C_Mem_Read_IT                               build/stm32f7xx_hal_i2c.o
HAL_I2C_Mem_Write                                 build/stm32f7xx_hal_i2c.o
HAL_I2C_Mem_Write_DMA                             build/stm32f7xx_hal_i2c.o
HAL_I2C_Mem_Write_IT                              build/stm32f7xx_hal_i2c.o
HAL_I2C_MspDeInit                                 build/stm32f7xx_hal_i2c.o
HAL_I2C_MspInit                                   build/stm32f7xx_hal_i2c.o
HAL_I2C_SlaveRxCpltCallback                       build/stm32f7xx_hal_i2c.o
HAL_I2C_SlaveTxCpltCallback                       build/stm32f7xx_hal_i2c.o
HAL_I2C_Slave_Receive                             build/stm32f7xx_hal_i2c.o
HAL_I2C_Slave_Receive_DMA                         build/stm32f7xx_hal_i2c.o
HAL_I2C_Slave_Receive_IT                          build/stm32f7xx_hal_i2c.o
HAL_I2C_Slave_Seq_Receive_DMA                     build/stm32f7xx_hal_i2c.o
HAL_I2C_Slave_Seq_Receive_IT                      build/stm32f7xx_hal_i2c.o
HAL_I2C_Slave_Seq_Transmit_DMA                    build/stm32f7xx_hal_i2c.o
HAL_I2C_Slave_Seq_Transmit_IT                     build/stm32f7xx_hal_i2c.o
HAL_I2C_Slave_Transmit                            build/stm32f7xx_hal_i2c.o
HAL_I2C_Slave_Transmit_DMA                        build/stm32f7xx_hal_i2c.o
HAL_I2C_Slave_Transmit_IT                         build/stm32f7xx_hal_i2c.o
HAL_IncTick                                       build/stm32f7xx_hal.o
                                                  build/stm32f7xx_it.o
HAL_Init                                          build/stm32f7xx_hal.o
                                                  build/main.o
HAL_InitTick                                      build/stm32f7xx_hal.o
                                                  build/stm32f7xx_hal_rcc.o
HAL_MPU_ConfigRegion                              build/stm32f7xx_hal_cortex.o
HAL_MPU_Disable                                   build/stm32f7xx_hal_cortex.o
HAL_MPU_Enable                                    build/stm32f7xx_hal_cortex.o
HAL_MspDeInit                                     build/stm32f7xx_hal.o
HAL_MspInit                                       build/stm32f7xx_hal_msp.o
HAL_NVIC_ClearPendingIRQ                          build/stm32f7xx_hal_cortex.o
HAL_NVIC_DisableIRQ                               build/stm32f7xx_hal_cortex.o
HAL_NVIC_EnableIRQ                                build/stm32f7xx_hal_cortex.o
HAL_NVIC_GetActive                                build/stm32f7xx_hal_cortex.o
HAL_NVIC_GetPendingIRQ                            build/stm32f7xx_hal_cortex.o
HAL_NVIC_GetPriority                              build/stm32f7xx_hal_cortex.o
HAL_NVIC_GetPriorityGrouping                      build/stm32f7xx_hal_cortex.o
HAL_NVIC_SetPendingIRQ                            build/stm32f7xx_hal_cortex.o
HAL_NVIC_SetPriority                              build/stm32f7xx_hal_cortex.o
                                                  build/stm32f7xx_hal.o
HAL_NVIC_SetPriorityGrouping                      build/stm32f7xx_hal_cortex.o
                                                  build/stm32f7xx_hal.o
HAL_NVIC_SystemReset                              build/stm32f7xx_hal_cortex.o
HAL_PCDEx_ActivateLPM                             build/stm32f7xx_hal_pcd_ex.o
                                                  build/stm32f7xx_hal_pcd.o
HAL_PCDEx_BCD_Callback                            build/stm32f7xx_hal_pcd_ex.o
HAL_PCDEx_DeActivateLPM                           build/stm32f7xx_hal_pcd_ex.o
HAL_PCDEx_LPM_Callback                            build/stm32f7xx_hal_pcd_ex.o
                                                  build/stm32f7xx_hal_pcd.o
HAL_PCDEx_SetConnectionState                      build/usbd_conf.o
HAL_PCDEx_SetRxFiFo                               build/stm32f7xx_hal_pcd_ex.o
HAL_PCDEx_SetTxFiFo                               build/stm32f7xx_hal_pcd_ex.o
HAL_PCD_ActivateRemoteWakeup                      build/stm32f7xx_hal_pcd.o
HAL_PCD_ConnectCallback                           build/usbd_conf.o
HAL_PCD_DataInStageCallback                       build/stm32f7xx_hal_pcd.o
HAL_PCD_DataOutStageCallback                      build/stm32f7xx_hal_pcd.o
HAL_PCD_DeActivateRemoteWakeup                    build/stm32f7xx_hal_pcd.o
HAL_PCD_DeInit                                    build/stm32f7xx_hal_pcd.o
                                                  build/usbd_conf.o
HAL_PCD_DevConnect                                build/stm32f7xx_hal_pcd.o
HAL_PCD_DevDisconnect                             build/stm32f7xx_hal_pcd.o
HAL_PCD_DisconnectCallback                        build/usbd_conf.o
HAL_PCD_EP_Close                                  build/stm32f7xx_hal_pcd.o
                                                  build/usbd_conf.o
HAL_PCD_EP_ClrStall                               build/stm32f7xx_hal_pcd.o
                                                  build/usbd_conf.o
HAL_PCD_EP_Flush                                  build/stm32f7xx_hal_pcd.o
                                                  build/usbd_conf.o
HAL_PCD_EP_GetRxCount                             build/stm32f7xx_hal_pcd.o
                                                  build/usbd_conf.o
HAL_PCD_EP_Open                                   build/stm32f7xx_hal_pcd.o
                                                  build/usbd_conf.o
HAL_PCD_EP_Receive                                build/stm32f7xx_hal_pcd.o
                                                  build/usbd_conf.o
HAL_PCD_EP_SetStall                               build/stm32f7xx_hal_pcd.o
                                                  build/usbd_conf.o
HAL_PCD_EP_Transmit                               build/stm32f7xx_hal_pcd.o
                                                  build/usbd_conf.o
HAL_PCD_GetState                                  build/stm32f7xx_hal_pcd.o
HAL_PCD_IRQHandler                                build/stm32f7xx_hal_pcd.o
HAL_PCD_ISOINIncompleteCallback                   build/usbd_conf.o
HAL_PCD_ISOOUTIncompleteCallback                  build/usbd_conf.o
HAL_PCD_Init                                      build/stm32f7xx_hal_pcd.o
                                                  build/usbd_conf.o
HAL_PCD_MspDeInit                                 build/usbd_conf.o
HAL_PCD_MspInit                                   build/usbd_conf.o
HAL_PCD_ResetCallback                             build/stm32f7xx_hal_pcd.o
HAL_PCD_ResumeCallback                            build/usbd_conf.o
HAL_PCD_SOFCallback                               build/stm32f7xx_hal_pcd.o
HAL_PCD_SetAddress                                build/stm32f7xx_hal_pcd.o
                                                  build/usbd_conf.o
HAL_PCD_SetupStageCallback                        build/stm32f7xx_hal_pcd.o
HAL_PCD_Start                                     build/stm32f7xx_hal_pcd.o
                                                  build/usbd_conf.o
HAL_PCD_Stop                                      build/stm32f7xx_hal_pcd.o
                                                  build/usbd_conf.o
HAL_PCD_SuspendCallback                           build/usbd_conf.o
HAL_PCD_WKUP_IRQHandler                           build/stm32f7xx_hal_pcd.o
HAL_PWREx_ControlVoltageScaling                   build/stm32f7xx_hal_pwr_ex.o
HAL_PWREx_DisableBkUpReg                          build/stm32f7xx_hal_pwr_ex.o
HAL_PWREx_DisableFlashPowerDown                   build/stm32f7xx_hal_pwr_ex.o
HAL_PWREx_DisableLowRegulatorLowVoltage           build/stm32f7xx_hal_pwr_ex.o
HAL_PWREx_DisableMainRegulatorLowVoltage          build/stm32f7xx_hal_pwr_ex.o
HAL_PWREx_DisableOverDrive                        build/stm32f7xx_hal_pwr_ex.o
HAL_PWREx_EnableBkUpReg                           build/stm32f7xx_hal_pwr_ex.o
HAL_PWREx_EnableFlashPowerDown                    build/stm32f7xx_hal_pwr_ex.o
HAL_PWREx_EnableLowRegulatorLowVoltage            build/stm32f7xx_hal_pwr_ex.o
HAL_PWREx_EnableMainRegulatorLowVoltage           build/stm32f7xx_hal_pwr_ex.o
HAL_PWREx_EnableOverDrive                         build/stm32f7xx_hal_pwr_ex.o
HAL_PWREx_EnterUnderDriveSTOPMode                 build/stm32f7xx_hal_pwr_ex.o
HAL_PWREx_GetVoltageRange                         build/stm32f7xx_hal_pwr_ex.o
HAL_PWR_ConfigPVD                                 build/stm32f7xx_hal_pwr.o
HAL_PWR_DeInit                                    build/stm32f7xx_hal_pwr.o
HAL_PWR_DisableBkUpAccess                         build/stm32f7xx_hal_pwr.o
HAL_PWR_DisablePVD                                build/stm32f7xx_hal_pwr.o
HAL_PWR_DisableSEVOnPend                          build/stm32f7xx_hal_pwr.o
HAL_PWR_DisableSleepOnExit                        build/stm32f7xx_hal_pwr.o
HAL_PWR_DisableWakeUpPin                          build/stm32f7xx_hal_pwr.o
HAL_PWR_EnableBkUpAccess                          build/stm32f7xx_hal_pwr.o
HAL_PWR_EnablePVD                                 build/stm32f7xx_hal_pwr.o
HAL_PWR_EnableSEVOnPend                           build/stm32f7xx_hal_pwr.o
HAL_PWR_EnableSleepOnExit                         build/stm32f7xx_hal_pwr.o
HAL_PWR_EnableWakeUpPin                           build/stm32f7xx_hal_pwr.o
HAL_PWR_EnterSLEEPMode                            build/stm32f7xx_hal_pwr.o
HAL_PWR_EnterSTANDBYMode                          build/stm32f7xx_hal_pwr.o
HAL_PWR_EnterSTOPMode                             build/stm32f7xx_hal_pwr.o
HAL_PWR_PVDCallback                               build/stm32f7xx_hal_pwr.o
HAL_PWR_PVD_IRQHandler                            build/stm32f7xx_hal_pwr.o
HAL_RCCEx_DisablePLLI2S                           build/stm32f7xx_hal_rcc_ex.o
HAL_RCCEx_DisablePLLSAI                           build/stm32f7xx_hal_rcc_ex.o
HAL_RCCEx_EnablePLLI2S                            build/stm32f7xx_hal_rcc_ex.o
HAL_RCCEx_EnablePLLSAI                            build/stm32f7xx_hal_rcc_ex.o
HAL_RCCEx_GetPeriphCLKConfig                      build/stm32f7xx_hal_rcc_ex.o
HAL_RCCEx_GetPeriphCLKFreq                        build/stm32f7xx_hal_rcc_ex.o
HAL_RCCEx_PeriphCLKConfig                         build/stm32f7xx_hal_rcc_ex.o
HAL_RCC_CSSCallback                               build/stm32f7xx_hal_rcc.o
HAL_RCC_ClockConfig                               build/stm32f7xx_hal_rcc.o
HAL_RCC_DeInit                                    build/stm32f7xx_hal_rcc.o
HAL_RCC_DisableCSS                                build/stm32f7xx_hal_rcc.o
HAL_RCC_EnableCSS                                 build/stm32f7xx_hal_rcc.o
HAL_RCC_GetClockConfig                            build/stm32f7xx_hal_rcc.o
HAL_RCC_GetHCLKFreq                               build/stm32f7xx_hal_rcc.o
                                                  build/stm32f7xx_hal_pcd.o
HAL_RCC_GetOscConfig                              build/stm32f7xx_hal_rcc.o
HAL_RCC_GetPCLK1Freq                              build/stm32f7xx_hal_rcc.o
HAL_RCC_GetPCLK2Freq                              build/stm32f7xx_hal_rcc.o
HAL_RCC_GetSysClockFreq                           build/stm32f7xx_hal_rcc.o
HAL_RCC_MCOConfig                                 build/stm32f7xx_hal_rcc.o
HAL_RCC_NMI_IRQHandler                            build/stm32f7xx_hal_rcc.o
HAL_RCC_OscConfig                                 build/stm32f7xx_hal_rcc.o
HAL_ResumeTick                                    build/stm32f7xx_hal.o
HAL_SYSTICK_CLKSourceConfig                       build/stm32f7xx_hal_cortex.o
HAL_SYSTICK_Callback                              build/stm32f7xx_hal_cortex.o
HAL_SYSTICK_Config                                build/stm32f7xx_hal_cortex.o
                                                  build/stm32f7xx_hal.o
HAL_SYSTICK_IRQHandler                            build/stm32f7xx_hal_cortex.o
HAL_SetTickFreq                                   build/stm32f7xx_hal.o
HAL_SuspendTick                                   build/stm32f7xx_hal.o
HID_Desc                                          build/usbd_desc.o
HID_Run_In_Thread_Mode                            build/usbd_hid_if.o
HardFault_Handler                                 build/stm32f7xx_it.o
I2C1_ER_IRQHandler                                build/startup_stm32f767xx.o
I2C1_EV_IRQHandler                                build/startup_stm32f767xx.o
I2C2_ER_IRQHandler                                build/startup_stm32f767xx.o
I2C2_EV_IRQHandler                                build/startup_stm32f767xx.o
I2C3_ER_IRQHandler                                build/startup_stm32f767xx.o
I2C3_EV_IRQHandler                                build/startup_stm32f767xx.o
I2C4_ER_IRQHandler                                build/startup_stm32f767xx.o
I2C4_EV_IRQHandler                                build/startup_stm32f767xx.o
I2C_EP0_RxReady                                   build/i2c.o
                                                  build/usbd.o
I2C_Run_In_Thread_Mode                            build/i2c.o
                                                  build/main.o
I2C_Setup                                         build/i2c.o
                                                  build/usbd.o
JPEG_IRQHandler                                   build/startup_stm32f767xx.o
LPTIM1_IRQHandler                                 build/startup_stm32f767xx.o
LTDC_ER_IRQHandler                                build/startup_stm32f767xx.o
LTDC_IRQHandler                                   build/startup_stm32f767xx.o
MDIOS_IRQHandler                                  build/startup_stm32f767xx.o
MemManage_Handler                                 build/stm32f7xx_it.o
NMI_Handler                                       build/stm32f7xx_it.o
OTG_FS_IRQHandler                                 build/stm32f7xx_it.o
OTG_FS_WKUP_IRQHandler                            build/startup_stm32f767xx.o
OTG_HS_EP1_IN_IRQHandler                          build/startup_stm32f767xx.o
OTG_HS_EP1_OUT_IRQHandler                         build/startup_stm32f767xx.o
OTG_HS_IRQHandler                                 build/startup_stm32f767xx.o
OTG_HS_WKUP_IRQHandler                            build/startup_stm32f767xx.o
PVD_IRQHandler                                    build/startup_stm32f767xx.o
PendSV_Handler                                    build/stm32f7xx_it.o
QUADSPI_IRQHandler                                build/startup_stm32f767xx.o
RCC_IRQHandler                                    build/startup_stm32f767xx.o
RNG_IRQHandler                                    build/startup_stm32f767xx.o
RTC_Alarm_IRQHandler                              build/startup_stm32f767xx.o
RTC_WKUP_IRQHandler                               build/startup_stm32f767xx.o
Reset_Handler                                     build/startup_stm32f767xx.o
SAI1_IRQHandler                                   build/startup_stm32f767xx.o
SAI2_IRQHandler                                   build/startup_stm32f767xx.o
SDMMC1_IRQHandler                                 build/startup_stm32f767xx.o
SDMMC2_IRQHandler                                 build/startup_stm32f767xx.o
SPDIF_RX_IRQHandler                               build/startup_stm32f767xx.o
SPI1_IRQHandler                                   build/startup_stm32f767xx.o
SPI2_IRQHandler                                   build/startup_stm32f767xx.o
SPI3_IRQHandler                                   build/startup_stm32f767xx.o
SPI4_IRQHandler                                   build/startup_stm32f767xx.o
SPI5_IRQHandler                                   build/startup_stm32f767xx.o
SPI6_IRQHandler                                   build/startup_stm32f767xx.o
SVC_Handler                                       build/stm32f7xx_it.o
SetPMA                                            build/usbd_conf.o
SysTick_Handler                                   build/stm32f7xx_it.o
SystemClock_Config                                build/main.o
SystemCoreClock                                   build/system_stm32f7xx.o
                                                  build/stm32f7xx_hal.o
                                                  build/stm32f7xx_hal_dma.o
                                                  build/stm32f7xx_hal_rcc.o
SystemCoreClockUpdate                             build/system_stm32f7xx.o
SystemInit                                        build/system_stm32f7xx.o
                                                  build/startup_stm32f767xx.o
TAMP_STAMP_IRQHandler                             build/startup_stm32f767xx.o
TIM1_BRK_TIM9_IRQHandler                          build/startup_stm32f767xx.o
TIM1_CC_IRQHandler                                build/startup_stm32f767xx.o
TIM1_TRG_COM_TIM11_IRQHandler                     build/startup_stm32f767xx.o
TIM1_UP_TIM10_IRQHandler                          build/startup_stm32f767xx.o
TIM2_IRQHandler                                   build/startup_stm32f767xx.o
TIM3_IRQHandler                                   build/startup_stm32f767xx.o
TIM4_IRQHandler                                   build/startup_stm32f767xx.o
TIM5_IRQHandler                                   build/startup_stm32f767xx.o
TIM6_DAC_IRQHandler                               build/startup_stm32f767xx.o
TIM7_IRQHandler                                   build/startup_stm32f767xx.o
TIM8_BRK_TIM12_IRQHandler                         build/startup_stm32f767xx.o
TIM8_CC_IRQHandler                                build/startup_stm32f767xx.o
TIM8_TRG_COM_TIM14_IRQHandler                     build/startup_stm32f767xx.o
TIM8_UP_TIM13_IRQHandler                          build/startup_stm32f767xx.o
UART4_IRQHandler                                  build/startup_stm32f767xx.o
UART5_IRQHandler                                  build/startup_stm32f767xx.o
UART7_IRQHandler                                  build/startup_stm32f767xx.o
UART8_IRQHandler                                  build/startup_stm32f767xx.o
USART1_IRQHandler                                 build/startup_stm32f767xx.o
USART2_IRQHandler                                 build/startup_stm32f767xx.o
USART3_IRQHandler                                 build/startup_stm32f767xx.o
USART6_IRQHandler                                 build/startup_stm32f767xx.o
USBD_CDC_DataIn                                   build/usbd.o
USBD_CDC_DataOut                                  build/usbd.o
USBD_CDC_EP0_RxReady                              build/usbd.o
USBD_CDC_Init                                     build/usbd.o
USBD_CDC_Setup                                    build/usbd.o
USBD_CDC_fops                                     build/usbd.o
USBD_CUSTOM_HID_SendReport                        build/usbd_hid.o
USBD_ClrClassConfig                               build/usbd_core.o
                                                  build/usbd_ctlreq.o
USBD_ConfigDescriptor                             build/usbd.o
                                                  build/usbd_hid.o
USBD_ConfigDescriptorSize                         build/usbd.o
USBD_CtlContinueRx                                build/usbd_ioreq.o
                                                  build/usbd_core.o
USBD_CtlContinueSendData                          build/usbd_ioreq.o
                                                  build/usbd_core.o
USBD_CtlError                                     build/usbd_ctlreq.o
                                                  build/usbd_hid.o
USBD_CtlPrepareRx                                 build/usbd_ioreq.o
                                                  build/i2c.o
                                                  build/usbd_hid.o
USBD_CtlReceiveStatus                             build/usbd_ioreq.o
                                                  build/usbd_core.o
USBD_CtlSendData                                  build/usbd_ioreq.o
                                                  build/usbd_ctlreq.o
                                                  build/i2c.o
                                                  build/usbd_hid.o
USBD_CtlSendStatus                                build/usbd_ioreq.o
                                                  build/usbd_ctlreq.o
                                                  build/usbd_core.o
USBD_CustomHID_fops                               build/usbd_hid_if.o
                                                  build/usbd.o
                                                  build/usbd_hid.o
USBD_DataIn                                       build/usbd.o
USBD_DataOut                                      build/usbd.o
USBD_DeInit                                       build/usbd_core.o
USBD_Device                                       build/main.o
USBD_DeviceDescriptor                             build/usbd_desc.o
USBD_DeviceDescriptorSize                         build/usbd_desc.o
USBD_EP0_RxReady                                  build/usbd.o
USBD_GetRxCount                                   build/usbd_ioreq.o
USBD_GetString                                    build/usbd_ctlreq.o
USBD_HANDLER                                      build/usbd.o
USBD_HID_DataIn                                   build/usbd_hid.o
                                                  build/usbd.o
USBD_HID_DataOut                                  build/usbd_hid.o
                                                  build/usbd.o
USBD_HID_DescriptorOffset                         build/usbd_hid.o
USBD_HID_DeviceDescriptor                         build/usbd_desc.o
USBD_HID_EP0_RxReady                              build/usbd_hid.o
                                                  build/usbd.o
USBD_HID_Init                                     build/usbd_hid.o
                                                  build/usbd.o
USBD_HID_ReportDescriptor                         build/usbd_hid_if.o
USBD_HID_ReportDescriptorSize                     build/usbd_hid.o
USBD_HID_Setup                                    build/usbd_hid.o
                                                  build/usbd.o
USBD_Init                                         build/usbd_core.o
USBD_LL_ClearStallEP                              build/usbd_conf.o
                                                  build/usbd_ctlreq.o
USBD_LL_CloseEP                                   build/usbd_conf.o
                                                  build/usbd.o
USBD_LL_DataInStage                               build/usbd_core.o
USBD_LL_DataOutStage                              build/usbd_core.o
USBD_LL_DeInit                                    build/usbd_conf.o
                                                  build/usbd_core.o
USBD_LL_Delay                                     build/usbd_conf.o
USBD_LL_DevConnected                              build/usbd_core.o
                                                  build/usbd_conf.o
USBD_LL_DevDisconnected                           build/usbd_core.o
                                                  build/usbd_conf.o
USBD_LL_FlushEP                                   build/usbd_conf.o
USBD_LL_GetRxDataSize                             build/usbd_conf.o
                                                  build/usbd_ioreq.o
USBD_LL_Init                                      build/usbd_conf.o
                                                  build/usbd_core.o
USBD_LL_IsStallEP                                 build/usbd_conf.o
                                                  build/usbd_ctlreq.o
USBD_LL_IsoINIncomplete                           build/usbd_core.o
                                                  build/usbd_conf.o
USBD_LL_IsoOUTIncomplete                          build/usbd_core.o
                                                  build/usbd_conf.o
USBD_LL_OpenEP                                    build/usbd_conf.o
                                                  build/usbd_core.o
                                                  build/usbd_hid.o
USBD_LL_PrepareReceive                            build/usbd_conf.o
                                                  build/usbd_ioreq.o
                                                  build/usbd_core.o
                                                  build/usbd_hid.o
USBD_LL_Reset                                     build/usbd_core.o
USBD_LL_Resume                                    build/usbd_core.o
USBD_LL_SOF                                       build/usbd_core.o
USBD_LL_SetSpeed                                  build/usbd_core.o
USBD_LL_SetUSBAddress                             build/usbd_conf.o
                                                  build/usbd_ctlreq.o
USBD_LL_SetupStage                                build/usbd_core.o
USBD_LL_StallEP                                   build/usbd_conf.o
                                                  build/usbd_ctlreq.o
                                                  build/usbd_core.o
USBD_LL_Start                                     build/usbd_conf.o
                                                  build/usbd_core.o
USBD_LL_Stop                                      build/usbd_conf.o
                                                  build/usbd_core.o
USBD_LL_Suspend                                   build/usbd_core.o
USBD_LL_Transmit                                  build/usbd_conf.o
                                                  build/usbd_ioreq.o
USBD_ParseSetupRequest                            build/usbd_ctlreq.o
                                                  build/usbd_core.o
USBD_RegisterClass                                build/usbd_core.o
USBD_RunTestMode                                  build/usbd_core.o
USBD_SetClassConfig                               build/usbd_core.o
                                                  build/usbd_ctlreq.o
USBD_Start                                        build/usbd_core.o
                                                  build/main.o
USBD_StdDevReq                                    build/usbd_ctlreq.o
                                                  build/usbd_core.o
USBD_StdEPReq                                     build/usbd_ctlreq.o
                                                  build/usbd_core.o
USBD_StdItfReq                                    build/usbd_ctlreq.o
                                                  build/usbd_core.o
USBD_Stop                                         build/usbd_core.o
USBD_StrDesc                                      build/usbd_desc.o
USBD_StrDescriptor                                build/usbd_desc.o
USBD_StringDescriptor                             build/usbd_desc.o
USBD_StringSerial                                 build/usbd_desc.o
USB_ActivateDedicatedEndpoint                     build/stm32f7xx_ll_usb.o
USB_ActivateEndpoint                              build/stm32f7xx_ll_usb.o
                                                  build/stm32f7xx_hal_pcd.o
USB_ActivateRemoteWakeup                          build/stm32f7xx_ll_usb.o
                                                  build/stm32f7xx_hal_pcd.o
USB_ActivateSetup                                 build/stm32f7xx_ll_usb.o
                                                  build/stm32f7xx_hal_pcd.o
USB_ClearInterrupts                               build/stm32f7xx_ll_usb.o
USB_CoreInit                                      build/stm32f7xx_ll_usb.o
                                                  build/stm32f7xx_hal_pcd.o
USB_DeActivateRemoteWakeup                        build/stm32f7xx_ll_usb.o
                                                  build/stm32f7xx_hal_pcd.o
USB_DeactivateDedicatedEndpoint                   build/stm32f7xx_ll_usb.o
USB_DeactivateEndpoint                            build/stm32f7xx_ll_usb.o
                                                  build/stm32f7xx_hal_pcd.o
USB_DevConnect                                    build/stm32f7xx_ll_usb.o
                                                  build/stm32f7xx_hal_pcd.o
USB_DevDisconnect                                 build/stm32f7xx_ll_usb.o
                                                  build/stm32f7xx_hal_pcd.o
USB_DevInit                                       build/stm32f7xx_ll_usb.o
                                                  build/stm32f7xx_hal_pcd.o
USB_DisableGlobalInt                              build/stm32f7xx_ll_usb.o
                                                  build/stm32f7xx_hal_pcd.o
USB_DoPing                                        build/stm32f7xx_ll_usb.o
USB_DriveVbus                                     build/stm32f7xx_ll_usb.o
USB_EP0StartXfer                                  build/stm32f7xx_ll_usb.o
                                                  build/stm32f7xx_hal_pcd.o
USB_EP0_OutStart                                  build/stm32f7xx_ll_usb.o
                                                  build/stm32f7xx_hal_pcd.o
USB_EPClearStall                                  build/stm32f7xx_ll_usb.o
                                                  build/stm32f7xx_hal_pcd.o
USB_EPSetStall                                    build/stm32f7xx_ll_usb.o
                                                  build/stm32f7xx_hal_pcd.o
USB_EPStartXfer                                   build/stm32f7xx_ll_usb.o
                                                  build/stm32f7xx_hal_pcd.o
USB_EnableGlobalInt                               build/stm32f7xx_ll_usb.o
                                                  build/stm32f7xx_hal_pcd.o
USB_FlushRxFifo                                   build/stm32f7xx_ll_usb.o
                                                  build/stm32f7xx_hal_pcd.o
USB_FlushTxFifo                                   build/stm32f7xx_ll_usb.o
                                                  build/stm32f7xx_hal_pcd.o
USB_GetCurrentFrame                               build/stm32f7xx_ll_usb.o
USB_GetDevSpeed                                   build/stm32f7xx_ll_usb.o
                                                  build/stm32f7xx_hal_pcd.o
USB_GetHostSpeed                                  build/stm32f7xx_ll_usb.o
USB_GetMode                                       build/stm32f7xx_ll_usb.o
                                                  build/stm32f7xx_hal_pcd.o
USB_HC_Halt                                       build/stm32f7xx_ll_usb.o
USB_HC_Init                                       build/stm32f7xx_ll_usb.o
USB_HC_ReadInterrupt                              build/stm32f7xx_ll_usb.o
USB_HC_StartXfer                                  build/stm32f7xx_ll_usb.o
USB_HostInit                                      build/stm32f7xx_ll_usb.o
USB_InitFSLSPClkSel                               build/stm32f7xx_ll_usb.o
USB_ReadDevAllInEpInterrupt                       build/stm32f7xx_ll_usb.o
                                                  build/stm32f7xx_hal_pcd.o
USB_ReadDevAllOutEpInterrupt                      build/stm32f7xx_ll_usb.o
                                                  build/stm32f7xx_hal_pcd.o
USB_ReadDevInEPInterrupt                          build/stm32f7xx_ll_usb.o
                                                  build/stm32f7xx_hal_pcd.o
USB_ReadDevOutEPInterrupt                         build/stm32f7xx_ll_usb.o
                                                  build/stm32f7xx_hal_pcd.o
USB_ReadInterrupts                                build/stm32f7xx_ll_usb.o
                                                  build/stm32f7xx_hal_pcd.o
USB_ReadPacket                                    build/stm32f7xx_ll_usb.o
                                                  build/stm32f7xx_hal_pcd.o
USB_ResetPort                                     build/stm32f7xx_ll_usb.o
USB_SetCurrentMode                                build/stm32f7xx_ll_usb.o
                                                  build/stm32f7xx_hal_pcd.o
USB_SetDevAddress                                 build/stm32f7xx_ll_usb.o
                                                  build/stm32f7xx_hal_pcd.o
USB_SetDevSpeed                                   build/stm32f7xx_ll_usb.o
USB_SetTurnaroundTime                             build/stm32f7xx_ll_usb.o
                                                  build/stm32f7xx_hal_pcd.o
USB_StopDevice                                    build/stm32f7xx_ll_usb.o
                                                  build/stm32f7xx_hal_pcd.o
USB_StopHost                                      build/stm32f7xx_ll_usb.o
USB_WritePacket                                   build/stm32f7xx_ll_usb.o
                                                  build/stm32f7xx_hal_pcd.o
UsageFault_Handler                                build/stm32f7xx_it.o
WWDG_IRQHandler                                   build/startup_stm32f767xx.o
_ITM_deregisterTMCloneTable                       /usr/lib/gcc/arm-none-eabi/9.2.1/thumb/v7e-m+dp/hard/crtbegin.o
_ITM_registerTMCloneTable                         /usr/lib/gcc/arm-none-eabi/9.2.1/thumb/v7e-m+dp/hard/crtbegin.o
__HAL_RCC_USB_CLK_DISABLE                         build/usbd_conf.o
__HAL_RCC_USB_CLK_ENABLE                          build/usbd_conf.o
__TMC_END__                                       /usr/lib/gcc/arm-none-eabi/9.2.1/thumb/v7e-m+dp/hard/crtend.o
                                                  /usr/lib/gcc/arm-none-eabi/9.2.1/thumb/v7e-m+dp/hard/crtbegin.o
__aeabi_idiv0                                     /usr/lib/gcc/arm-none-eabi/9.2.1/thumb/v7e-m+dp/hard/libgcc.a(_dvmd_tls.o)
__aeabi_ldiv0                                     /usr/lib/gcc/arm-none-eabi/9.2.1/thumb/v7e-m+dp/hard/libgcc.a(_dvmd_tls.o)
                                                  /usr/lib/gcc/arm-none-eabi/9.2.1/thumb/v7e-m+dp/hard/libgcc.a(_aeabi_uldivmod.o)
__aeabi_uldivmod                                  /usr/lib/gcc/arm-none-eabi/9.2.1/thumb/v7e-m+dp/hard/libgcc.a(_aeabi_uldivmod.o)
                                                  build/stm32f7xx_hal_rcc.o
__atexit_dummy                                    /usr/lib/gcc/arm-none-eabi/9.2.1/../../../arm-none-eabi/lib/thumb/v7e-m+dp/hard/libc_nano.a(lib_a-__atexit.o)
__bss_end__                                       /usr/lib/gcc/arm-none-eabi/9.2.1/../../../arm-none-eabi/lib/thumb/v7e-m+dp/hard/crt0.o
__bss_start__                                     /usr/lib/gcc/arm-none-eabi/9.2.1/../../../arm-none-eabi/lib/thumb/v7e-m+dp/hard/crt0.o
__call_exitprocs                                  /usr/lib/gcc/arm-none-eabi/9.2.1/../../../arm-none-eabi/lib/thumb/v7e-m+dp/hard/libc_nano.a(lib_a-__call_atexit.o)
                                                  /usr/lib/gcc/arm-none-eabi/9.2.1/../../../arm-none-eabi/lib/thumb/v7e-m+dp/hard/libc_nano.a(lib_a-__atexit.o)
                                                  /usr/lib/gcc/arm-none-eabi/9.2.1/../../../arm-none-eabi/lib/thumb/v7e-m+dp/hard/libc_nano.a(lib_a-exit.o)
__deregister_frame_info                           /usr/lib/gcc/arm-none-eabi/9.2.1/thumb/v7e-m+dp/hard/crtbegin.o
__dso_handle                                      /usr/lib/gcc/arm-none-eabi/9.2.1/thumb/v7e-m+dp/hard/crtbegin.o
__fini_array_end                                  /usr/lib/gcc/arm-none-eabi/9.2.1/../../../arm-none-eabi/lib/thumb/v7e-m+dp/hard/libc_nano.a(lib_a-fini.o)
__fini_array_start                                /usr/lib/gcc/arm-none-eabi/9.2.1/../../../arm-none-eabi/lib/thumb/v7e-m+dp/hard/libc_nano.a(lib_a-fini.o)
__init_array_end                                  /usr/lib/gcc/arm-none-eabi/9.2.1/../../../arm-none-eabi/lib/thumb/v7e-m+dp/hard/libc_nano.a(lib_a-init.o)
__init_array_start                                /usr/lib/gcc/arm-none-eabi/9.2.1/../../../arm-none-eabi/lib/thumb/v7e-m+dp/hard/libc_nano.a(lib_a-init.o)
__libc_fini_array                                 /usr/lib/gcc/arm-none-eabi/9.2.1/../../../arm-none-eabi/lib/thumb/v7e-m+dp/hard/libc_nano.a(lib_a-fini.o)
                                                  /usr/lib/gcc/arm-none-eabi/9.2.1/../../../arm-none-eabi/lib/thumb/v7e-m+dp/hard/crt0.o
__libc_init_array                                 /usr/lib/gcc/arm-none-eabi/9.2.1/../../../arm-none-eabi/lib/thumb/v7e-m+dp/hard/libc_nano.a(lib_a-init.o)
                                                  build/startup_stm32f767xx.o
                                                  /usr/lib/gcc/arm-none-eabi/9.2.1/../../../arm-none-eabi/lib/thumb/v7e-m+dp/hard/crt0.o
__on_exit_args                                    /usr/lib/gcc/arm-none-eabi/9.2.1/../../../arm-none-eabi/lib/thumb/v7e-m+dp/hard/libc_nano.a(lib_a-__atexit.o)
__preinit_array_end                               /usr/lib/gcc/arm-none-eabi/9.2.1/../../../arm-none-eabi/lib/thumb/v7e-m+dp/hard/libc_nano.a(lib_a-init.o)
__preinit_array_start                             /usr/lib/gcc/arm-none-eabi/9.2.1/../../../arm-none-eabi/lib/thumb/v7e-m+dp/hard/libc_nano.a(lib_a-init.o)
__register_exitproc                               /usr/lib/gcc/arm-none-eabi/9.2.1/../../../arm-none-eabi/lib/thumb/v7e-m+dp/hard/libc_nano.a(lib_a-__atexit.o)
                                                  /usr/lib/gcc/arm-none-eabi/9.2.1/../../../arm-none-eabi/lib/thumb/v7e-m+dp/hard/libc_nano.a(lib_a-atexit.o)
__register_frame_info                             /usr/lib/gcc/arm-none-eabi/9.2.1/thumb/v7e-m+dp/hard/crtbegin.o
__sf_fake_stderr                                  /usr/lib/gcc/arm-none-eabi/9.2.1/../../../arm-none-eabi/lib/thumb/v7e-m+dp/hard/libc_nano.a(lib_a-impure.o)
__sf_fake_stdin                                   /usr/lib/gcc/arm-none-eabi/9.2.1/../../../arm-none-eabi/lib/thumb/v7e-m+dp/hard/libc_nano.a(lib_a-impure.o)
__sf_fake_stdout                                  /usr/lib/gcc/arm-none-eabi/9.2.1/../../../arm-none-eabi/lib/thumb/v7e-m+dp/hard/libc_nano.a(lib_a-impure.o)
__stack                                           /usr/lib/gcc/arm-none-eabi/9.2.1/../../../arm-none-eabi/lib/thumb/v7e-m+dp/hard/crt0.o
__udivmoddi4                                      /usr/lib/gcc/arm-none-eabi/9.2.1/thumb/v7e-m+dp/hard/libgcc.a(_udivmoddi4.o)
                                                  /usr/lib/gcc/arm-none-eabi/9.2.1/thumb/v7e-m+dp/hard/libgcc.a(_aeabi_uldivmod.o)
_ebss                                             build/startup_stm32f767xx.o
_edata                                            build/startup_stm32f767xx.o
_estack                                           build/startup_stm32f767xx.o
_exit                                             /usr/lib/gcc/arm-none-eabi/9.2.1/../../../arm-none-eabi/lib/thumb/v7e-m+dp/hard/libnosys.a(_exit.o)
                                                  /usr/lib/gcc/arm-none-eabi/9.2.1/../../../arm-none-eabi/lib/thumb/v7e-m+dp/hard/libc_nano.a(lib_a-exit.o)
_fini                                             /usr/lib/gcc/arm-none-eabi/9.2.1/thumb/v7e-m+dp/hard/crti.o
                                                  /usr/lib/gcc/arm-none-eabi/9.2.1/../../../arm-none-eabi/lib/thumb/v7e-m+dp/hard/libc_nano.a(lib_a-fini.o)
_global_atexit                                    /usr/lib/gcc/arm-none-eabi/9.2.1/../../../arm-none-eabi/lib/thumb/v7e-m+dp/hard/libc_nano.a(lib_a-__call_atexit.o)
                                                  /usr/lib/gcc/arm-none-eabi/9.2.1/../../../arm-none-eabi/lib/thumb/v7e-m+dp/hard/libc_nano.a(lib_a-__atexit.o)
_global_impure_ptr                                /usr/lib/gcc/arm-none-eabi/9.2.1/../../../arm-none-eabi/lib/thumb/v7e-m+dp/hard/libc_nano.a(lib_a-impure.o)
                                                  /usr/lib/gcc/arm-none-eabi/9.2.1/../../../arm-none-eabi/lib/thumb/v7e-m+dp/hard/libc_nano.a(lib_a-exit.o)
_impure_ptr                                       /usr/lib/gcc/arm-none-eabi/9.2.1/../../../arm-none-eabi/lib/thumb/v7e-m+dp/hard/libc_nano.a(lib_a-impure.o)
_init                                             /usr/lib/gcc/arm-none-eabi/9.2.1/thumb/v7e-m+dp/hard/crti.o
                                                  /usr/lib/gcc/arm-none-eabi/9.2.1/../../../arm-none-eabi/lib/thumb/v7e-m+dp/hard/libc_nano.a(lib_a-init.o)
_mainCRTStartup                                   /usr/lib/gcc/arm-none-eabi/9.2.1/../../../arm-none-eabi/lib/thumb/v7e-m+dp/hard/crt0.o
_sbss                                             build/startup_stm32f767xx.o
_sdata                                            build/startup_stm32f767xx.o
_sidata                                           build/startup_stm32f767xx.o
_stack_init                                       /usr/lib/gcc/arm-none-eabi/9.2.1/../../../arm-none-eabi/lib/thumb/v7e-m+dp/hard/crt0.o
_start                                            /usr/lib/gcc/arm-none-eabi/9.2.1/../../../arm-none-eabi/lib/thumb/v7e-m+dp/hard/crt0.o
atexit                                            /usr/lib/gcc/arm-none-eabi/9.2.1/../../../arm-none-eabi/lib/thumb/v7e-m+dp/hard/libc_nano.a(lib_a-atexit.o)
                                                  /usr/lib/gcc/arm-none-eabi/9.2.1/../../../arm-none-eabi/lib/thumb/v7e-m+dp/hard/crt0.o
exit                                              /usr/lib/gcc/arm-none-eabi/9.2.1/../../../arm-none-eabi/lib/thumb/v7e-m+dp/hard/libc_nano.a(lib_a-exit.o)
                                                  /usr/lib/gcc/arm-none-eabi/9.2.1/../../../arm-none-eabi/lib/thumb/v7e-m+dp/hard/crt0.o
g_pfnVectors                                      build/startup_stm32f767xx.o
hardware_init_hook                                /usr/lib/gcc/arm-none-eabi/9.2.1/../../../arm-none-eabi/lib/thumb/v7e-m+dp/hard/crt0.o
hidClassData                                      build/usbd.o
                                                  build/usbd_hid.o
hpcd                                              build/usbd_conf.o
i2c_handle                                        build/i2c.o
main                                              build/main.o
                                                  build/startup_stm32f767xx.o
                                                  /usr/lib/gcc/arm-none-eabi/9.2.1/../../../arm-none-eabi/lib/thumb/v7e-m+dp/hard/crt0.o
malloc                                            /usr/lib/gcc/arm-none-eabi/9.2.1/../../../arm-none-eabi/lib/thumb/v7e-m+dp/hard/libc_nano.a(lib_a-__atexit.o)
memset                                            /usr/lib/gcc/arm-none-eabi/9.2.1/../../../arm-none-eabi/lib/thumb/v7e-m+dp/hard/libc_nano.a(lib_a-memset.o)
                                                  /usr/lib/gcc/arm-none-eabi/9.2.1/../../../arm-none-eabi/lib/thumb/v7e-m+dp/hard/crt0.o
pFlash                                            build/stm32f7xx_hal_flash.o
                                                  build/stm32f7xx_hal_flash_ex.o
software_init_hook                                /usr/lib/gcc/arm-none-eabi/9.2.1/../../../arm-none-eabi/lib/thumb/v7e-m+dp/hard/crt0.o
usbd_hid_ep_intin                                 build/usbd.o
usbd_hid_if_num                                   build/usbd.o
uwTick                                            build/stm32f7xx_hal.o
uwTickFreq                                        build/stm32f7xx_hal.o
uwTickPrio                                        build/stm32f7xx_hal.o
                                                  build/stm32f7xx_hal_rcc.o
