Archive member included to satisfy reference by file (symbol)

/usr/lib/gcc/arm-none-eabi/9.2.1/../../../arm-none-eabi/lib/thumb/v7e-m+dp/hard/libc_nano.a(lib_a-atexit.o)
                              /usr/lib/gcc/arm-none-eabi/9.2.1/../../../arm-none-eabi/lib/thumb/v7e-m+dp/hard/crt0.o (atexit)
/usr/lib/gcc/arm-none-eabi/9.2.1/../../../arm-none-eabi/lib/thumb/v7e-m+dp/hard/libc_nano.a(lib_a-exit.o)
                              /usr/lib/gcc/arm-none-eabi/9.2.1/../../../arm-none-eabi/lib/thumb/v7e-m+dp/hard/crt0.o (exit)
/usr/lib/gcc/arm-none-eabi/9.2.1/../../../arm-none-eabi/lib/thumb/v7e-m+dp/hard/libc_nano.a(lib_a-fini.o)
                              /usr/lib/gcc/arm-none-eabi/9.2.1/../../../arm-none-eabi/lib/thumb/v7e-m+dp/hard/crt0.o (__libc_fini_array)
/usr/lib/gcc/arm-none-eabi/9.2.1/../../../arm-none-eabi/lib/thumb/v7e-m+dp/hard/libc_nano.a(lib_a-impure.o)
                              /usr/lib/gcc/arm-none-eabi/9.2.1/../../../arm-none-eabi/lib/thumb/v7e-m+dp/hard/libc_nano.a(lib_a-exit.o) (_global_impure_ptr)
/usr/lib/gcc/arm-none-eabi/9.2.1/../../../arm-none-eabi/lib/thumb/v7e-m+dp/hard/libc_nano.a(lib_a-init.o)
                              /usr/lib/gcc/arm-none-eabi/9.2.1/../../../arm-none-eabi/lib/thumb/v7e-m+dp/hard/crt0.o (__libc_init_array)
/usr/lib/gcc/arm-none-eabi/9.2.1/../../../arm-none-eabi/lib/thumb/v7e-m+dp/hard/libc_nano.a(lib_a-malloc.o)
                              build/usbd_iad.o (malloc)
/usr/lib/gcc/arm-none-eabi/9.2.1/../../../arm-none-eabi/lib/thumb/v7e-m+dp/hard/libc_nano.a(lib_a-memcpy.o)
                              build/usbd_iad_if.o (memcpy)
/usr/lib/gcc/arm-none-eabi/9.2.1/../../../arm-none-eabi/lib/thumb/v7e-m+dp/hard/libc_nano.a(lib_a-memset.o)
                              /usr/lib/gcc/arm-none-eabi/9.2.1/../../../arm-none-eabi/lib/thumb/v7e-m+dp/hard/crt0.o (memset)
/usr/lib/gcc/arm-none-eabi/9.2.1/../../../arm-none-eabi/lib/thumb/v7e-m+dp/hard/libc_nano.a(lib_a-nano-freer.o)
                              /usr/lib/gcc/arm-none-eabi/9.2.1/../../../arm-none-eabi/lib/thumb/v7e-m+dp/hard/libc_nano.a(lib_a-malloc.o) (_free_r)
/usr/lib/gcc/arm-none-eabi/9.2.1/../../../arm-none-eabi/lib/thumb/v7e-m+dp/hard/libc_nano.a(lib_a-nano-mallocr.o)
                              /usr/lib/gcc/arm-none-eabi/9.2.1/../../../arm-none-eabi/lib/thumb/v7e-m+dp/hard/libc_nano.a(lib_a-malloc.o) (_malloc_r)
/usr/lib/gcc/arm-none-eabi/9.2.1/../../../arm-none-eabi/lib/thumb/v7e-m+dp/hard/libc_nano.a(lib_a-sbrkr.o)
                              /usr/lib/gcc/arm-none-eabi/9.2.1/../../../arm-none-eabi/lib/thumb/v7e-m+dp/hard/libc_nano.a(lib_a-nano-mallocr.o) (_sbrk_r)
/usr/lib/gcc/arm-none-eabi/9.2.1/../../../arm-none-eabi/lib/thumb/v7e-m+dp/hard/libc_nano.a(lib_a-__atexit.o)
                              /usr/lib/gcc/arm-none-eabi/9.2.1/../../../arm-none-eabi/lib/thumb/v7e-m+dp/hard/libc_nano.a(lib_a-atexit.o) (__register_exitproc)
/usr/lib/gcc/arm-none-eabi/9.2.1/../../../arm-none-eabi/lib/thumb/v7e-m+dp/hard/libc_nano.a(lib_a-__call_atexit.o)
                              /usr/lib/gcc/arm-none-eabi/9.2.1/../../../arm-none-eabi/lib/thumb/v7e-m+dp/hard/libc_nano.a(lib_a-__atexit.o) (__call_exitprocs)
/usr/lib/gcc/arm-none-eabi/9.2.1/../../../arm-none-eabi/lib/thumb/v7e-m+dp/hard/libc_nano.a(lib_a-mlock.o)
                              /usr/lib/gcc/arm-none-eabi/9.2.1/../../../arm-none-eabi/lib/thumb/v7e-m+dp/hard/libc_nano.a(lib_a-nano-freer.o) (__malloc_lock)
/usr/lib/gcc/arm-none-eabi/9.2.1/../../../arm-none-eabi/lib/thumb/v7e-m+dp/hard/libc_nano.a(lib_a-reent.o)
                              /usr/lib/gcc/arm-none-eabi/9.2.1/../../../arm-none-eabi/lib/thumb/v7e-m+dp/hard/libc_nano.a(lib_a-sbrkr.o) (errno)
/usr/lib/gcc/arm-none-eabi/9.2.1/../../../arm-none-eabi/lib/thumb/v7e-m+dp/hard/libnosys.a(sbrk.o)
                              /usr/lib/gcc/arm-none-eabi/9.2.1/../../../arm-none-eabi/lib/thumb/v7e-m+dp/hard/libc_nano.a(lib_a-sbrkr.o) (_sbrk)
/usr/lib/gcc/arm-none-eabi/9.2.1/../../../arm-none-eabi/lib/thumb/v7e-m+dp/hard/libnosys.a(_exit.o)
                              /usr/lib/gcc/arm-none-eabi/9.2.1/../../../arm-none-eabi/lib/thumb/v7e-m+dp/hard/libc_nano.a(lib_a-exit.o) (_exit)
/usr/lib/gcc/arm-none-eabi/9.2.1/thumb/v7e-m+dp/hard/libgcc.a(_aeabi_uldivmod.o)
                              build/stm32f7xx_hal_rcc.o (__aeabi_uldivmod)
/usr/lib/gcc/arm-none-eabi/9.2.1/thumb/v7e-m+dp/hard/libgcc.a(_udivmoddi4.o)
                              /usr/lib/gcc/arm-none-eabi/9.2.1/thumb/v7e-m+dp/hard/libgcc.a(_aeabi_uldivmod.o) (__udivmoddi4)
/usr/lib/gcc/arm-none-eabi/9.2.1/thumb/v7e-m+dp/hard/libgcc.a(_dvmd_tls.o)
                              /usr/lib/gcc/arm-none-eabi/9.2.1/thumb/v7e-m+dp/hard/libgcc.a(_aeabi_uldivmod.o) (__aeabi_ldiv0)

Allocating common symbols
Common symbol       size              file

hUsbDeviceFS        0x2d0             build/usb_device.o
UserTxBufferFS2     0x800             build/usbd_iad_if.o
SaveState           0x2               build/usb_device.o
[...]
Memory Configuration

Name             Origin             Length             Attributes
RAM              0x0000000020000000 0x0000000000080000 xrw
FLASH            0x0000000008000000 0x0000000000200000 xr
*default*        0x0000000000000000 0xffffffffffffffff

Linker script and memory map

LOAD /usr/lib/gcc/arm-none-eabi/9.2.1/thumb/v7e-m+dp/hard/crti.o
LOAD /usr/lib/gcc/arm-none-eabi/9.2.1/thumb/v7e-m+dp/hard/crtbegin.o
LOAD /usr/lib/gcc/arm-none-eabi/9.2.1/../../../arm-none-eabi/lib/thumb/v7e-m+dp/hard/crt0.o
LOAD build/main.o
LOAD build/usb_device.o
LOAD build/usbd_conf.o
LOAD build/usbd_desc.o
LOAD build/usbd_iad.o
LOAD build/usbd_iad_if.o
LOAD build/stm32f7xx_it.o
LOAD build/stm32f7xx_hal_msp.o
LOAD build/stm32f7xx_hal_pcd.o
LOAD build/stm32f7xx_hal_pcd_ex.o
LOAD build/stm32f7xx_ll_usb.o
LOAD build/stm32f7xx_hal_rcc.o
LOAD build/stm32f7xx_hal_rcc_ex.o
LOAD build/stm32f7xx_hal_flash.o
LOAD build/stm32f7xx_hal_flash_ex.o
LOAD build/stm32f7xx_hal_gpio.o
LOAD build/stm32f7xx_hal_dma.o
LOAD build/stm32f7xx_hal_dma_ex.o
LOAD build/stm32f7xx_hal_pwr.o
LOAD build/stm32f7xx_hal_pwr_ex.o
LOAD build/stm32f7xx_hal_cortex.o
LOAD build/stm32f7xx_hal.o
LOAD build/stm32f7xx_hal_i2c.o
LOAD build/stm32f7xx_hal_i2c_ex.o
LOAD build/stm32f7xx_hal_exti.o
LOAD build/stm32f7xx_hal_tim.o
LOAD build/stm32f7xx_hal_tim_ex.o
LOAD build/system_stm32f7xx.o
LOAD build/usbd_core.o
LOAD build/usbd_ctlreq.o
LOAD build/usbd_ioreq.o
LOAD build/usbd_cdc.o
LOAD build/startup_stm32f767xx.o
LOAD /usr/lib/gcc/arm-none-eabi/9.2.1/../../../arm-none-eabi/lib/thumb/v7e-m+dp/hard/libc_nano.a
LOAD /usr/lib/gcc/arm-none-eabi/9.2.1/../../../arm-none-eabi/lib/thumb/v7e-m+dp/hard/libm.a
LOAD /usr/lib/gcc/arm-none-eabi/9.2.1/../../../arm-none-eabi/lib/thumb/v7e-m+dp/hard/libnosys.a
START GROUP
LOAD /usr/lib/gcc/arm-none-eabi/9.2.1/thumb/v7e-m+dp/hard/libgcc.a
LOAD /usr/lib/gcc/arm-none-eabi/9.2.1/../../../arm-none-eabi/lib/thumb/v7e-m+dp/hard/libc_nano.a
END GROUP
START GROUP
LOAD /usr/lib/gcc/arm-none-eabi/9.2.1/thumb/v7e-m+dp/hard/libgcc.a
LOAD /usr/lib/gcc/arm-none-eabi/9.2.1/../../../arm-none-eabi/lib/thumb/v7e-m+dp/hard/libc_nano.a
END GROUP
LOAD /usr/lib/gcc/arm-none-eabi/9.2.1/thumb/v7e-m+dp/hard/crtend.o
LOAD /usr/lib/gcc/arm-none-eabi/9.2.1/thumb/v7e-m+dp/hard/crtn.o
                0x0000000020080000                _estack = 0x20080000
                0x0000000000000200                _Min_Heap_Size = 0x200
                0x0000000000000400                _Min_Stack_Size = 0x400

.isr_vector     0x0000000008000000      0x1f8
                0x0000000008000000                . = ALIGN (0x4)
 *(.isr_vector)
 .isr_vector    0x0000000008000000      0x1f8 build/startup_stm32f767xx.o
                0x0000000008000000                g_pfnVectors
                0x00000000080001f8                . = ALIGN (0x4)

.text           0x00000000080001f8     0x4624
                0x00000000080001f8                . = ALIGN (0x4)
 *(.text)
 .text          0x00000000080001f8       0x88 /usr/lib/gcc/arm-none-eabi/9.2.1/thumb/v7e-m+dp/hard/crtbegin.o
 .text          0x0000000008000280       0x48 /usr/lib/gcc/arm-none-eabi/9.2.1/../../../arm-none-eabi/lib/thumb/v7e-m+dp/hard/libc_nano.a(lib_a-init.o)
                0x0000000008000280                __libc_init_array
 .text          0x00000000080002c8       0x20 /usr/lib/gcc/arm-none-eabi/9.2.1/../../../arm-none-eabi/lib/thumb/v7e-m+dp/hard/libc_nano.a(lib_a-malloc.o)
                0x00000000080002c8                malloc
                0x00000000080002d8                free
 .text          0x00000000080002e8      0x134 /usr/lib/gcc/arm-none-eabi/9.2.1/../../../arm-none-eabi/lib/thumb/v7e-m+dp/hard/libc_nano.a(lib_a-memcpy.o)
                0x00000000080002e8                memcpy
 .text          0x000000000800041c       0xa0 /usr/lib/gcc/arm-none-eabi/9.2.1/../../../arm-none-eabi/lib/thumb/v7e-m+dp/hard/libc_nano.a(lib_a-memset.o)
                0x000000000800041c                memset
 .text          0x00000000080004bc       0xac /usr/lib/gcc/arm-none-eabi/9.2.1/../../../arm-none-eabi/lib/thumb/v7e-m+dp/hard/libc_nano.a(lib_a-nano-freer.o)
                0x00000000080004bc                _free_r
 .text          0x0000000008000568       0xc8 /usr/lib/gcc/arm-none-eabi/9.2.1/../../../arm-none-eabi/lib/thumb/v7e-m+dp/hard/libc_nano.a(lib_a-nano-mallocr.o)
                0x0000000008000568                _malloc_r
 .text          0x0000000008000630       0x24 /usr/lib/gcc/arm-none-eabi/9.2.1/../../../arm-none-eabi/lib/thumb/v7e-m+dp/hard/libc_nano.a(lib_a-sbrkr.o)
                0x0000000008000630                _sbrk_r
 .text          0x0000000008000654        0x8 /usr/lib/gcc/arm-none-eabi/9.2.1/../../../arm-none-eabi/lib/thumb/v7e-m+dp/hard/libc_nano.a(lib_a-mlock.o)
                0x0000000008000654                __malloc_lock
                0x0000000008000658                __malloc_unlock
 .text          0x000000000800065c       0x1c /usr/lib/gcc/arm-none-eabi/9.2.1/../../../arm-none-eabi/lib/thumb/v7e-m+dp/hard/libnosys.a(sbrk.o)
                0x000000000800065c                _sbrk
 .text          0x0000000008000678       0x30 /usr/lib/gcc/arm-none-eabi/9.2.1/thumb/v7e-m+dp/hard/libgcc.a(_aeabi_uldivmod.o)
                0x0000000008000678                __aeabi_uldivmod
 .text          0x00000000080006a8      0x2c4 /usr/lib/gcc/arm-none-eabi/9.2.1/thumb/v7e-m+dp/hard/libgcc.a(_udivmoddi4.o)
                0x00000000080006a8                __udivmoddi4
 .text          0x000000000800096c        0x4 /usr/lib/gcc/arm-none-eabi/9.2.1/thumb/v7e-m+dp/hard/libgcc.a(_dvmd_tls.o)
                0x000000000800096c                __aeabi_ldiv0
                0x000000000800096c                __aeabi_idiv0
 *(.text*)
 .text.MX_GPIO_Init
                0x0000000008000970      0x190 build/main.o
 .text.Error_Handler
                0x0000000008000b00       0x14 build/main.o
                0x0000000008000b00                Error_Handler
 .text.SystemClock_Config
                0x0000000008000b14       0xe8 build/main.o
                0x0000000008000b14                SystemClock_Config
 .text.main     0x0000000008000bfc       0x6a build/main.o
                0x0000000008000bfc                main
 *fill*         0x0000000008000c66        0x2 
 .text.MX_USB_DEVICE_Init
                0x0000000008000c68       0x38 build/usb_device.o
                0x0000000008000c68                MX_USB_DEVICE_Init
 .text.SystemClockConfig_Resume
                0x0000000008000ca0        0x8 build/usbd_conf.o
 .text.HAL_PCD_MspInit
                0x0000000008000ca8       0xa0 build/usbd_conf.o
                0x0000000008000ca8                HAL_PCD_MspInit
 .text.HAL_PCD_SetupStageCallback
                0x0000000008000d48       0x10 build/usbd_conf.o
                0x0000000008000d48                HAL_PCD_SetupStageCallback
 .text.HAL_PCD_DataOutStageCallback
                0x0000000008000d58       0x18 build/usbd_conf.o
                0x0000000008000d58                HAL_PCD_DataOutStageCallback
 .text.HAL_PCD_DataInStageCallback
                0x0000000008000d70       0x16 build/usbd_conf.o
                0x0000000008000d70                HAL_PCD_DataInStageCallback
 .text.HAL_PCD_SOFCallback
                0x0000000008000d86        0xc build/usbd_conf.o
                0x0000000008000d86                HAL_PCD_SOFCallback
 .text.HAL_PCD_ResetCallback
                0x0000000008000d92       0x2c build/usbd_conf.o
                0x0000000008000d92                HAL_PCD_ResetCallback
 *fill*         0x0000000008000dbe        0x2 
 .text.HAL_PCD_SuspendCallback
                0x0000000008000dc0       0x30 build/usbd_conf.o
                0x0000000008000dc0                HAL_PCD_SuspendCallback
 .text.HAL_PCD_ResumeCallback
                0x0000000008000df0        0xc build/usbd_conf.o
                0x0000000008000df0                HAL_PCD_ResumeCallback
 .text.HAL_PCD_ISOOUTIncompleteCallback
                0x0000000008000dfc        0xc build/usbd_conf.o
                0x0000000008000dfc                HAL_PCD_ISOOUTIncompleteCallback
 .text.HAL_PCD_ISOINIncompleteCallback
                0x0000000008000e08        0xc build/usbd_conf.o
                0x0000000008000e08                HAL_PCD_ISOINIncompleteCallback
 .text.HAL_PCD_ConnectCallback
                0x0000000008000e14        0xc build/usbd_conf.o
                0x0000000008000e14                HAL_PCD_ConnectCallback
 .text.HAL_PCD_DisconnectCallback
                0x0000000008000e20        0xc build/usbd_conf.o
                0x0000000008000e20                HAL_PCD_DisconnectCallback
 .text.USBD_LL_Init
                0x0000000008000e2c       0x80 build/usbd_conf.o
                0x0000000008000e2c                USBD_LL_Init
 .text.USBD_LL_IsStallEP
                0x0000000008000eac       0x2e build/usbd_conf.o
                0x0000000008000eac                USBD_LL_IsStallEP
 .text.USBD_LL_GetRxDataSize
                0x0000000008000eda        0xc build/usbd_conf.o
                0x0000000008000eda                USBD_LL_GetRxDataSize
 *fill*         0x0000000008000ee6        0x2 
 .text.HAL_PCDEx_LPM_Callback
                0x0000000008000ee8       0x64 build/usbd_conf.o
                0x0000000008000ee8                HAL_PCDEx_LPM_Callback
 .text.USBD_Get_USB_Status
                0x0000000008000f4c       0x14 build/usbd_conf.o
                0x0000000008000f4c                USBD_Get_USB_Status
 .text.USBD_LL_Start
                0x0000000008000f60       0x10 build/usbd_conf.o
                0x0000000008000f60                USBD_LL_Start
 .text.USBD_LL_OpenEP
                0x0000000008000f70       0x16 build/usbd_conf.o
                0x0000000008000f70                USBD_LL_OpenEP
 .text.USBD_LL_CloseEP
                0x0000000008000f86       0x10 build/usbd_conf.o
                0x0000000008000f86                USBD_LL_CloseEP
 .text.USBD_LL_StallEP
                0x0000000008000f96       0x10 build/usbd_conf.o
                0x0000000008000f96                USBD_LL_StallEP
 .text.USBD_LL_ClearStallEP
                0x0000000008000fa6       0x10 build/usbd_conf.o
                0x0000000008000fa6                USBD_LL_ClearStallEP
 .text.USBD_LL_SetUSBAddress
                0x0000000008000fb6       0x10 build/usbd_conf.o
                0x0000000008000fb6                USBD_LL_SetUSBAddress
 .text.USBD_LL_Transmit
                0x0000000008000fc6       0x10 build/usbd_conf.o
                0x0000000008000fc6                USBD_LL_Transmit
 .text.USBD_LL_PrepareReceive
                0x0000000008000fd6       0x10 build/usbd_conf.o
                0x0000000008000fd6                USBD_LL_PrepareReceive
 *fill*         0x0000000008000fe6        0x2 
 .text.USBD_FS_DeviceDescriptor
                0x0000000008000fe8        0xc build/usbd_desc.o
                0x0000000008000fe8                USBD_FS_DeviceDescriptor
 .text.USBD_FS_LangIDStrDescriptor
                0x0000000008000ff4        0xc build/usbd_desc.o
                0x0000000008000ff4                USBD_FS_LangIDStrDescriptor
 .text.USBD_FS_USR_BOSDescriptor
                0x0000000008001000        0xc build/usbd_desc.o
                0x0000000008001000                USBD_FS_USR_BOSDescriptor
 .text.IntToUnicode
                0x000000000800100c       0x38 build/usbd_desc.o
 .text.Get_SerialNum
                0x0000000008001044       0x34 build/usbd_desc.o
 .text.USBD_FS_SerialStrDescriptor
                0x0000000008001078       0x14 build/usbd_desc.o
                0x0000000008001078                USBD_FS_SerialStrDescriptor
 .text.USBD_FS_ProductStrDescriptor
                0x000000000800108c       0x24 build/usbd_desc.o
                0x000000000800108c                USBD_FS_ProductStrDescriptor
 .text.USBD_FS_ManufacturerStrDescriptor
                0x00000000080010b0       0x1c build/usbd_desc.o
                0x00000000080010b0                USBD_FS_ManufacturerStrDescriptor
 .text.USBD_FS_ConfigStrDescriptor
                0x00000000080010cc       0x24 build/usbd_desc.o
                0x00000000080010cc                USBD_FS_ConfigStrDescriptor
 .text.USBD_FS_InterfaceStrDescriptor
                0x00000000080010f0       0x24 build/usbd_desc.o
                0x00000000080010f0                USBD_FS_InterfaceStrDescriptor
 .text.USBD_IAD_DataIn
                0x0000000008001114       0x20 build/usbd_iad.o
 .text.USBD_IAD_EP0_RxReady
                0x0000000008001134       0x28 build/usbd_iad.o
 .text.USBD_IAD_GetFSCfgDesc
                0x000000000800115c        0xc build/usbd_iad.o
 .text.USBD_IAD_GetOtherSpeedCfgDesc
                0x0000000008001168        0xc build/usbd_iad.o
 .text.USBD_IAD_GetDeviceQualifierDescriptor
                0x0000000008001174        0xc build/usbd_iad.o
                0x0000000008001174                USBD_IAD_GetDeviceQualifierDescriptor
 .text.USBD_IAD_DataOut
                0x0000000008001180       0x44 build/usbd_iad.o
 .text.USBD_IAD_Setup
                0x00000000080011c4       0x74 build/usbd_iad.o
 .text.USBD_IAD_DeInit
                0x0000000008001238       0x52 build/usbd_iad.o
 .text.USBD_IAD_Init
                0x000000000800128a       0x8a build/usbd_iad.o
 .text.USBD_IAD_RegisterInterface
                0x0000000008001314        0xe build/usbd_iad.o
                0x0000000008001314                USBD_IAD_RegisterInterface
 .text.USBD_IAD_CDC1_SetTxBuffer
                0x0000000008001322        0xc build/usbd_iad.o
                0x0000000008001322                USBD_IAD_CDC1_SetTxBuffer
 .text.USBD_IAD_CDC2_SetTxBuffer
                0x000000000800132e        0xc build/usbd_iad.o
                0x000000000800132e                USBD_IAD_CDC2_SetTxBuffer
 .text.USBD_IAD_CDC1_SetRxBuffer
                0x000000000800133a        0xa build/usbd_iad.o
                0x000000000800133a                USBD_IAD_CDC1_SetRxBuffer
 .text.USBD_IAD_CDC2_SetRxBuffer
                0x0000000008001344        0xa build/usbd_iad.o
                0x0000000008001344                USBD_IAD_CDC2_SetRxBuffer
 .text.USBD_IAD_CDC1_TransmitPacket
                0x000000000800134e       0x26 build/usbd_iad.o
                0x000000000800134e                USBD_IAD_CDC1_TransmitPacket
 .text.USBD_IAD_CDC2_TransmitPacket
                0x0000000008001374       0x26 build/usbd_iad.o
                0x0000000008001374                USBD_IAD_CDC2_TransmitPacket
 .text.USBD_IAD_CDC1_ReceivePacket
                0x000000000800139a       0x2c build/usbd_iad.o
                0x000000000800139a                USBD_IAD_CDC1_ReceivePacket
 .text.USBD_IAD_CDC2_ReceivePacket
                0x00000000080013c6       0x2c build/usbd_iad.o
                0x00000000080013c6                USBD_IAD_CDC2_ReceivePacket
 .text.IAD_DeInit_FS
                0x00000000080013f2        0x4 build/usbd_iad_if.o
 .text.IAD_Control_FS
                0x00000000080013f6       0x20 build/usbd_iad_if.o
 *fill*         0x0000000008001416        0x2 
 .text.IAD_Receive_CDC2_FS
                0x0000000008001418       0x2c build/usbd_iad_if.o
 .text.IAD_Receive_CDC1_FS
                0x0000000008001444       0x2c build/usbd_iad_if.o
 .text.IAD_Init_FS
                0x0000000008001470       0x54 build/usbd_iad_if.o
 .text.IAD_CDC1_Transmit_FS
                0x00000000080014c4       0x28 build/usbd_iad_if.o
                0x00000000080014c4                IAD_CDC1_Transmit_FS
 .text.IAD_CDC2_Transmit_FS
                0x00000000080014ec       0x28 build/usbd_iad_if.o
                0x00000000080014ec                IAD_CDC2_Transmit_FS
 .text.CDC_Receive_VCP1_FS
                0x0000000008001514       0x58 build/usbd_iad_if.o
                0x0000000008001514                CDC_Receive_VCP1_FS
 .text.CDC_Receive_VCP2_FS
                0x000000000800156c       0x58 build/usbd_iad_if.o
                0x000000000800156c                CDC_Receive_VCP2_FS
 .text.NMI_Handler
                0x00000000080015c4        0x2 build/stm32f7xx_it.o
                0x00000000080015c4                NMI_Handler
 .text.HardFault_Handler
                0x00000000080015c6        0x2 build/stm32f7xx_it.o
                0x00000000080015c6                HardFault_Handler
 .text.MemManage_Handler
                0x00000000080015c8        0x2 build/stm32f7xx_it.o
                0x00000000080015c8                MemManage_Handler
 .text.BusFault_Handler
                0x00000000080015ca        0x2 build/stm32f7xx_it.o
                0x00000000080015ca                BusFault_Handler
 .text.UsageFault_Handler
                0x00000000080015cc        0x2 build/stm32f7xx_it.o
                0x00000000080015cc                UsageFault_Handler
 .text.SVC_Handler
                0x00000000080015ce        0x2 build/stm32f7xx_it.o
                0x00000000080015ce                SVC_Handler
 .text.DebugMon_Handler
                0x00000000080015d0        0x2 build/stm32f7xx_it.o
                0x00000000080015d0                DebugMon_Handler
 .text.PendSV_Handler
                0x00000000080015d2        0x2 build/stm32f7xx_it.o
                0x00000000080015d2                PendSV_Handler
 .text.SysTick_Handler
                0x00000000080015d4        0x8 build/stm32f7xx_it.o
                0x00000000080015d4                SysTick_Handler
 .text.OTG_FS_IRQHandler
                0x00000000080015dc       0x10 build/stm32f7xx_it.o
                0x00000000080015dc                OTG_FS_IRQHandler
 .text.HAL_MspInit
                0x00000000080015ec       0x30 build/stm32f7xx_hal_msp.o
                0x00000000080015ec                HAL_MspInit
 .text.PCD_WriteEmptyTxFifo
                0x000000000800161c       0xd2 build/stm32f7xx_hal_pcd.o
 .text.HAL_PCD_Init
                0x00000000080016ee      0x134 build/stm32f7xx_hal_pcd.o
                0x00000000080016ee                HAL_PCD_Init
 .text.HAL_PCD_Start
                0x0000000008001822       0x2a build/stm32f7xx_hal_pcd.o
                0x0000000008001822                HAL_PCD_Start
 .text.PCD_EP_OutXfrComplete_int
                0x000000000800184c       0xf8 build/stm32f7xx_hal_pcd.o
 .text.PCD_EP_OutSetupPacket_int
                0x0000000008001944       0x50 build/stm32f7xx_hal_pcd.o
 .text.HAL_PCD_IRQHandler
                0x0000000008001994      0x4ee build/stm32f7xx_hal_pcd.o
                0x0000000008001994                HAL_PCD_IRQHandler
 .text.HAL_PCD_SetAddress
                0x0000000008001e82       0x28 build/stm32f7xx_hal_pcd.o
                0x0000000008001e82                HAL_PCD_SetAddress
 .text.HAL_PCD_EP_Open
                0x0000000008001eaa       0x86 build/stm32f7xx_hal_pcd.o
                0x0000000008001eaa                HAL_PCD_EP_Open
 .text.HAL_PCD_EP_Close
                0x0000000008001f30       0x72 build/stm32f7xx_hal_pcd.o
                0x0000000008001f30                HAL_PCD_EP_Close
 .text.HAL_PCD_EP_Receive
                0x0000000008001fa2       0x5e build/stm32f7xx_hal_pcd.o
                0x0000000008001fa2                HAL_PCD_EP_Receive
 .text.HAL_PCD_EP_GetRxCount
                0x0000000008002000       0x12 build/stm32f7xx_hal_pcd.o
                0x0000000008002000                HAL_PCD_EP_GetRxCount
 .text.HAL_PCD_EP_Transmit
                0x0000000008002012       0x56 build/stm32f7xx_hal_pcd.o
                0x0000000008002012                HAL_PCD_EP_Transmit
 .text.HAL_PCD_EP_SetStall
                0x0000000008002068       0x88 build/stm32f7xx_hal_pcd.o
                0x0000000008002068                HAL_PCD_EP_SetStall
 .text.HAL_PCD_EP_ClrStall
                0x00000000080020f0       0x76 build/stm32f7xx_hal_pcd.o
                0x00000000080020f0                HAL_PCD_EP_ClrStall
 .text.HAL_PCDEx_SetTxFiFo
                0x0000000008002166       0x48 build/stm32f7xx_hal_pcd_ex.o
                0x0000000008002166                HAL_PCDEx_SetTxFiFo
 .text.HAL_PCDEx_SetRxFiFo
                0x00000000080021ae        0x8 build/stm32f7xx_hal_pcd_ex.o
                0x00000000080021ae                HAL_PCDEx_SetRxFiFo
 *fill*         0x00000000080021b6        0x2 
 .text.HAL_PCDEx_ActivateLPM
                0x00000000080021b8       0x28 build/stm32f7xx_hal_pcd_ex.o
                0x00000000080021b8                HAL_PCDEx_ActivateLPM
 .text.USB_CoreReset
                0x00000000080021e0       0x3c build/stm32f7xx_ll_usb.o
 .text.USB_CoreInit
                0x000000000800221c       0x7c build/stm32f7xx_ll_usb.o
                0x000000000800221c                USB_CoreInit
 .text.USB_SetTurnaroundTime
                0x0000000008002298       0xe4 build/stm32f7xx_ll_usb.o
                0x0000000008002298                USB_SetTurnaroundTime
 .text.USB_EnableGlobalInt
                0x000000000800237c        0xc build/stm32f7xx_ll_usb.o
                0x000000000800237c                USB_EnableGlobalInt
 .text.USB_DisableGlobalInt
                0x0000000008002388        0xc build/stm32f7xx_ll_usb.o
                0x0000000008002388                USB_DisableGlobalInt
 .text.USB_SetCurrentMode
                0x0000000008002394       0x30 build/stm32f7xx_ll_usb.o
                0x0000000008002394                USB_SetCurrentMode
 .text.USB_FlushTxFifo
                0x00000000080023c4       0x28 build/stm32f7xx_ll_usb.o
                0x00000000080023c4                USB_FlushTxFifo
 .text.USB_FlushRxFifo
                0x00000000080023ec       0x24 build/stm32f7xx_ll_usb.o
                0x00000000080023ec                USB_FlushRxFifo
 .text.USB_SetDevSpeed
                0x0000000008002410        0xe build/stm32f7xx_ll_usb.o
                0x0000000008002410                USB_SetDevSpeed
 *fill*         0x000000000800241e        0x2 
 .text.USB_DevInit
                0x0000000008002420      0x1ac build/stm32f7xx_ll_usb.o
                0x0000000008002420                USB_DevInit
 .text.USB_GetDevSpeed
                0x00000000080025cc       0x1e build/stm32f7xx_ll_usb.o
                0x00000000080025cc                USB_GetDevSpeed
 *fill*         0x00000000080025ea        0x2 
 .text.USB_ActivateEndpoint
                0x00000000080025ec       0x90 build/stm32f7xx_ll_usb.o
                0x00000000080025ec                USB_ActivateEndpoint
 .text.USB_DeactivateEndpoint
                0x000000000800267c       0xdc build/stm32f7xx_ll_usb.o
                0x000000000800267c                USB_DeactivateEndpoint
 .text.USB_EP0StartXfer
                0x0000000008002758      0x118 build/stm32f7xx_ll_usb.o
                0x0000000008002758                USB_EP0StartXfer
 .text.USB_WritePacket
                0x0000000008002870       0x28 build/stm32f7xx_ll_usb.o
                0x0000000008002870                USB_WritePacket
 .text.USB_EPStartXfer
                0x0000000008002898      0x214 build/stm32f7xx_ll_usb.o
                0x0000000008002898                USB_EPStartXfer
 .text.USB_ReadPacket
                0x0000000008002aac       0x22 build/stm32f7xx_ll_usb.o
                0x0000000008002aac                USB_ReadPacket
 .text.USB_EPSetStall
                0x0000000008002ace       0x5a build/stm32f7xx_ll_usb.o
                0x0000000008002ace                USB_EPSetStall
 .text.USB_EPClearStall
                0x0000000008002b28       0x5c build/stm32f7xx_ll_usb.o
                0x0000000008002b28                USB_EPClearStall
 .text.USB_SetDevAddress
                0x0000000008002b84       0x20 build/stm32f7xx_ll_usb.o
                0x0000000008002b84                USB_SetDevAddress
 .text.USB_DevConnect
                0x0000000008002ba4       0x1c build/stm32f7xx_ll_usb.o
                0x0000000008002ba4                USB_DevConnect
 .text.USB_DevDisconnect
                0x0000000008002bc0       0x1c build/stm32f7xx_ll_usb.o
                0x0000000008002bc0                USB_DevDisconnect
 .text.USB_ReadInterrupts
                0x0000000008002bdc        0x8 build/stm32f7xx_ll_usb.o
                0x0000000008002bdc                USB_ReadInterrupts
 .text.USB_ReadDevAllOutEpInterrupt
                0x0000000008002be4       0x10 build/stm32f7xx_ll_usb.o
                0x0000000008002be4                USB_ReadDevAllOutEpInterrupt
 .text.USB_ReadDevAllInEpInterrupt
                0x0000000008002bf4       0x10 build/stm32f7xx_ll_usb.o
                0x0000000008002bf4                USB_ReadDevAllInEpInterrupt
 .text.USB_ReadDevOutEPInterrupt
                0x0000000008002c04       0x12 build/stm32f7xx_ll_usb.o
                0x0000000008002c04                USB_ReadDevOutEPInterrupt
 .text.USB_ReadDevInEPInterrupt
                0x0000000008002c16       0x28 build/stm32f7xx_ll_usb.o
                0x0000000008002c16                USB_ReadDevInEPInterrupt
 .text.USB_GetMode
                0x0000000008002c3e        0x8 build/stm32f7xx_ll_usb.o
                0x0000000008002c3e                USB_GetMode
 *fill*         0x0000000008002c46        0x2 
 .text.USB_ActivateSetup
                0x0000000008002c48       0x20 build/stm32f7xx_ll_usb.o
                0x0000000008002c48                USB_ActivateSetup
 .text.USB_EP0_OutStart
                0x0000000008002c68       0x60 build/stm32f7xx_ll_usb.o
                0x0000000008002c68                USB_EP0_OutStart
 .text.HAL_RCC_OscConfig
                0x0000000008002cc8      0x444 build/stm32f7xx_hal_rcc.o
                0x0000000008002cc8                HAL_RCC_OscConfig
 .text.HAL_RCC_GetSysClockFreq
                0x000000000800310c       0xcc build/stm32f7xx_hal_rcc.o
                0x000000000800310c                HAL_RCC_GetSysClockFreq
 .text.HAL_RCC_ClockConfig
                0x00000000080031d8      0x16c build/stm32f7xx_hal_rcc.o
                0x00000000080031d8                HAL_RCC_ClockConfig
 .text.HAL_RCC_GetHCLKFreq
                0x0000000008003344        0xc build/stm32f7xx_hal_rcc.o
                0x0000000008003344                HAL_RCC_GetHCLKFreq
 .text.HAL_RCCEx_PeriphCLKConfig
                0x0000000008003350      0x5fc build/stm32f7xx_hal_rcc_ex.o
                0x0000000008003350                HAL_RCCEx_PeriphCLKConfig
 .text.HAL_GPIO_Init
                0x000000000800394c      0x1e0 build/stm32f7xx_hal_gpio.o
                0x000000000800394c                HAL_GPIO_Init
 .text.HAL_GPIO_WritePin
                0x0000000008003b2c        0xc build/stm32f7xx_hal_gpio.o
                0x0000000008003b2c                HAL_GPIO_WritePin
 .text.HAL_PWREx_EnableOverDrive
                0x0000000008003b38       0x7c build/stm32f7xx_hal_pwr_ex.o
                0x0000000008003b38                HAL_PWREx_EnableOverDrive
 .text.HAL_NVIC_SetPriorityGrouping
                0x0000000008003bb4       0x24 build/stm32f7xx_hal_cortex.o
                0x0000000008003bb4                HAL_NVIC_SetPriorityGrouping
 .text.HAL_NVIC_SetPriority
                0x0000000008003bd8       0x64 build/stm32f7xx_hal_cortex.o
                0x0000000008003bd8                HAL_NVIC_SetPriority
 .text.HAL_NVIC_EnableIRQ
                0x0000000008003c3c       0x1c build/stm32f7xx_hal_cortex.o
                0x0000000008003c3c                HAL_NVIC_EnableIRQ
 .text.HAL_SYSTICK_Config
                0x0000000008003c58       0x2c build/stm32f7xx_hal_cortex.o
                0x0000000008003c58                HAL_SYSTICK_Config
 .text.HAL_InitTick
                0x0000000008003c84       0x4c build/stm32f7xx_hal.o
                0x0000000008003c84                HAL_InitTick
 .text.HAL_Init
                0x0000000008003cd0       0x16 build/stm32f7xx_hal.o
                0x0000000008003cd0                HAL_Init
 *fill*         0x0000000008003ce6        0x2 
 .text.HAL_IncTick
                0x0000000008003ce8       0x18 build/stm32f7xx_hal.o
                0x0000000008003ce8                HAL_IncTick
 .text.HAL_GetTick
                0x0000000008003d00        0xc build/stm32f7xx_hal.o
                0x0000000008003d00                HAL_GetTick
 .text.HAL_Delay
                0x0000000008003d0c       0x28 build/stm32f7xx_hal.o
                0x0000000008003d0c                HAL_Delay
 .text.SystemInit
                0x0000000008003d34       0x50 build/system_stm32f7xx.o
                0x0000000008003d34                SystemInit
 .text.USBD_Init
                0x0000000008003d84       0x38 build/usbd_core.o
                0x0000000008003d84                USBD_Init
 .text.USBD_RegisterClass
                0x0000000008003dbc       0x28 build/usbd_core.o
                0x0000000008003dbc                USBD_RegisterClass
 .text.USBD_Start
                0x0000000008003de4        0x8 build/usbd_core.o
                0x0000000008003de4                USBD_Start
 .text.USBD_SetClassConfig
                0x0000000008003dec       0x12 build/usbd_core.o
                0x0000000008003dec                USBD_SetClassConfig
 .text.USBD_ClrClassConfig
                0x0000000008003dfe       0x10 build/usbd_core.o
                0x0000000008003dfe                USBD_ClrClassConfig
 .text.USBD_LL_SetupStage
                0x0000000008003e0e       0x58 build/usbd_core.o
                0x0000000008003e0e                USBD_LL_SetupStage
 .text.USBD_LL_DataOutStage
                0x0000000008003e66       0x72 build/usbd_core.o
                0x0000000008003e66                USBD_LL_DataOutStage
 .text.USBD_LL_DataInStage
                0x0000000008003ed8       0xb8 build/usbd_core.o
                0x0000000008003ed8                USBD_LL_DataInStage
 .text.USBD_LL_Reset
                0x0000000008003f90       0x52 build/usbd_core.o
                0x0000000008003f90                USBD_LL_Reset
 .text.USBD_LL_SetSpeed
                0x0000000008003fe2        0x6 build/usbd_core.o
                0x0000000008003fe2                USBD_LL_SetSpeed
 .text.USBD_LL_Suspend
                0x0000000008003fe8       0x12 build/usbd_core.o
                0x0000000008003fe8                USBD_LL_Suspend
 .text.USBD_LL_Resume
                0x0000000008003ffa       0x16 build/usbd_core.o
                0x0000000008003ffa                USBD_LL_Resume
 .text.USBD_LL_SOF
                0x0000000008004010       0x1c build/usbd_core.o
                0x0000000008004010                USBD_LL_SOF
 .text.USBD_LL_IsoINIncomplete
                0x000000000800402c        0x4 build/usbd_core.o
                0x000000000800402c                USBD_LL_IsoINIncomplete
 .text.USBD_LL_IsoOUTIncomplete
                0x0000000008004030        0x4 build/usbd_core.o
                0x0000000008004030                USBD_LL_IsoOUTIncomplete
 .text.USBD_LL_DevConnected
                0x0000000008004034        0x4 build/usbd_core.o
                0x0000000008004034                USBD_LL_DevConnected
 .text.USBD_LL_DevDisconnected
                0x0000000008004038       0x18 build/usbd_core.o
                0x0000000008004038                USBD_LL_DevDisconnected
 .text.USBD_GetLen
                0x0000000008004050       0x12 build/usbd_ctlreq.o
 .text.USBD_SetFeature
                0x0000000008004062       0x14 build/usbd_ctlreq.o
 .text.USBD_ParseSetupRequest
                0x0000000008004076       0x28 build/usbd_ctlreq.o
                0x0000000008004076                USBD_ParseSetupRequest
 .text.USBD_CtlError
                0x000000000800409e       0x14 build/usbd_ctlreq.o
                0x000000000800409e                USBD_CtlError
 .text.USBD_GetDescriptor
                0x00000000080040b2      0x1ac build/usbd_ctlreq.o
 .text.USBD_SetAddress
                0x000000000800425e       0x4e build/usbd_ctlreq.o
 .text.USBD_SetConfig
                0x00000000080042ac       0xc4 build/usbd_ctlreq.o
 .text.USBD_GetConfig
                0x0000000008004370       0x3e build/usbd_ctlreq.o
 .text.USBD_GetStatus
                0x00000000080043ae       0x38 build/usbd_ctlreq.o
 .text.USBD_ClrFeature
                0x00000000080043e6       0x26 build/usbd_ctlreq.o
 .text.USBD_StdDevReq
                0x000000000800440c       0x70 build/usbd_ctlreq.o
                0x000000000800440c                USBD_StdDevReq
 .text.USBD_StdItfReq
                0x000000000800447c       0x68 build/usbd_ctlreq.o
                0x000000000800447c                USBD_StdItfReq
 .text.USBD_StdEPReq
                0x00000000080044e4      0x212 build/usbd_ctlreq.o
                0x00000000080044e4                USBD_StdEPReq
 .text.USBD_GetString
                0x00000000080046f6       0x36 build/usbd_ctlreq.o
                0x00000000080046f6                USBD_GetString
 .text.USBD_CtlSendData
                0x000000000800472c       0x1a build/usbd_ioreq.o
                0x000000000800472c                USBD_CtlSendData
 .text.USBD_CtlContinueSendData
                0x0000000008004746       0x10 build/usbd_ioreq.o
                0x0000000008004746                USBD_CtlContinueSendData
 .text.USBD_CtlPrepareRx
                0x0000000008004756       0x1e build/usbd_ioreq.o
                0x0000000008004756                USBD_CtlPrepareRx
 .text.USBD_CtlContinueRx
                0x0000000008004774       0x10 build/usbd_ioreq.o
                0x0000000008004774                USBD_CtlContinueRx
 .text.USBD_CtlSendStatus
                0x0000000008004784       0x16 build/usbd_ioreq.o
                0x0000000008004784                USBD_CtlSendStatus
 .text.USBD_CtlReceiveStatus
                0x000000000800479a       0x16 build/usbd_ioreq.o
                0x000000000800479a                USBD_CtlReceiveStatus
 .text.Reset_Handler
                0x00000000080047b0       0x50 build/startup_stm32f767xx.o
                0x00000000080047b0                Reset_Handler
 .text.Default_Handler
                0x0000000008004800        0x2 build/startup_stm32f767xx.o
                0x0000000008004800                RTC_Alarm_IRQHandler
                0x0000000008004800                EXTI2_IRQHandler
                0x0000000008004800                TIM8_CC_IRQHandler
                0x0000000008004800                UART8_IRQHandler
                0x0000000008004800                SPI4_IRQHandler
                0x0000000008004800                TIM1_CC_IRQHandler
                0x0000000008004800                DMA2_Stream5_IRQHandler
                0x0000000008004800                JPEG_IRQHandler
                0x0000000008004800                DMA1_Stream5_IRQHandler
                0x0000000008004800                CAN3_RX1_IRQHandler
                0x0000000008004800                PVD_IRQHandler
                0x0000000008004800                TAMP_STAMP_IRQHandler
                0x0000000008004800                CAN2_RX1_IRQHandler
                0x0000000008004800                EXTI3_IRQHandler
                0x0000000008004800                TIM8_TRG_COM_TIM14_IRQHandler
                0x0000000008004800                DFSDM1_FLT1_IRQHandler
                0x0000000008004800                TIM1_UP_TIM10_IRQHandler
                0x0000000008004800                TIM8_UP_TIM13_IRQHandler
                0x0000000008004800                I2C3_ER_IRQHandler
                0x0000000008004800                DFSDM1_FLT2_IRQHandler
                0x0000000008004800                EXTI0_IRQHandler
                0x0000000008004800                I2C2_EV_IRQHandler
                0x0000000008004800                DMA1_Stream2_IRQHandler
                0x0000000008004800                CAN1_RX0_IRQHandler
                0x0000000008004800                FPU_IRQHandler
                0x0000000008004800                OTG_HS_WKUP_IRQHandler
                0x0000000008004800                CAN3_SCE_IRQHandler
                0x0000000008004800                LTDC_ER_IRQHandler
                0x0000000008004800                CAN2_SCE_IRQHandler
                0x0000000008004800                DMA2_Stream2_IRQHandler
                0x0000000008004800                SPI1_IRQHandler
                0x0000000008004800                TIM6_DAC_IRQHandler
                0x0000000008004800                TIM1_BRK_TIM9_IRQHandler
                0x0000000008004800                DCMI_IRQHandler
                0x0000000008004800                CAN2_RX0_IRQHandler
                0x0000000008004800                DMA2_Stream3_IRQHandler
                0x0000000008004800                SAI2_IRQHandler
                0x0000000008004800                DFSDM1_FLT3_IRQHandler
                0x0000000008004800                USART6_IRQHandler
                0x0000000008004800                CAN3_RX0_IRQHandler
                0x0000000008004800                USART3_IRQHandler
                0x0000000008004800                CAN1_RX1_IRQHandler
                0x0000000008004800                UART5_IRQHandler
                0x0000000008004800                DMA2_Stream0_IRQHandler
                0x0000000008004800                TIM4_IRQHandler
                0x0000000008004800                QUADSPI_IRQHandler
                0x0000000008004800                I2C1_EV_IRQHandler
                0x0000000008004800                DMA1_Stream6_IRQHandler
                0x0000000008004800                DMA1_Stream1_IRQHandler
                0x0000000008004800                UART4_IRQHandler
                0x0000000008004800                TIM3_IRQHandler
                0x0000000008004800                RCC_IRQHandler
                0x0000000008004800                TIM8_BRK_TIM12_IRQHandler
                0x0000000008004800                Default_Handler
                0x0000000008004800                CEC_IRQHandler
                0x0000000008004800                EXTI15_10_IRQHandler
                0x0000000008004800                ADC_IRQHandler
                0x0000000008004800                DMA1_Stream7_IRQHandler
                0x0000000008004800                SPI5_IRQHandler
                0x0000000008004800                TIM7_IRQHandler
                0x0000000008004800                SDMMC1_IRQHandler
                0x0000000008004800                CAN2_TX_IRQHandler
                0x0000000008004800                TIM5_IRQHandler
                0x0000000008004800                DMA2_Stream7_IRQHandler
                0x0000000008004800                I2C3_EV_IRQHandler
                0x0000000008004800                EXTI9_5_IRQHandler
                0x0000000008004800                RTC_WKUP_IRQHandler
                0x0000000008004800                LTDC_IRQHandler
                0x0000000008004800                ETH_WKUP_IRQHandler
                0x0000000008004800                SPDIF_RX_IRQHandler
                0x0000000008004800                SPI2_IRQHandler
                0x0000000008004800                OTG_HS_EP1_IN_IRQHandler
                0x0000000008004800                DMA1_Stream0_IRQHandler
                0x0000000008004800                CAN1_TX_IRQHandler
                0x0000000008004800                EXTI4_IRQHandler
                0x0000000008004800                RNG_IRQHandler
                0x0000000008004800                ETH_IRQHandler
                0x0000000008004800                OTG_HS_EP1_OUT_IRQHandler
                0x0000000008004800                WWDG_IRQHandler
                0x0000000008004800                SPI6_IRQHandler
                0x0000000008004800                MDIOS_IRQHandler
                0x0000000008004800                I2C4_EV_IRQHandler
                0x0000000008004800                CAN3_TX_IRQHandler
                0x0000000008004800                TIM2_IRQHandler
                0x0000000008004800                OTG_FS_WKUP_IRQHandler
                0x0000000008004800                TIM1_TRG_COM_TIM11_IRQHandler
                0x0000000008004800                OTG_HS_IRQHandler
                0x0000000008004800                DMA2D_IRQHandler
                0x0000000008004800                EXTI1_IRQHandler
                0x0000000008004800                SDMMC2_IRQHandler
                0x0000000008004800                UART7_IRQHandler
                0x0000000008004800                USART2_IRQHandler
                0x0000000008004800                DFSDM1_FLT0_IRQHandler
                0x0000000008004800                I2C2_ER_IRQHandler
                0x0000000008004800                DMA2_Stream1_IRQHandler
                0x0000000008004800                CAN1_SCE_IRQHandler
                0x0000000008004800                FLASH_IRQHandler
                0x0000000008004800                DMA2_Stream4_IRQHandler
                0x0000000008004800                USART1_IRQHandler
                0x0000000008004800                SPI3_IRQHandler
                0x0000000008004800                DMA1_Stream4_IRQHandler
                0x0000000008004800                I2C1_ER_IRQHandler
                0x0000000008004800                FMC_IRQHandler
                0x0000000008004800                LPTIM1_IRQHandler
                0x0000000008004800                I2C4_ER_IRQHandler
                0x0000000008004800                DMA2_Stream6_IRQHandler
                0x0000000008004800                SAI1_IRQHandler
                0x0000000008004800                DMA1_Stream3_IRQHandler
 *(.glue_7)
 .glue_7        0x0000000008004802        0x0 linker stubs
 *(.glue_7t)
 .glue_7t       0x0000000008004802        0x0 linker stubs
 *(.eh_frame)
 *fill*         0x0000000008004802        0x2 
 .eh_frame      0x0000000008004804        0x0 /usr/lib/gcc/arm-none-eabi/9.2.1/thumb/v7e-m+dp/hard/crtbegin.o
 *(.init)
 .init          0x0000000008004804        0x4 /usr/lib/gcc/arm-none-eabi/9.2.1/thumb/v7e-m+dp/hard/crti.o
                0x0000000008004804                _init
 .init          0x0000000008004808        0x8 /usr/lib/gcc/arm-none-eabi/9.2.1/thumb/v7e-m+dp/hard/crtn.o
 *(.fini)
 .fini          0x0000000008004810        0x4 /usr/lib/gcc/arm-none-eabi/9.2.1/thumb/v7e-m+dp/hard/crti.o
                0x0000000008004810                _fini
 .fini          0x0000000008004814        0x8 /usr/lib/gcc/arm-none-eabi/9.2.1/thumb/v7e-m+dp/hard/crtn.o
                0x000000000800481c                . = ALIGN (0x4)
                0x000000000800481c                _etext = .

.vfp11_veneer   0x000000000800481c        0x0
 .vfp11_veneer  0x000000000800481c        0x0 linker stubs

.v4_bx          0x000000000800481c        0x0
 .v4_bx         0x000000000800481c        0x0 linker stubs

.iplt           0x000000000800481c        0x0
 .iplt          0x000000000800481c        0x0 /usr/lib/gcc/arm-none-eabi/9.2.1/thumb/v7e-m+dp/hard/crtbegin.o

.rodata         0x000000000800481c       0x58
                0x000000000800481c                . = ALIGN (0x4)
 *(.rodata)
 *(.rodata*)
 .rodata.USBD_FS_ProductStrDescriptor.str1.4
                0x000000000800481c       0x16 build/usbd_desc.o
 *fill*         0x0000000008004832        0x2 
 .rodata.USBD_FS_ManufacturerStrDescriptor.str1.4
                0x0000000008004834       0x13 build/usbd_desc.o
 *fill*         0x0000000008004847        0x1 
 .rodata.USBD_FS_ConfigStrDescriptor.str1.4
                0x0000000008004848        0xb build/usbd_desc.o
 *fill*         0x0000000008004853        0x1 
 .rodata.USBD_FS_InterfaceStrDescriptor.str1.4
                0x0000000008004854        0xe build/usbd_desc.o
 *fill*         0x0000000008004862        0x2 
 .rodata.AHBPrescTable
                0x0000000008004864       0x10 build/system_stm32f7xx.o
                0x0000000008004864                AHBPrescTable
                0x0000000008004874                . = ALIGN (0x4)

.ARM.extab
 *(.ARM.extab* .gnu.linkonce.armextab.*)

.ARM            0x0000000008004874        0x8
                0x0000000008004874                __exidx_start = .
 *(.ARM.exidx*)
 .ARM.exidx     0x0000000008004874        0x8 /usr/lib/gcc/arm-none-eabi/9.2.1/thumb/v7e-m+dp/hard/libgcc.a(_udivmoddi4.o)
                0x000000000800487c                __exidx_end = .

.rel.dyn        0x000000000800487c        0x0
 .rel.iplt      0x000000000800487c        0x0 /usr/lib/gcc/arm-none-eabi/9.2.1/thumb/v7e-m+dp/hard/crtbegin.o

.preinit_array  0x000000000800487c        0x0
                0x000000000800487c                PROVIDE (__preinit_array_start = .)
 *(.preinit_array*)
                0x000000000800487c                PROVIDE (__preinit_array_end = .)

.init_array     0x000000000800487c        0x4
                0x000000000800487c                PROVIDE (__init_array_start = .)
 *(SORT_BY_NAME(.init_array.*))
 *(.init_array*)
 .init_array    0x000000000800487c        0x4 /usr/lib/gcc/arm-none-eabi/9.2.1/thumb/v7e-m+dp/hard/crtbegin.o
                0x0000000008004880                PROVIDE (__init_array_end = .)

.fini_array     0x0000000008004880        0x4
                0x0000000008004880                PROVIDE (__fini_array_start = .)
 *(SORT_BY_NAME(.fini_array.*))
 *(.fini_array*)
 .fini_array    0x0000000008004880        0x4 /usr/lib/gcc/arm-none-eabi/9.2.1/thumb/v7e-m+dp/hard/crtbegin.o
                0x0000000008004884                PROVIDE (__fini_array_end = .)
                0x0000000008004884                _sidata = LOADADDR (.data)

.data           0x0000000020000000      0x1b8 load address 0x0000000008004884
                0x0000000020000000                . = ALIGN (0x4)
                0x0000000020000000                _sdata = .
 *(.data)
 .data          0x0000000020000000       0x64 /usr/lib/gcc/arm-none-eabi/9.2.1/../../../arm-none-eabi/lib/thumb/v7e-m+dp/hard/libc_nano.a(lib_a-impure.o)
                0x0000000020000000                _impure_ptr
 *(.data*)
 .data.FS_Desc  0x0000000020000064       0x20 build/usbd_desc.o
                0x0000000020000064                FS_Desc
 .data.USBD_FS_BOSDesc
                0x0000000020000084        0xc build/usbd_desc.o
                0x0000000020000084                USBD_FS_BOSDesc
 .data.USBD_FS_DeviceDesc
                0x0000000020000090       0x12 build/usbd_desc.o
                0x0000000020000090                USBD_FS_DeviceDesc
 *fill*         0x00000000200000a2        0x2 
 .data.USBD_LangIDDesc
                0x00000000200000a4        0x4 build/usbd_desc.o
                0x00000000200000a4                USBD_LangIDDesc
 .data.USBD_StringSerial
                0x00000000200000a8       0x1a build/usbd_desc.o
                0x00000000200000a8                USBD_StringSerial
 *fill*         0x00000000200000c2        0x2 
 .data.USBD_IAD
                0x00000000200000c4       0x38 build/usbd_iad.o
                0x00000000200000c4                USBD_IAD
 .data.USBD_IAD_CfgFSDesc
                0x00000000200000fc       0x8d build/usbd_iad.o
                0x00000000200000fc                USBD_IAD_CfgFSDesc
 *fill*         0x0000000020000189        0x3 
 .data.USBD_IAD_DeviceQualifierDesc
                0x000000002000018c        0xa build/usbd_iad.o
 *fill*         0x0000000020000196        0x2 
 .data.USBD_IAD_Interface_fops_FS
                0x0000000020000198       0x14 build/usbd_iad_if.o
                0x0000000020000198                USBD_IAD_Interface_fops_FS
 .data.uwTickFreq
                0x00000000200001ac        0x1 build/stm32f7xx_hal.o
                0x00000000200001ac                uwTickFreq
 *fill*         0x00000000200001ad        0x3 
 .data.uwTickPrio
                0x00000000200001b0        0x4 build/stm32f7xx_hal.o
                0x00000000200001b0                uwTickPrio
 .data.SystemCoreClock
                0x00000000200001b4        0x4 build/system_stm32f7xx.o
                0x00000000200001b4                SystemCoreClock
                0x00000000200001b8                . = ALIGN (0x4)
                0x00000000200001b8                _edata = .

.tm_clone_table
                0x00000000200001b8        0x0 load address 0x0000000008004a3c
 .tm_clone_table
                0x00000000200001b8        0x0 /usr/lib/gcc/arm-none-eabi/9.2.1/thumb/v7e-m+dp/hard/crtbegin.o
 .tm_clone_table
                0x00000000200001b8        0x0 /usr/lib/gcc/arm-none-eabi/9.2.1/thumb/v7e-m+dp/hard/crtend.o

.igot.plt       0x00000000200001b8        0x0 load address 0x0000000008004a3c
 .igot.plt      0x00000000200001b8        0x0 /usr/lib/gcc/arm-none-eabi/9.2.1/thumb/v7e-m+dp/hard/crtbegin.o
                0x00000000200001b8                . = ALIGN (0x4)

.bss            0x00000000200001b8     0x2914 load address 0x0000000008004a3c
                0x00000000200001b8                _sbss = .
                0x00000000200001b8                __bss_start__ = _sbss
 *(.bss)
 .bss           0x00000000200001b8       0x1c /usr/lib/gcc/arm-none-eabi/9.2.1/thumb/v7e-m+dp/hard/crtbegin.o
 .bss           0x00000000200001d4        0x8 /usr/lib/gcc/arm-none-eabi/9.2.1/../../../arm-none-eabi/lib/thumb/v7e-m+dp/hard/libc_nano.a(lib_a-nano-mallocr.o)
                0x00000000200001d4                __malloc_free_list
                0x00000000200001d8                __malloc_sbrk_start
 .bss           0x00000000200001dc        0x4 /usr/lib/gcc/arm-none-eabi/9.2.1/../../../arm-none-eabi/lib/thumb/v7e-m+dp/hard/libnosys.a(sbrk.o)
 *(.bss*)
 .bss.ifalt.10627
                0x00000000200001e0        0x1 build/usbd_iad.o
 .bss.cfgidx.10629
                0x00000000200001e1        0x1 build/usbd_ctlreq.o
 *(COMMON)
 *fill*         0x00000000200001e2        0x2 
 COMMON         0x00000000200001e4      0x2d4 build/usb_device.o
                0x00000000200001e4                hUsbDeviceFS
                0x00000000200004b4                SaveState
                0x00000000200004b6                wInterrupt_Mask
 COMMON         0x00000000200004b8      0x404 build/usbd_conf.o
                0x00000000200004b8                hpcd_USB_OTG_FS
 COMMON         0x00000000200008bc      0x200 build/usbd_desc.o
                0x00000000200008bc                USBD_StrDesc
 COMMON         0x0000000020000abc     0x2008 build/usbd_iad_if.o
                0x0000000020000abc                UserTxBufferFS2
                0x00000000200012bc                UserRxLenFS1
                0x00000000200012c0                UserTxBufferFS1
                0x0000000020001ac0                UserRxBufferFS1
                0x00000000200022c0                UserRxLenFS2
                0x00000000200022c4                UserRxBufferFS2
 COMMON         0x0000000020002ac4        0x4 build/stm32f7xx_hal.o
                0x0000000020002ac4                uwTick
 COMMON         0x0000000020002ac8        0x4 /usr/lib/gcc/arm-none-eabi/9.2.1/../../../arm-none-eabi/lib/thumb/v7e-m+dp/hard/libc_nano.a(lib_a-reent.o)
                0x0000000020002ac8                errno
                0x0000000020002acc                . = ALIGN (0x4)
                0x0000000020002acc                _ebss = .
                0x0000000020002acc                __bss_end__ = _ebss

._user_heap_stack
                0x0000000020002acc      0x604 load address 0x0000000008004a3c
                0x0000000020002ad0                . = ALIGN (0x8)
 *fill*         0x0000000020002acc        0x4 
                0x0000000020002ad0                PROVIDE (end = .)
                [!provide]                        PROVIDE (_end = .)
                0x0000000020002cd0                . = (. + _Min_Heap_Size)
 *fill*         0x0000000020002ad0      0x200 
                0x00000000200030d0                . = (. + _Min_Stack_Size)
 *fill*         0x0000000020002cd0      0x400 
                0x00000000200030d0                . = ALIGN (0x8)

/DISCARD/
 libc.a(*)
 libm.a(*)
 libgcc.a(*)

.ARM.attributes
                0x0000000000000000       0x2e
 *(.ARM.attributes)
 .ARM.attributes
                0x0000000000000000       0x1e /usr/lib/gcc/arm-none-eabi/9.2.1/thumb/v7e-m+dp/hard/crti.o
 .ARM.attributes
                0x000000000000001e       0x32 /usr/lib/gcc/arm-none-eabi/9.2.1/thumb/v7e-m+dp/hard/crtbegin.o
 .ARM.attributes
                0x0000000000000050       0x32 build/main.o
 .ARM.attributes
                0x0000000000000082       0x32 build/usb_device.o
 .ARM.attributes
                0x00000000000000b4       0x32 build/usbd_conf.o
 .ARM.attributes
                0x00000000000000e6       0x32 build/usbd_desc.o
 .ARM.attributes
                0x0000000000000118       0x32 build/usbd_iad.o
 .ARM.attributes
                0x000000000000014a       0x32 build/usbd_iad_if.o
 .ARM.attributes
                0x000000000000017c       0x32 build/stm32f7xx_it.o
 .ARM.attributes
                0x00000000000001ae       0x32 build/stm32f7xx_hal_msp.o
 .ARM.attributes
                0x00000000000001e0       0x32 build/stm32f7xx_hal_pcd.o
 .ARM.attributes
                0x0000000000000212       0x32 build/stm32f7xx_hal_pcd_ex.o
 .ARM.attributes
                0x0000000000000244       0x32 build/stm32f7xx_ll_usb.o
 .ARM.attributes
                0x0000000000000276       0x32 build/stm32f7xx_hal_rcc.o
 .ARM.attributes
                0x00000000000002a8       0x32 build/stm32f7xx_hal_rcc_ex.o
 .ARM.attributes
                0x00000000000002da       0x32 build/stm32f7xx_hal_gpio.o
 .ARM.attributes
                0x000000000000030c       0x32 build/stm32f7xx_hal_pwr_ex.o
 .ARM.attributes
                0x000000000000033e       0x32 build/stm32f7xx_hal_cortex.o
 .ARM.attributes
                0x0000000000000370       0x32 build/stm32f7xx_hal.o
 .ARM.attributes
                0x00000000000003a2       0x32 build/system_stm32f7xx.o
 .ARM.attributes
                0x00000000000003d4       0x32 build/usbd_core.o
 .ARM.attributes
                0x0000000000000406       0x32 build/usbd_ctlreq.o
 .ARM.attributes
                0x0000000000000438       0x32 build/usbd_ioreq.o
 .ARM.attributes
                0x000000000000046a       0x21 build/startup_stm32f767xx.o
 .ARM.attributes
                0x000000000000048b       0x30 /usr/lib/gcc/arm-none-eabi/9.2.1/../../../arm-none-eabi/lib/thumb/v7e-m+dp/hard/libc_nano.a(lib_a-impure.o)
 .ARM.attributes
                0x00000000000004bb       0x32 /usr/lib/gcc/arm-none-eabi/9.2.1/../../../arm-none-eabi/lib/thumb/v7e-m+dp/hard/libc_nano.a(lib_a-init.o)
 .ARM.attributes
                0x00000000000004ed       0x32 /usr/lib/gcc/arm-none-eabi/9.2.1/../../../arm-none-eabi/lib/thumb/v7e-m+dp/hard/libc_nano.a(lib_a-malloc.o)
 .ARM.attributes
                0x000000000000051f       0x1c /usr/lib/gcc/arm-none-eabi/9.2.1/../../../arm-none-eabi/lib/thumb/v7e-m+dp/hard/libc_nano.a(lib_a-memcpy.o)
 .ARM.attributes
                0x000000000000053b       0x32 /usr/lib/gcc/arm-none-eabi/9.2.1/../../../arm-none-eabi/lib/thumb/v7e-m+dp/hard/libc_nano.a(lib_a-memset.o)
 .ARM.attributes
                0x000000000000056d       0x32 /usr/lib/gcc/arm-none-eabi/9.2.1/../../../arm-none-eabi/lib/thumb/v7e-m+dp/hard/libc_nano.a(lib_a-nano-freer.o)
 .ARM.attributes
                0x000000000000059f       0x32 /usr/lib/gcc/arm-none-eabi/9.2.1/../../../arm-none-eabi/lib/thumb/v7e-m+dp/hard/libc_nano.a(lib_a-nano-mallocr.o)
 .ARM.attributes
                0x00000000000005d1       0x32 /usr/lib/gcc/arm-none-eabi/9.2.1/../../../arm-none-eabi/lib/thumb/v7e-m+dp/hard/libc_nano.a(lib_a-sbrkr.o)
 .ARM.attributes
                0x0000000000000603       0x32 /usr/lib/gcc/arm-none-eabi/9.2.1/../../../arm-none-eabi/lib/thumb/v7e-m+dp/hard/libc_nano.a(lib_a-mlock.o)
 .ARM.attributes
                0x0000000000000635       0x32 /usr/lib/gcc/arm-none-eabi/9.2.1/../../../arm-none-eabi/lib/thumb/v7e-m+dp/hard/libc_nano.a(lib_a-reent.o)
 .ARM.attributes
                0x0000000000000667       0x32 /usr/lib/gcc/arm-none-eabi/9.2.1/../../../arm-none-eabi/lib/thumb/v7e-m+dp/hard/libnosys.a(sbrk.o)
 .ARM.attributes
                0x0000000000000699       0x1e /usr/lib/gcc/arm-none-eabi/9.2.1/thumb/v7e-m+dp/hard/libgcc.a(_aeabi_uldivmod.o)
 .ARM.attributes
                0x00000000000006b7       0x32 /usr/lib/gcc/arm-none-eabi/9.2.1/thumb/v7e-m+dp/hard/libgcc.a(_udivmoddi4.o)
 .ARM.attributes
                0x00000000000006e9       0x1e /usr/lib/gcc/arm-none-eabi/9.2.1/thumb/v7e-m+dp/hard/libgcc.a(_dvmd_tls.o)
 .ARM.attributes
                0x0000000000000707       0x30 /usr/lib/gcc/arm-none-eabi/9.2.1/thumb/v7e-m+dp/hard/crtend.o
 .ARM.attributes
                0x0000000000000737       0x1e /usr/lib/gcc/arm-none-eabi/9.2.1/thumb/v7e-m+dp/hard/crtn.o
OUTPUT(build/stm32-usb-cdc1.elf elf32-littlearm)
LOAD linker stubs
LOAD /usr/lib/gcc/arm-none-eabi/9.2.1/../../../arm-none-eabi/lib/thumb/v7e-m+dp/hard/libc.a
LOAD /usr/lib/gcc/arm-none-eabi/9.2.1/../../../arm-none-eabi/lib/thumb/v7e-m+dp/hard/libm.a
LOAD /usr/lib/gcc/arm-none-eabi/9.2.1/thumb/v7e-m+dp/hard/libgcc.a

.comment        0x0000000000000000       0xa7
 .comment       0x0000000000000000       0x59 /usr/lib/gcc/arm-none-eabi/9.2.1/thumb/v7e-m+dp/hard/crtbegin.o
                                         0x5a (size before relaxing)
 .comment       0x0000000000000059       0x5a build/main.o
 .comment       0x0000000000000059       0x5a build/usb_device.o
 .comment       0x0000000000000059       0x5a build/usbd_conf.o
 .comment       0x0000000000000059       0x5a build/usbd_desc.o
 .comment       0x0000000000000059       0x5a build/usbd_iad.o
 .comment       0x0000000000000059       0x5a build/usbd_iad_if.o
 .comment       0x0000000000000059       0x5a build/stm32f7xx_it.o
 .comment       0x0000000000000059       0x5a build/stm32f7xx_hal_msp.o
 .comment       0x0000000000000059       0x5a build/stm32f7xx_hal_pcd.o
 .comment       0x0000000000000059       0x5a build/stm32f7xx_hal_pcd_ex.o
 .comment       0x0000000000000059       0x5a build/stm32f7xx_ll_usb.o
 .comment       0x0000000000000059       0x5a build/stm32f7xx_hal_rcc.o
 .comment       0x0000000000000059       0x5a build/stm32f7xx_hal_rcc_ex.o
 .comment       0x0000000000000059       0x5a build/stm32f7xx_hal_gpio.o
 .comment       0x0000000000000059       0x5a build/stm32f7xx_hal_pwr_ex.o
 .comment       0x0000000000000059       0x5a build/stm32f7xx_hal_cortex.o
 .comment       0x0000000000000059       0x5a build/stm32f7xx_hal.o
 .comment       0x0000000000000059       0x5a build/system_stm32f7xx.o
 .comment       0x0000000000000059       0x5a build/usbd_core.o
 .comment       0x0000000000000059       0x5a build/usbd_ctlreq.o
 .comment       0x0000000000000059       0x5a build/usbd_ioreq.o
 .comment       0x0000000000000059       0x4e /usr/lib/gcc/arm-none-eabi/9.2.1/../../../arm-none-eabi/lib/thumb/v7e-m+dp/hard/libc_nano.a(lib_a-impure.o)
                                         0x4f (size before relaxing)
 .comment       0x00000000000000a7       0x4f /usr/lib/gcc/arm-none-eabi/9.2.1/../../../arm-none-eabi/lib/thumb/v7e-m+dp/hard/libc_nano.a(lib_a-init.o)
 .comment       0x00000000000000a7       0x4f /usr/lib/gcc/arm-none-eabi/9.2.1/../../../arm-none-eabi/lib/thumb/v7e-m+dp/hard/libc_nano.a(lib_a-malloc.o)
 .comment       0x00000000000000a7       0x4f /usr/lib/gcc/arm-none-eabi/9.2.1/../../../arm-none-eabi/lib/thumb/v7e-m+dp/hard/libc_nano.a(lib_a-memset.o)
 .comment       0x00000000000000a7       0x4f /usr/lib/gcc/arm-none-eabi/9.2.1/../../../arm-none-eabi/lib/thumb/v7e-m+dp/hard/libc_nano.a(lib_a-nano-freer.o)
 .comment       0x00000000000000a7       0x4f /usr/lib/gcc/arm-none-eabi/9.2.1/../../../arm-none-eabi/lib/thumb/v7e-m+dp/hard/libc_nano.a(lib_a-nano-mallocr.o)
 .comment       0x00000000000000a7       0x4f /usr/lib/gcc/arm-none-eabi/9.2.1/../../../arm-none-eabi/lib/thumb/v7e-m+dp/hard/libc_nano.a(lib_a-sbrkr.o)
 .comment       0x00000000000000a7       0x4f /usr/lib/gcc/arm-none-eabi/9.2.1/../../../arm-none-eabi/lib/thumb/v7e-m+dp/hard/libc_nano.a(lib_a-mlock.o)
 .comment       0x00000000000000a7       0x4f /usr/lib/gcc/arm-none-eabi/9.2.1/../../../arm-none-eabi/lib/thumb/v7e-m+dp/hard/libc_nano.a(lib_a-reent.o)
 .comment       0x00000000000000a7       0x4f /usr/lib/gcc/arm-none-eabi/9.2.1/../../../arm-none-eabi/lib/thumb/v7e-m+dp/hard/libnosys.a(sbrk.o)
 .comment       0x00000000000000a7       0x5a /usr/lib/gcc/arm-none-eabi/9.2.1/thumb/v7e-m+dp/hard/libgcc.a(_udivmoddi4.o)
 .comment       0x00000000000000a7       0x5a /usr/lib/gcc/arm-none-eabi/9.2.1/thumb/v7e-m+dp/hard/crtend.o

.debug_info     0x0000000000000000    0x20528
 .debug_info    0x0000000000000000     0x1e4b build/main.o
 .debug_info    0x0000000000001e4b     0x11e8 build/usb_device.o
 .debug_info    0x0000000000003033     0x2f4b build/usbd_conf.o
 .debug_info    0x0000000000005f7e     0x1515 build/usbd_desc.o
 .debug_info    0x0000000000007493     0x1be0 build/usbd_iad.o
 .debug_info    0x0000000000009073     0x17d6 build/usbd_iad_if.o
 .debug_info    0x000000000000a849      0x7f0 build/stm32f7xx_it.o
 .debug_info    0x000000000000b039      0x3f4 build/stm32f7xx_hal_msp.o
 .debug_info    0x000000000000b42d     0x1c88 build/stm32f7xx_hal_pcd.o
 .debug_info    0x000000000000d0b5      0x925 build/stm32f7xx_hal_pcd_ex.o
 .debug_info    0x000000000000d9da     0x21cc build/stm32f7xx_ll_usb.o
 .debug_info    0x000000000000fba6      0xd39 build/stm32f7xx_hal_rcc.o
 .debug_info    0x00000000000108df      0xa45 build/stm32f7xx_hal_rcc_ex.o
 .debug_info    0x0000000000011324      0x93d build/stm32f7xx_hal_gpio.o
 .debug_info    0x0000000000011c61      0xbd9 build/stm32f7xx_hal_pwr_ex.o
 .debug_info    0x000000000001283a     0x14d8 build/stm32f7xx_hal_cortex.o
 .debug_info    0x0000000000013d12      0xc57 build/stm32f7xx_hal.o
 .debug_info    0x0000000000014969      0x868 build/system_stm32f7xx.o
 .debug_info    0x00000000000151d1     0x1994 build/usbd_core.o
 .debug_info    0x0000000000016b65     0x1e40 build/usbd_ctlreq.o
 .debug_info    0x00000000000189a5     0x1371 build/usbd_ioreq.o
 .debug_info    0x0000000000019d16       0x22 build/startup_stm32f767xx.o
 .debug_info    0x0000000000019d38      0x92a /usr/lib/gcc/arm-none-eabi/9.2.1/../../../arm-none-eabi/lib/thumb/v7e-m+dp/hard/libc_nano.a(lib_a-impure.o)
 .debug_info    0x000000000001a662      0x11a /usr/lib/gcc/arm-none-eabi/9.2.1/../../../arm-none-eabi/lib/thumb/v7e-m+dp/hard/libc_nano.a(lib_a-init.o)
 .debug_info    0x000000000001a77c      0x9b6 /usr/lib/gcc/arm-none-eabi/9.2.1/../../../arm-none-eabi/lib/thumb/v7e-m+dp/hard/libc_nano.a(lib_a-malloc.o)
 .debug_info    0x000000000001b132       0x26 /usr/lib/gcc/arm-none-eabi/9.2.1/../../../arm-none-eabi/lib/thumb/v7e-m+dp/hard/libc_nano.a(lib_a-memcpy.o)
 .debug_info    0x000000000001b158      0xf21 /usr/lib/gcc/arm-none-eabi/9.2.1/../../../arm-none-eabi/lib/thumb/v7e-m+dp/hard/libc_nano.a(lib_a-memset.o)
 .debug_info    0x000000000001c079      0xb85 /usr/lib/gcc/arm-none-eabi/9.2.1/../../../arm-none-eabi/lib/thumb/v7e-m+dp/hard/libc_nano.a(lib_a-nano-freer.o)
 .debug_info    0x000000000001cbfe      0xc5a /usr/lib/gcc/arm-none-eabi/9.2.1/../../../arm-none-eabi/lib/thumb/v7e-m+dp/hard/libc_nano.a(lib_a-nano-mallocr.o)
 .debug_info    0x000000000001d858      0x9fb /usr/lib/gcc/arm-none-eabi/9.2.1/../../../arm-none-eabi/lib/thumb/v7e-m+dp/hard/libc_nano.a(lib_a-sbrkr.o)
 .debug_info    0x000000000001e253      0x961 /usr/lib/gcc/arm-none-eabi/9.2.1/../../../arm-none-eabi/lib/thumb/v7e-m+dp/hard/libc_nano.a(lib_a-mlock.o)
 .debug_info    0x000000000001ebb4      0xb0f /usr/lib/gcc/arm-none-eabi/9.2.1/../../../arm-none-eabi/lib/thumb/v7e-m+dp/hard/libc_nano.a(lib_a-reent.o)
 .debug_info    0x000000000001f6c3       0x9d /usr/lib/gcc/arm-none-eabi/9.2.1/../../../arm-none-eabi/lib/thumb/v7e-m+dp/hard/libnosys.a(sbrk.o)
 .debug_info    0x000000000001f760       0x26 /usr/lib/gcc/arm-none-eabi/9.2.1/thumb/v7e-m+dp/hard/libgcc.a(_aeabi_uldivmod.o)
 .debug_info    0x000000000001f786      0xd7c /usr/lib/gcc/arm-none-eabi/9.2.1/thumb/v7e-m+dp/hard/libgcc.a(_udivmoddi4.o)
 .debug_info    0x0000000000020502       0x26 /usr/lib/gcc/arm-none-eabi/9.2.1/thumb/v7e-m+dp/hard/libgcc.a(_dvmd_tls.o)

.debug_abbrev   0x0000000000000000     0x4b40
 .debug_abbrev  0x0000000000000000      0x301 build/main.o
 .debug_abbrev  0x0000000000000301      0x248 build/usb_device.o
 .debug_abbrev  0x0000000000000549      0x371 build/usbd_conf.o
 .debug_abbrev  0x00000000000008ba      0x2ee build/usbd_desc.o
 .debug_abbrev  0x0000000000000ba8      0x38d build/usbd_iad.o
 .debug_abbrev  0x0000000000000f35      0x329 build/usbd_iad_if.o
 .debug_abbrev  0x000000000000125e      0x196 build/stm32f7xx_it.o
 .debug_abbrev  0x00000000000013f4      0x11c build/stm32f7xx_hal_msp.o
 .debug_abbrev  0x0000000000001510      0x2ef build/stm32f7xx_hal_pcd.o
 .debug_abbrev  0x00000000000017ff      0x1e1 build/stm32f7xx_hal_pcd_ex.o
 .debug_abbrev  0x00000000000019e0      0x335 build/stm32f7xx_ll_usb.o
 .debug_abbrev  0x0000000000001d15      0x2f5 build/stm32f7xx_hal_rcc.o
 .debug_abbrev  0x000000000000200a      0x203 build/stm32f7xx_hal_rcc_ex.o
 .debug_abbrev  0x000000000000220d      0x258 build/stm32f7xx_hal_gpio.o
 .debug_abbrev  0x0000000000002465      0x1de build/stm32f7xx_hal_pwr_ex.o
 .debug_abbrev  0x0000000000002643      0x3a8 build/stm32f7xx_hal_cortex.o
 .debug_abbrev  0x00000000000029eb      0x21c build/stm32f7xx_hal.o
 .debug_abbrev  0x0000000000002c07      0x159 build/system_stm32f7xx.o
 .debug_abbrev  0x0000000000002d60      0x331 build/usbd_core.o
 .debug_abbrev  0x0000000000003091      0x41c build/usbd_ctlreq.o
 .debug_abbrev  0x00000000000034ad      0x23a build/usbd_ioreq.o
 .debug_abbrev  0x00000000000036e7       0x12 build/startup_stm32f767xx.o
 .debug_abbrev  0x00000000000036f9      0x17a /usr/lib/gcc/arm-none-eabi/9.2.1/../../../arm-none-eabi/lib/thumb/v7e-m+dp/hard/libc_nano.a(lib_a-impure.o)
 .debug_abbrev  0x0000000000003873       0xcc /usr/lib/gcc/arm-none-eabi/9.2.1/../../../arm-none-eabi/lib/thumb/v7e-m+dp/hard/libc_nano.a(lib_a-init.o)
 .debug_abbrev  0x000000000000393f      0x1f2 /usr/lib/gcc/arm-none-eabi/9.2.1/../../../arm-none-eabi/lib/thumb/v7e-m+dp/hard/libc_nano.a(lib_a-malloc.o)
 .debug_abbrev  0x0000000000003b31       0x14 /usr/lib/gcc/arm-none-eabi/9.2.1/../../../arm-none-eabi/lib/thumb/v7e-m+dp/hard/libc_nano.a(lib_a-memcpy.o)
 .debug_abbrev  0x0000000000003b45      0x1d9 /usr/lib/gcc/arm-none-eabi/9.2.1/../../../arm-none-eabi/lib/thumb/v7e-m+dp/hard/libc_nano.a(lib_a-memset.o)
 .debug_abbrev  0x0000000000003d1e      0x286 /usr/lib/gcc/arm-none-eabi/9.2.1/../../../arm-none-eabi/lib/thumb/v7e-m+dp/hard/libc_nano.a(lib_a-nano-freer.o)
 .debug_abbrev  0x0000000000003fa4      0x2d1 /usr/lib/gcc/arm-none-eabi/9.2.1/../../../arm-none-eabi/lib/thumb/v7e-m+dp/hard/libc_nano.a(lib_a-nano-mallocr.o)
 .debug_abbrev  0x0000000000004275      0x212 /usr/lib/gcc/arm-none-eabi/9.2.1/../../../arm-none-eabi/lib/thumb/v7e-m+dp/hard/libc_nano.a(lib_a-sbrkr.o)
 .debug_abbrev  0x0000000000004487      0x1c5 /usr/lib/gcc/arm-none-eabi/9.2.1/../../../arm-none-eabi/lib/thumb/v7e-m+dp/hard/libc_nano.a(lib_a-mlock.o)
 .debug_abbrev  0x000000000000464c      0x268 /usr/lib/gcc/arm-none-eabi/9.2.1/../../../arm-none-eabi/lib/thumb/v7e-m+dp/hard/libc_nano.a(lib_a-reent.o)
 .debug_abbrev  0x00000000000048b4       0xa2 /usr/lib/gcc/arm-none-eabi/9.2.1/../../../arm-none-eabi/lib/thumb/v7e-m+dp/hard/libnosys.a(sbrk.o)
 .debug_abbrev  0x0000000000004956       0x14 /usr/lib/gcc/arm-none-eabi/9.2.1/thumb/v7e-m+dp/hard/libgcc.a(_aeabi_uldivmod.o)
 .debug_abbrev  0x000000000000496a      0x1c2 /usr/lib/gcc/arm-none-eabi/9.2.1/thumb/v7e-m+dp/hard/libgcc.a(_udivmoddi4.o)
 .debug_abbrev  0x0000000000004b2c       0x14 /usr/lib/gcc/arm-none-eabi/9.2.1/thumb/v7e-m+dp/hard/libgcc.a(_dvmd_tls.o)

.debug_loc      0x0000000000000000     0xcb69
 .debug_loc     0x0000000000000000       0xfa build/main.o
 .debug_loc     0x00000000000000fa       0x20 build/usb_device.o
 .debug_loc     0x000000000000011a     0x1020 build/usbd_conf.o
 .debug_loc     0x000000000000113a      0x4a0 build/usbd_desc.o
 .debug_loc     0x00000000000015da      0x911 build/usbd_iad.o
 .debug_loc     0x0000000000001eeb      0x4a6 build/usbd_iad_if.o
 .debug_loc     0x0000000000002391       0x40 build/stm32f7xx_it.o
 .debug_loc     0x00000000000023d1       0x2c build/stm32f7xx_hal_msp.o
 .debug_loc     0x00000000000023fd     0x1503 build/stm32f7xx_hal_pcd.o
 .debug_loc     0x0000000000003900      0x17b build/stm32f7xx_hal_pcd_ex.o
 .debug_loc     0x0000000000003a7b     0x2734 build/stm32f7xx_ll_usb.o
 .debug_loc     0x00000000000061af      0x7f0 build/stm32f7xx_hal_rcc.o
 .debug_loc     0x000000000000699f      0x98c build/stm32f7xx_hal_rcc_ex.o
 .debug_loc     0x000000000000732b      0x5dc build/stm32f7xx_hal_gpio.o
 .debug_loc     0x0000000000007907      0x3ca build/stm32f7xx_hal_pwr_ex.o
 .debug_loc     0x0000000000007cd1      0x7c4 build/stm32f7xx_hal_cortex.o
 .debug_loc     0x0000000000008495      0x1e1 build/stm32f7xx_hal.o
 .debug_loc     0x0000000000008676      0x198 build/system_stm32f7xx.o
 .debug_loc     0x000000000000880e      0xbdb build/usbd_core.o
 .debug_loc     0x00000000000093e9     0x18d0 build/usbd_ctlreq.o
 .debug_loc     0x000000000000acb9      0x398 build/usbd_ioreq.o
 .debug_loc     0x000000000000b051       0xba /usr/lib/gcc/arm-none-eabi/9.2.1/../../../arm-none-eabi/lib/thumb/v7e-m+dp/hard/libc_nano.a(lib_a-init.o)
 .debug_loc     0x000000000000b10b       0x64 /usr/lib/gcc/arm-none-eabi/9.2.1/../../../arm-none-eabi/lib/thumb/v7e-m+dp/hard/libc_nano.a(lib_a-malloc.o)
 .debug_loc     0x000000000000b16f      0x231 /usr/lib/gcc/arm-none-eabi/9.2.1/../../../arm-none-eabi/lib/thumb/v7e-m+dp/hard/libc_nano.a(lib_a-memset.o)
 .debug_loc     0x000000000000b3a0      0x211 /usr/lib/gcc/arm-none-eabi/9.2.1/../../../arm-none-eabi/lib/thumb/v7e-m+dp/hard/libc_nano.a(lib_a-nano-freer.o)
 .debug_loc     0x000000000000b5b1      0x437 /usr/lib/gcc/arm-none-eabi/9.2.1/../../../arm-none-eabi/lib/thumb/v7e-m+dp/hard/libc_nano.a(lib_a-nano-mallocr.o)
 .debug_loc     0x000000000000b9e8       0x6c /usr/lib/gcc/arm-none-eabi/9.2.1/../../../arm-none-eabi/lib/thumb/v7e-m+dp/hard/libc_nano.a(lib_a-sbrkr.o)
 .debug_loc     0x000000000000ba54      0x135 /usr/lib/gcc/arm-none-eabi/9.2.1/../../../arm-none-eabi/lib/thumb/v7e-m+dp/hard/libc_nano.a(lib_a-reent.o)
 .debug_loc     0x000000000000bb89       0x3e /usr/lib/gcc/arm-none-eabi/9.2.1/../../../arm-none-eabi/lib/thumb/v7e-m+dp/hard/libnosys.a(sbrk.o)
 .debug_loc     0x000000000000bbc7      0xfa2 /usr/lib/gcc/arm-none-eabi/9.2.1/thumb/v7e-m+dp/hard/libgcc.a(_udivmoddi4.o)

.debug_aranges  0x0000000000000000      0xd78
 .debug_aranges
                0x0000000000000000       0x38 build/main.o
 .debug_aranges
                0x0000000000000038       0x20 build/usb_device.o
 .debug_aranges
                0x0000000000000058      0x110 build/usbd_conf.o
 .debug_aranges
                0x0000000000000168       0x68 build/usbd_desc.o
 .debug_aranges
                0x00000000000001d0       0xa8 build/usbd_iad.o
 .debug_aranges
                0x0000000000000278       0x60 build/usbd_iad_if.o
 .debug_aranges
                0x00000000000002d8       0x68 build/stm32f7xx_it.o
 .debug_aranges
                0x0000000000000340       0x20 build/stm32f7xx_hal_msp.o
 .debug_aranges
                0x0000000000000360      0x138 build/stm32f7xx_hal_pcd.o
 .debug_aranges
                0x0000000000000498       0x48 build/stm32f7xx_hal_pcd_ex.o
 .debug_aranges
                0x00000000000004e0      0x198 build/stm32f7xx_ll_usb.o
 .debug_aranges
                0x0000000000000678       0x88 build/stm32f7xx_hal_rcc.o
 .debug_aranges
                0x0000000000000700       0x50 build/stm32f7xx_hal_rcc_ex.o
 .debug_aranges
                0x0000000000000750       0x58 build/stm32f7xx_hal_gpio.o
 .debug_aranges
                0x00000000000007a8       0x80 build/stm32f7xx_hal_pwr_ex.o
 .debug_aranges
                0x0000000000000828       0xa8 build/stm32f7xx_hal_cortex.o
 .debug_aranges
                0x00000000000008d0      0x110 build/stm32f7xx_hal.o
 .debug_aranges
                0x00000000000009e0       0x28 build/system_stm32f7xx.o
 .debug_aranges
                0x0000000000000a08       0xb8 build/usbd_core.o
 .debug_aranges
                0x0000000000000ac0       0x88 build/usbd_ctlreq.o
 .debug_aranges
                0x0000000000000b48       0x50 build/usbd_ioreq.o
 .debug_aranges
                0x0000000000000b98       0x28 build/startup_stm32f767xx.o
 .debug_aranges
                0x0000000000000bc0       0x18 /usr/lib/gcc/arm-none-eabi/9.2.1/../../../arm-none-eabi/lib/thumb/v7e-m+dp/hard/libc_nano.a(lib_a-impure.o)
 .debug_aranges
                0x0000000000000bd8       0x20 /usr/lib/gcc/arm-none-eabi/9.2.1/../../../arm-none-eabi/lib/thumb/v7e-m+dp/hard/libc_nano.a(lib_a-init.o)
 .debug_aranges
                0x0000000000000bf8       0x20 /usr/lib/gcc/arm-none-eabi/9.2.1/../../../arm-none-eabi/lib/thumb/v7e-m+dp/hard/libc_nano.a(lib_a-malloc.o)
 .debug_aranges
                0x0000000000000c18       0x20 /usr/lib/gcc/arm-none-eabi/9.2.1/../../../arm-none-eabi/lib/thumb/v7e-m+dp/hard/libc_nano.a(lib_a-memcpy.o)
 .debug_aranges
                0x0000000000000c38       0x20 /usr/lib/gcc/arm-none-eabi/9.2.1/../../../arm-none-eabi/lib/thumb/v7e-m+dp/hard/libc_nano.a(lib_a-memset.o)
 .debug_aranges
                0x0000000000000c58       0x20 /usr/lib/gcc/arm-none-eabi/9.2.1/../../../arm-none-eabi/lib/thumb/v7e-m+dp/hard/libc_nano.a(lib_a-nano-freer.o)
 .debug_aranges
                0x0000000000000c78       0x20 /usr/lib/gcc/arm-none-eabi/9.2.1/../../../arm-none-eabi/lib/thumb/v7e-m+dp/hard/libc_nano.a(lib_a-nano-mallocr.o)
 .debug_aranges
                0x0000000000000c98       0x20 /usr/lib/gcc/arm-none-eabi/9.2.1/../../../arm-none-eabi/lib/thumb/v7e-m+dp/hard/libc_nano.a(lib_a-sbrkr.o)
 .debug_aranges
                0x0000000000000cb8       0x20 /usr/lib/gcc/arm-none-eabi/9.2.1/../../../arm-none-eabi/lib/thumb/v7e-m+dp/hard/libc_nano.a(lib_a-mlock.o)
 .debug_aranges
                0x0000000000000cd8       0x20 /usr/lib/gcc/arm-none-eabi/9.2.1/../../../arm-none-eabi/lib/thumb/v7e-m+dp/hard/libc_nano.a(lib_a-reent.o)
 .debug_aranges
                0x0000000000000cf8       0x20 /usr/lib/gcc/arm-none-eabi/9.2.1/../../../arm-none-eabi/lib/thumb/v7e-m+dp/hard/libnosys.a(sbrk.o)
 .debug_aranges
                0x0000000000000d18       0x20 /usr/lib/gcc/arm-none-eabi/9.2.1/thumb/v7e-m+dp/hard/libgcc.a(_aeabi_uldivmod.o)
 .debug_aranges
                0x0000000000000d38       0x20 /usr/lib/gcc/arm-none-eabi/9.2.1/thumb/v7e-m+dp/hard/libgcc.a(_udivmoddi4.o)
 .debug_aranges
                0x0000000000000d58       0x20 /usr/lib/gcc/arm-none-eabi/9.2.1/thumb/v7e-m+dp/hard/libgcc.a(_dvmd_tls.o)

.debug_ranges   0x0000000000000000      0xbf8
 .debug_ranges  0x0000000000000000       0x28 build/main.o
 .debug_ranges  0x0000000000000028       0x10 build/usb_device.o
 .debug_ranges  0x0000000000000038      0x100 build/usbd_conf.o
 .debug_ranges  0x0000000000000138       0x58 build/usbd_desc.o
 .debug_ranges  0x0000000000000190       0xb0 build/usbd_iad.o
 .debug_ranges  0x0000000000000240       0x50 build/usbd_iad_if.o
 .debug_ranges  0x0000000000000290       0x58 build/stm32f7xx_it.o
 .debug_ranges  0x00000000000002e8       0x10 build/stm32f7xx_hal_msp.o
 .debug_ranges  0x00000000000002f8      0x128 build/stm32f7xx_hal_pcd.o
 .debug_ranges  0x0000000000000420       0x38 build/stm32f7xx_hal_pcd_ex.o
 .debug_ranges  0x0000000000000458      0x188 build/stm32f7xx_ll_usb.o
 .debug_ranges  0x00000000000005e0       0x78 build/stm32f7xx_hal_rcc.o
 .debug_ranges  0x0000000000000658       0x40 build/stm32f7xx_hal_rcc_ex.o
 .debug_ranges  0x0000000000000698       0x48 build/stm32f7xx_hal_gpio.o
 .debug_ranges  0x00000000000006e0       0x70 build/stm32f7xx_hal_pwr_ex.o
 .debug_ranges  0x0000000000000750       0xf8 build/stm32f7xx_hal_cortex.o
 .debug_ranges  0x0000000000000848      0x100 build/stm32f7xx_hal.o
 .debug_ranges  0x0000000000000948       0x18 build/system_stm32f7xx.o
 .debug_ranges  0x0000000000000960       0xa8 build/usbd_core.o
 .debug_ranges  0x0000000000000a08       0x78 build/usbd_ctlreq.o
 .debug_ranges  0x0000000000000a80       0x40 build/usbd_ioreq.o
 .debug_ranges  0x0000000000000ac0       0x20 build/startup_stm32f767xx.o
 .debug_ranges  0x0000000000000ae0       0x18 /usr/lib/gcc/arm-none-eabi/9.2.1/../../../arm-none-eabi/lib/thumb/v7e-m+dp/hard/libc_nano.a(lib_a-nano-freer.o)
 .debug_ranges  0x0000000000000af8       0x38 /usr/lib/gcc/arm-none-eabi/9.2.1/../../../arm-none-eabi/lib/thumb/v7e-m+dp/hard/libc_nano.a(lib_a-nano-mallocr.o)
 .debug_ranges  0x0000000000000b30       0xc8 /usr/lib/gcc/arm-none-eabi/9.2.1/thumb/v7e-m+dp/hard/libgcc.a(_udivmoddi4.o)

.debug_line     0x0000000000000000     0xb913
 .debug_line    0x0000000000000000      0x5bd build/main.o
 .debug_line    0x00000000000005bd      0x240 build/usb_device.o
 .debug_line    0x00000000000007fd      0x873 build/usbd_conf.o
 .debug_line    0x0000000000001070      0x42b build/usbd_desc.o
 .debug_line    0x000000000000149b      0x70c build/usbd_iad.o
 .debug_line    0x0000000000001ba7      0x479 build/usbd_iad_if.o
 .debug_line    0x0000000000002020      0x267 build/stm32f7xx_it.o
 .debug_line    0x0000000000002287      0x13a build/stm32f7xx_hal_msp.o
 .debug_line    0x00000000000023c1     0x1300 build/stm32f7xx_hal_pcd.o
 .debug_line    0x00000000000036c1      0x2fc build/stm32f7xx_hal_pcd_ex.o
 .debug_line    0x00000000000039bd     0x1af5 build/stm32f7xx_ll_usb.o
 .debug_line    0x00000000000054b2      0xc6f build/stm32f7xx_hal_rcc.o
 .debug_line    0x0000000000006121      0xbcd build/stm32f7xx_hal_rcc_ex.o
 .debug_line    0x0000000000006cee      0x69e build/stm32f7xx_hal_gpio.o
 .debug_line    0x000000000000738c      0x4e8 build/stm32f7xx_hal_pwr_ex.o
 .debug_line    0x0000000000007874      0x717 build/stm32f7xx_hal_cortex.o
 .debug_line    0x0000000000007f8b      0x535 build/stm32f7xx_hal.o
 .debug_line    0x00000000000084c0      0x22d build/system_stm32f7xx.o
 .debug_line    0x00000000000086ed      0x86c build/usbd_core.o
 .debug_line    0x0000000000008f59      0xd57 build/usbd_ctlreq.o
 .debug_line    0x0000000000009cb0      0x34e build/usbd_ioreq.o
 .debug_line    0x0000000000009ffe       0x76 build/startup_stm32f767xx.o
 .debug_line    0x000000000000a074       0xe3 /usr/lib/gcc/arm-none-eabi/9.2.1/../../../arm-none-eabi/lib/thumb/v7e-m+dp/hard/libc_nano.a(lib_a-impure.o)
 .debug_line    0x000000000000a157      0x10d /usr/lib/gcc/arm-none-eabi/9.2.1/../../../arm-none-eabi/lib/thumb/v7e-m+dp/hard/libc_nano.a(lib_a-init.o)
 .debug_line    0x000000000000a264      0x15e /usr/lib/gcc/arm-none-eabi/9.2.1/../../../arm-none-eabi/lib/thumb/v7e-m+dp/hard/libc_nano.a(lib_a-malloc.o)
 .debug_line    0x000000000000a3c2       0xbe /usr/lib/gcc/arm-none-eabi/9.2.1/../../../arm-none-eabi/lib/thumb/v7e-m+dp/hard/libc_nano.a(lib_a-memcpy.o)
 .debug_line    0x000000000000a480      0x26b /usr/lib/gcc/arm-none-eabi/9.2.1/../../../arm-none-eabi/lib/thumb/v7e-m+dp/hard/libc_nano.a(lib_a-memset.o)
 .debug_line    0x000000000000a6eb      0x2af /usr/lib/gcc/arm-none-eabi/9.2.1/../../../arm-none-eabi/lib/thumb/v7e-m+dp/hard/libc_nano.a(lib_a-nano-freer.o)
 .debug_line    0x000000000000a99a      0x2f2 /usr/lib/gcc/arm-none-eabi/9.2.1/../../../arm-none-eabi/lib/thumb/v7e-m+dp/hard/libc_nano.a(lib_a-nano-mallocr.o)
 .debug_line    0x000000000000ac8c      0x182 /usr/lib/gcc/arm-none-eabi/9.2.1/../../../arm-none-eabi/lib/thumb/v7e-m+dp/hard/libc_nano.a(lib_a-sbrkr.o)
 .debug_line    0x000000000000ae0e      0x13d /usr/lib/gcc/arm-none-eabi/9.2.1/../../../arm-none-eabi/lib/thumb/v7e-m+dp/hard/libc_nano.a(lib_a-mlock.o)
 .debug_line    0x000000000000af4b      0x275 /usr/lib/gcc/arm-none-eabi/9.2.1/../../../arm-none-eabi/lib/thumb/v7e-m+dp/hard/libc_nano.a(lib_a-reent.o)
 .debug_line    0x000000000000b1c0       0x79 /usr/lib/gcc/arm-none-eabi/9.2.1/../../../arm-none-eabi/lib/thumb/v7e-m+dp/hard/libnosys.a(sbrk.o)
 .debug_line    0x000000000000b239       0x60 /usr/lib/gcc/arm-none-eabi/9.2.1/thumb/v7e-m+dp/hard/libgcc.a(_aeabi_uldivmod.o)
 .debug_line    0x000000000000b299      0x61a /usr/lib/gcc/arm-none-eabi/9.2.1/thumb/v7e-m+dp/hard/libgcc.a(_udivmoddi4.o)
 .debug_line    0x000000000000b8b3       0x60 /usr/lib/gcc/arm-none-eabi/9.2.1/thumb/v7e-m+dp/hard/libgcc.a(_dvmd_tls.o)

.debug_str      0x0000000000000000     0x5e61
 .debug_str     0x0000000000000000     0x1041 build/main.o
                                       0x11c1 (size before relaxing)
 .debug_str     0x0000000000001041       0xa9 build/usb_device.o
                                        0xb34 (size before relaxing)
 .debug_str     0x00000000000010ea     0x1068 build/usbd_conf.o
                                       0x1ca1 (size before relaxing)
 .debug_str     0x0000000000002152      0x19b build/usbd_desc.o
                                        0xbd7 (size before relaxing)
 .debug_str     0x00000000000022ed      0x282 build/usbd_iad.o
                                        0xdeb (size before relaxing)
 .debug_str     0x000000000000256f       0xdd build/usbd_iad_if.o
                                        0xd82 (size before relaxing)
 .debug_str     0x000000000000264c       0xd4 build/stm32f7xx_it.o
                                        0x6d5 (size before relaxing)
 .debug_str     0x0000000000002720       0x24 build/stm32f7xx_hal_msp.o
                                        0x38d (size before relaxing)
 .debug_str     0x0000000000002744      0x574 build/stm32f7xx_hal_pcd.o
                                        0xe39 (size before relaxing)
 .debug_str     0x0000000000002cb8      0x12a build/stm32f7xx_hal_pcd_ex.o
                                        0x7ee (size before relaxing)
 .debug_str     0x0000000000002de2      0x439 build/stm32f7xx_ll_usb.o
                                        0xd3e (size before relaxing)
 .debug_str     0x000000000000321b      0x1d8 build/stm32f7xx_hal_rcc.o
                                        0x781 (size before relaxing)
 .debug_str     0x00000000000033f3      0x14c build/stm32f7xx_hal_rcc_ex.o
                                        0x7e1 (size before relaxing)
 .debug_str     0x000000000000353f      0x103 build/stm32f7xx_hal_gpio.o
                                        0x59a (size before relaxing)
 .debug_str     0x0000000000003642      0x1d3 build/stm32f7xx_hal_pwr_ex.o
                                        0x6f4 (size before relaxing)
 .debug_str     0x0000000000003815      0x47e build/stm32f7xx_hal_cortex.o
                                        0xee1 (size before relaxing)
 .debug_str     0x0000000000003c93      0x293 build/stm32f7xx_hal.o
                                        0xd5a (size before relaxing)
 .debug_str     0x0000000000003f26       0x42 build/system_stm32f7xx.o
                                        0x4d2 (size before relaxing)
 .debug_str     0x0000000000003f68      0x137 build/usbd_core.o
                                        0xd2e (size before relaxing)
 .debug_str     0x000000000000409f       0xf8 build/usbd_ctlreq.o
                                        0xc80 (size before relaxing)
 .debug_str     0x0000000000004197       0x4e build/usbd_ioreq.o
                                        0xb75 (size before relaxing)
 .debug_str     0x00000000000041e5       0x22 build/startup_stm32f767xx.o
                                         0x41 (size before relaxing)
 .debug_str     0x0000000000004207      0x1ad /usr/lib/gcc/arm-none-eabi/9.2.1/../../../arm-none-eabi/lib/thumb/v7e-m+dp/hard/libc_nano.a(lib_a-impure.o)
                                        0x5e5 (size before relaxing)
 .debug_str     0x00000000000043b4       0xf6 /usr/lib/gcc/arm-none-eabi/9.2.1/../../../arm-none-eabi/lib/thumb/v7e-m+dp/hard/libc_nano.a(lib_a-init.o)
                                        0x22c (size before relaxing)
 .debug_str     0x00000000000044aa       0xb4 /usr/lib/gcc/arm-none-eabi/9.2.1/../../../arm-none-eabi/lib/thumb/v7e-m+dp/hard/libc_nano.a(lib_a-malloc.o)
                                        0x616 (size before relaxing)
 .debug_str     0x000000000000455e       0xaa /usr/lib/gcc/arm-none-eabi/9.2.1/../../../arm-none-eabi/lib/thumb/v7e-m+dp/hard/libc_nano.a(lib_a-memcpy.o)
                                         0xb6 (size before relaxing)
 .debug_str     0x0000000000004608      0x315 /usr/lib/gcc/arm-none-eabi/9.2.1/../../../arm-none-eabi/lib/thumb/v7e-m+dp/hard/libc_nano.a(lib_a-memset.o)
                                        0x912 (size before relaxing)
 .debug_str     0x000000000000491d      0x137 /usr/lib/gcc/arm-none-eabi/9.2.1/../../../arm-none-eabi/lib/thumb/v7e-m+dp/hard/libc_nano.a(lib_a-nano-freer.o)
                                        0x715 (size before relaxing)
 .debug_str     0x0000000000004a54       0x32 /usr/lib/gcc/arm-none-eabi/9.2.1/../../../arm-none-eabi/lib/thumb/v7e-m+dp/hard/libc_nano.a(lib_a-nano-mallocr.o)
                                        0x72c (size before relaxing)
 .debug_str     0x0000000000004a86       0x6d /usr/lib/gcc/arm-none-eabi/9.2.1/../../../arm-none-eabi/lib/thumb/v7e-m+dp/hard/libc_nano.a(lib_a-sbrkr.o)
                                        0x628 (size before relaxing)
 .debug_str     0x0000000000004af3       0x4c /usr/lib/gcc/arm-none-eabi/9.2.1/../../../arm-none-eabi/lib/thumb/v7e-m+dp/hard/libc_nano.a(lib_a-mlock.o)
                                        0x611 (size before relaxing)
 .debug_str     0x0000000000004b3f       0x5e /usr/lib/gcc/arm-none-eabi/9.2.1/../../../arm-none-eabi/lib/thumb/v7e-m+dp/hard/libc_nano.a(lib_a-reent.o)
                                        0x621 (size before relaxing)
 .debug_str     0x0000000000004b9d      0x119 /usr/lib/gcc/arm-none-eabi/9.2.1/../../../arm-none-eabi/lib/thumb/v7e-m+dp/hard/libnosys.a(sbrk.o)
                                        0x132 (size before relaxing)
 .debug_str     0x0000000000004cb6       0x97 /usr/lib/gcc/arm-none-eabi/9.2.1/thumb/v7e-m+dp/hard/libgcc.a(_aeabi_uldivmod.o)
                                         0xa3 (size before relaxing)
 .debug_str     0x0000000000004d4d     0x10e4 /usr/lib/gcc/arm-none-eabi/9.2.1/thumb/v7e-m+dp/hard/libgcc.a(_udivmoddi4.o)
                                       0x11e9 (size before relaxing)
 .debug_str     0x0000000000005e31       0x30 /usr/lib/gcc/arm-none-eabi/9.2.1/thumb/v7e-m+dp/hard/libgcc.a(_dvmd_tls.o)
                                         0xa7 (size before relaxing)

.debug_frame    0x0000000000000000     0x1f0c
 .debug_frame   0x0000000000000000       0x8c build/main.o
 .debug_frame   0x000000000000008c       0x28 build/usb_device.o
 .debug_frame   0x00000000000000b4      0x2f4 build/usbd_conf.o
 .debug_frame   0x00000000000003a8       0xf0 build/usbd_desc.o
 .debug_frame   0x0000000000000498      0x194 build/usbd_iad.o
 .debug_frame   0x000000000000062c       0xec build/usbd_iad_if.o
 .debug_frame   0x0000000000000718       0xc0 build/stm32f7xx_it.o
 .debug_frame   0x00000000000007d8       0x28 build/stm32f7xx_hal_msp.o
 .debug_frame   0x0000000000000800      0x374 build/stm32f7xx_hal_pcd.o
 .debug_frame   0x0000000000000b74       0x7c build/stm32f7xx_hal_pcd_ex.o
 .debug_frame   0x0000000000000bf0      0x490 build/stm32f7xx_ll_usb.o
 .debug_frame   0x0000000000001080      0x180 build/stm32f7xx_hal_rcc.o
 .debug_frame   0x0000000000001200       0xcc build/stm32f7xx_hal_rcc_ex.o
 .debug_frame   0x00000000000012cc       0xd8 build/stm32f7xx_hal_gpio.o
 .debug_frame   0x00000000000013a4      0x134 build/stm32f7xx_hal_pwr_ex.o
 .debug_frame   0x00000000000014d8      0x15c build/stm32f7xx_hal_cortex.o
 .debug_frame   0x0000000000001634      0x22c build/stm32f7xx_hal.o
 .debug_frame   0x0000000000001860       0x3c build/system_stm32f7xx.o
 .debug_frame   0x000000000000189c      0x1d4 build/usbd_core.o
 .debug_frame   0x0000000000001a70      0x180 build/usbd_ctlreq.o
 .debug_frame   0x0000000000001bf0       0xb8 build/usbd_ioreq.o
 .debug_frame   0x0000000000001ca8       0x2c /usr/lib/gcc/arm-none-eabi/9.2.1/../../../arm-none-eabi/lib/thumb/v7e-m+dp/hard/libc_nano.a(lib_a-init.o)
 .debug_frame   0x0000000000001cd4       0x30 /usr/lib/gcc/arm-none-eabi/9.2.1/../../../arm-none-eabi/lib/thumb/v7e-m+dp/hard/libc_nano.a(lib_a-malloc.o)
 .debug_frame   0x0000000000001d04       0x38 /usr/lib/gcc/arm-none-eabi/9.2.1/../../../arm-none-eabi/lib/thumb/v7e-m+dp/hard/libc_nano.a(lib_a-memset.o)
 .debug_frame   0x0000000000001d3c       0x58 /usr/lib/gcc/arm-none-eabi/9.2.1/../../../arm-none-eabi/lib/thumb/v7e-m+dp/hard/libc_nano.a(lib_a-nano-freer.o)
 .debug_frame   0x0000000000001d94       0x30 /usr/lib/gcc/arm-none-eabi/9.2.1/../../../arm-none-eabi/lib/thumb/v7e-m+dp/hard/libc_nano.a(lib_a-nano-mallocr.o)
 .debug_frame   0x0000000000001dc4       0x2c /usr/lib/gcc/arm-none-eabi/9.2.1/../../../arm-none-eabi/lib/thumb/v7e-m+dp/hard/libc_nano.a(lib_a-sbrkr.o)
 .debug_frame   0x0000000000001df0       0x30 /usr/lib/gcc/arm-none-eabi/9.2.1/../../../arm-none-eabi/lib/thumb/v7e-m+dp/hard/libc_nano.a(lib_a-mlock.o)
 .debug_frame   0x0000000000001e20       0x6c /usr/lib/gcc/arm-none-eabi/9.2.1/../../../arm-none-eabi/lib/thumb/v7e-m+dp/hard/libc_nano.a(lib_a-reent.o)
 .debug_frame   0x0000000000001e8c       0x20 /usr/lib/gcc/arm-none-eabi/9.2.1/../../../arm-none-eabi/lib/thumb/v7e-m+dp/hard/libnosys.a(sbrk.o)
 .debug_frame   0x0000000000001eac       0x2c /usr/lib/gcc/arm-none-eabi/9.2.1/thumb/v7e-m+dp/hard/libgcc.a(_aeabi_uldivmod.o)
 .debug_frame   0x0000000000001ed8       0x34 /usr/lib/gcc/arm-none-eabi/9.2.1/thumb/v7e-m+dp/hard/libgcc.a(_udivmoddi4.o)

Cross Reference Table

Symbol                                            File
ADC_IRQHandler                                    build/startup_stm32f767xx.o
AHBPrescTable                                     build/system_stm32f7xx.o
                                                  build/stm32f7xx_hal_rcc.o
APBPrescTable                                     build/system_stm32f7xx.o
                                                  build/stm32f7xx_hal_rcc.o
BusFault_Handler                                  build/stm32f7xx_it.o
CAN1_RX0_IRQHandler                               build/startup_stm32f767xx.o
CAN1_RX1_IRQHandler                               build/startup_stm32f767xx.o
CAN1_SCE_IRQHandler                               build/startup_stm32f767xx.o
CAN1_TX_IRQHandler                                build/startup_stm32f767xx.o
CAN2_RX0_IRQHandler                               build/startup_stm32f767xx.o
CAN2_RX1_IRQHandler                               build/startup_stm32f767xx.o
CAN2_SCE_IRQHandler                               build/startup_stm32f767xx.o
CAN2_TX_IRQHandler                                build/startup_stm32f767xx.o
CAN3_RX0_IRQHandler                               build/startup_stm32f767xx.o
CAN3_RX1_IRQHandler                               build/startup_stm32f767xx.o
CAN3_SCE_IRQHandler                               build/startup_stm32f767xx.o
CAN3_TX_IRQHandler                                build/startup_stm32f767xx.o
CDC_Receive_VCP1_FS                               build/usbd_iad_if.o
                                                  build/main.o
CDC_Receive_VCP2_FS                               build/usbd_iad_if.o
                                                  build/main.o
CEC_IRQHandler                                    build/startup_stm32f767xx.o
DCMI_IRQHandler                                   build/startup_stm32f767xx.o
DFSDM1_FLT0_IRQHandler                            build/startup_stm32f767xx.o
DFSDM1_FLT1_IRQHandler                            build/startup_stm32f767xx.o
DFSDM1_FLT2_IRQHandler                            build/startup_stm32f767xx.o
DFSDM1_FLT3_IRQHandler                            build/startup_stm32f767xx.o
DMA1_Stream0_IRQHandler                           build/startup_stm32f767xx.o
DMA1_Stream1_IRQHandler                           build/startup_stm32f767xx.o
DMA1_Stream2_IRQHandler                           build/startup_stm32f767xx.o
DMA1_Stream3_IRQHandler                           build/startup_stm32f767xx.o
DMA1_Stream4_IRQHandler                           build/startup_stm32f767xx.o
DMA1_Stream5_IRQHandler                           build/startup_stm32f767xx.o
DMA1_Stream6_IRQHandler                           build/startup_stm32f767xx.o
DMA1_Stream7_IRQHandler                           build/startup_stm32f767xx.o
DMA2D_IRQHandler                                  build/startup_stm32f767xx.o
DMA2_Stream0_IRQHandler                           build/startup_stm32f767xx.o
DMA2_Stream1_IRQHandler                           build/startup_stm32f767xx.o
DMA2_Stream2_IRQHandler                           build/startup_stm32f767xx.o
DMA2_Stream3_IRQHandler                           build/startup_stm32f767xx.o
DMA2_Stream4_IRQHandler                           build/startup_stm32f767xx.o
DMA2_Stream5_IRQHandler                           build/startup_stm32f767xx.o
DMA2_Stream6_IRQHandler                           build/startup_stm32f767xx.o
DMA2_Stream7_IRQHandler                           build/startup_stm32f767xx.o
DebugMon_Handler                                  build/stm32f7xx_it.o
Default_Handler                                   build/startup_stm32f767xx.o
ETH_IRQHandler                                    build/startup_stm32f767xx.o
ETH_WKUP_IRQHandler                               build/startup_stm32f767xx.o
EXTI0_IRQHandler                                  build/startup_stm32f767xx.o
EXTI15_10_IRQHandler                              build/startup_stm32f767xx.o
EXTI1_IRQHandler                                  build/startup_stm32f767xx.o
EXTI2_IRQHandler                                  build/startup_stm32f767xx.o
EXTI3_IRQHandler                                  build/startup_stm32f767xx.o
EXTI4_IRQHandler                                  build/startup_stm32f767xx.o
EXTI9_5_IRQHandler                                build/startup_stm32f767xx.o
Error_Handler                                     build/main.o
                                                  build/usbd_conf.o
FLASH_Erase_Sector                                build/stm32f7xx_hal_flash_ex.o
                                                  build/stm32f7xx_hal_flash.o
FLASH_IRQHandler                                  build/startup_stm32f767xx.o
FLASH_WaitForLastOperation                        build/stm32f7xx_hal_flash.o
                                                  build/stm32f7xx_hal_flash_ex.o
FMC_IRQHandler                                    build/startup_stm32f767xx.o
FPU_IRQHandler                                    build/startup_stm32f767xx.o
FS_Desc                                           build/usbd_desc.o
                                                  build/usb_device.o
HAL_DBGMCU_DisableDBGSleepMode                    build/stm32f7xx_hal.o
HAL_DBGMCU_DisableDBGStandbyMode                  build/stm32f7xx_hal.o
HAL_DBGMCU_DisableDBGStopMode                     build/stm32f7xx_hal.o